
Before deleting alignment gaps
     20    543

Dendropemon                     ACT GAG CTG TGG AAG ATA TAC AGT TTT GCG GAG TTG GGT GAG AAG CTG AGG AAG CTG AGG CCT GAG GGG TTC TCG CTT GGT GAG TTG AAT GAG CGG CTC GTC AAG TTG AGG GAG CTC GAG CAG AAG GAA TTT TTG AGG GAG AGC TTG GTG AAG TTG CAG AGG CTT GAT ATC ATG GGT CAG ATG AAT --- --- --- ACA ACA CCA GAT TTT ATG CTC AAA CCT CCA AAG GAT GAA TTA GTT GAA AAG TAC TTC CAC CCT GAT AAC ATG TCT TCT GGA GAG AAG ATG AAA ATC GAG CTT AGG AAG GTT AGA GAA GAG TTT AAG ATG TCT GAA TCT GAT TGT GGA TCT GCG CGC GTT CAA GTG GCA CAA CTT ACT ACC AAA ATC AAG CAC CTA TCA TCC GTA TTG CAT AAA AAG GAC AAG CAT TCC CGG AGA GGC CTT GAG GGA ATG GTG CAG AAG AGG AAG AAG CTT TTG AAG TAC CTC CGA AGA ACA ??? TGG GAC TCT TAC TGC TTT GTT CTT TCA AAA CTT GGC CTC CGA GAC AGC CCC GAT 
Daenikera                       ACG GAA TTA GTG AAG GTC TAT ACT TAC CCG GAA TTA GGG GAG AAG TTG AGG AAT CTG AGG CCT AAG TGG TTT TCA TTT GGG GAG TTG AAT GAA AGG CTC GGA AAG TTG AGA GAG ACG GAG CTG AAG GAG TTT TTG AGG GAT AGT TTG GTT AAA TTA CAA AGG CTC GAT GTC TTG GGT CAG ATG AGA --- --- --- GGA ACA CCA AGT TTC ATG CTT TCA CCT CCG AAG GAG CAC TTA GTT GAA AAG TAT TTC CAC CTA GAT AAC ATG TCT GCG TCA GAG AAA TTT AAA ATT GAG CTT CAA AAA ATC AGA GAT GAG TTT AAA ATT TCT GAT TGT GAT TGT GGA TCT ACA GAA GTA CAA GTG GCT CAA CTT ACT GCA AGA ATC AAG TAC CTA AAC AGT ATT TTA CCT AGA AAG AAT AAG CAC GGC CAG AGG AGG GTT ATG ATG ATG GTG GGG AAG AGG AAG AAG TTG TTG AGG TAT CTC CGT AGA TCA ??? TGG GAT TCC TAC TGC TTT GTT ATC TCC AAA CTT GGC CTC CGG GAC ACG CCT CCA 
Ombrophytum                     ACT GAG TTT GTG AGA ATG TAT AGT CAT AAG GAG CTT GGG GAG AAG TTG AGG AAG CTT AGA CCG GAT TGG TTC TCA GTG GAG GAG TTG AAT GAA AGG CTT ACG AGG TTG AGA GTG ATG GAG GAG TCA GAA TTT GTA AGG GAG AGC CTT CGG ACT TTG CCC AGA GTG GAT GTG TTG AGC CAG CTA GGA CAA ATA GGT GGA ATG CGG AAT TAC ATG CTC GCT CCT CCG AAA GCA CAT TTG GTT GAC AAG TAT TTC CAT CCT GAT CTC ATG AAT GCC TCA GAA AAA CTG AAA GAT GAG CTT AAA AGA GCG AGA GAT GAC TTT AAA ATG CAC GAG TCA GAT TGC GGT TCT TCA CAG GTT CAA ATT GCC CAA CTT TCC GTA AAG ATC CGA TAT CTG TCT GCT GTT ATC CCC AAA AAG GAT AAG CAA TCT CTC AGA GGT TTA ATG TTC ATG GTG CAT GGG AGG AAA AAG CTG TTG AAG TAT TTG CGA AGA ACC ??? TTT GAT GCA TAT TCC ATG GTT ATT TCC AAG CTT GGA CTC AGA GAT AGT GTT CCA 
Lpyramidale                     ACC GAG TTC ATG AGA ATG TAT AGT CAT AAG GAG CTG GGA GAG AAA TTA AGA AAG CTC AGA CCG GAA TGG TTC TCG CTT GAA GAG TTG AAT GAA AGG CTA GTG AGG TTG AGA GTG ATC GAT GAG ACA GAA TTC GTA AGG CAG AGC CTA CGG TCT TTG CCA CGA ATT GAC GTG TTG AGC CAG CTA GGG CAA ATA --- GGA ACA CAA AAT TAC ATG CTT GCA CCT CCC AAG GAA CAT TTA GTT GAC AGG TTT TTT CAT CCT GAT AAC ATG AGT GCT TCA GAA AAA CTG AAA GAA GAG CTA AAA CGG GTG AGA GAT GAA TTT AAA GTG CAT GAG TCA GAT TGC GGT TCT TCT CAG GTT CAA ATT GCC CAA CTT TCT GTA AAG ATT CGG TAC CTG TCT TCT GTT ATC CCA AAA AAG GAT AAG CAT TCT CTG AAG GGT CTG ATG GGA ATG ATC AAT GCA AGA AAA AAG TTG ATG AAG TAT TTG CGA AGA ACA ??? TGG GAT TCG TAC TGC CTA GTC CTT TCT AAG CTC GGA CTC CGT GAT AGT GTT CCA 
Lmirabile                       GCG GAG TTC GTG AGA ATG TAT AGT CAT AAG GAG CTG GGA GAG AAG CTA AGG AAG CTC AGA CCG GAA TGG TTC TCA CTT GAA GAG TTG AAT GAA AGG CTT GTG AAG TTG AGA GTG ATA GAT GAG ACT GAA TTT GTA AGG CAG AGC CTA CGG TCT TTG CCA CGA ATT GAC GTG TTG AGC CAG CTA GGG CAA ATA --- GGA ACA CAA AAT TAC ATG CTT AAA CCT CCC AAG GAA CAT CTA GTT GAC AGA TTT TTT CAT CCT GAT AAT ATG AGT GCT TCA GAA AAG CTT AAA GAA GAG CTT AAA CGG GTG AGA GAT GAA TTT AAA ATA CAC GAG TCA GAT TGC GGT TCT TCA CAG GTT CAA ATT GCC CAA CTT TCT TTG AAG ATT CGG TAC CTG TCT CGT GTT ATT CCA AAA AAG GAT AAG CAT TCT CGG AAG GGT CTG ATG GGA ATG ATC AAT GCA AGG AAA AAG CTG TTG AAG TAT TTG CGC AGA ACA ??? TGG GAT TCG TAC TGC CTT GTC CTT TCT AAG CTC GGC CTC CGT GAT AAT GTT CGA 
Balanophora                     ACA TCA CTG GTC AGA TCC TAT TCA GTT GAT GAA TTG GGG GAG AAA TTG AGG GCT TTG AGG CCT GAT TGG TTT TCG CTC AAG GAA TTG AAT GAG AGG CTT GGC AGT TTG AGG GAG ATG GAG GAG AAA TCT TTT TTG ACT GAA CAT ATC CAG GAG TTG CAG AGG ATC AGC CTC TTG GGT CAG CTT GGC --- --- --- GCC ACA CCC ACA TTA ATG CTA GGA CCT CCC AAG GCC CAT TTG GTT GAA AAG TAT TTT AGC CCA GAC AAG CTA CCT GCT GCA GAG AAA ATG AAG ATA GAA CTC CAC AAG GTT AGA GCA GAG TTC AAG ATG TCA GAA TCC GAC TGT GGA TCC ACC CCA GTA CAA ATT GCA CAA TTG ACT ACC AAA ATA AAC TAC CTG ACA TCT GTA TTG GCG AAA AAG GAT GTC CAC AAT CGG AGG GGG CTT AAG GGT ATG GTG GAG AGG AGG AAG AAG CTG ATG AAG TAT CTG CGG CGA ACC ??? TGG GAT TCC TAC TGT AAT GTC ATC TCT AAG CTC GGC CTT CGG GAC ATT CCG CCT 
Malania                         ACA GAG TTT GTG AGA CCG TAT AGC CTT GAG GAG TTG GGA ATG AAG TTG AGG AAA CTA AGG CCT GAG TGG TTT TCA TTG GGG GAG TTG AAT GAT CGG GTT ATG AGG TTG ATG GAG ATT GAG GAT AAG GAG TAT TTG AGG GAA AGC TTG CTA AAG CTG CAG AGA CTT GAT GTC TTG GGT CAG CTA GGT --- --- --- GGG ACT CCA GAC TTC ATG CTC GCA CCT CCA AAG GAG CAC TTG GTT GAA AAG TAT TTC CAC CCA GAC AAC ATG TCT TCT GCA GAA AAG ATG AAA CTT GAA CTT CAC AAG GTT AGA GAT GAA TTT AAA ATG TCT GAA TCG GAT TGT GGG TCT ACA CGT GTG CAA GTG GCA CAA CTT ACA ACG AAA ATA AAG TAC TTA TCC TCC ACC TTG CAT AAA AAG GAC AAG CAT TCT CGT AAG GGT CTT CTA GCA ATG GTG CAA AGG AGG AAA AGA TTG TTG AAG TAC CTC CGA AGA ACA ??? TGG GAT TCC TAC TGC CTT GTT CTC TCT AAA CTG GGT CTT CGG GAT ACC CCA GTT 
Arabidopsis                     ACG GAG TTC TTA ATG TTT TAT AAC GAA GAA GAA TTA GGT GAG AAA CTA AGG ACG CTT AGG CCA GAA TGG TTC TCA TTG GAG GAG TTG AAT CAG AGA TTG GTT AAG CTA AGG CAA GTT GAA GAG AAA GAG TTT CTC AGA AAT GTT ATT TCA TCA TTT CAG AAT GTC GCC ATT ATG GGC CAT CTC GGT --- --- --- GGT ATC CCT GAA TAC AAG CTT CTT CCT CCA AAA GAG GAT CTA GTT GAC ACT TAT TTC CAC CCA GAT AAC ATG TCC TCT GCG GAG AAG ATG AAA ATT GAG CTC TCG AAA GTC AGG GAA GAG TTC AAG ATG TCA GAA TCA GAC TGT GGT TCT GCA CGT GTG CAA GTG GCA CAA CTC ACT ACT AAG ATC AAG CAT TTA TCC TCA AGT TTG CAC AAA AAG GAC AAG CAT TCG CGG AAG GGA CTT TTA GGA ATG GTG CAG AAA CGG AAG AAA CTG TTG AAA TAT CTA AGA CGA ACT ??? TGG GAT TCT TAC TGC CTT GTC CTG TCA AAA CTC AGC CTT CGT GAC AAC CCG GAT 
Anadenanthera                   ATG GAA TCT CTG AGG ATA TAT AGG CAT AAT GAG TTG GGA GAG AAA TTG AGA AAA TTG AGG CCG CAG TGG TTT TCT CTG AGG GAG TTG AAC GAT AGG CTG GTG AAA TTA AGG GCA ATG GAT GAG AAG GAG CTC TTG AAA GAT GCC TTC AGC AAG ATG CAG AGC CTT GAT ATC TTG GGT GAG CTG GGC --- --- --- CGT ACT CCA ACC TTC AAG CTG CAG CCT CCT AAG GAG CAT CTT GTT GAA AAG TAC TTC CAT CCA GAC AAT ATG TCT TCA GCA GAA AAG TTG AAA ATG GAG CTT GCA AGA ATT AGG GAT GAG TTT AAA CTG TCT GAG TCA GAT TGT GGA TCA TTT CGT GTT CAA GTT GCA CAA CTG ACA ACT AAG ATT AAG CAT CTA TCA TCA GTT CTT CAC AAG AAG GAT AAG CAT TCT CGT AAA GGC TTG ATA GCA ATG GTT CAG AAA AGG AAA AGG TTA CTA AAA TAC CTC AGA AGA ACT ??? TGG GAA TCT TAC TGT TTT GTG ATT TCC AAG CTA GGT CTA CGT GAT AAT CCA GAT 
Solanum                         ATG GAG TTT ACT AGG AAT TAT AGG CAT GGT GAA TTA GGG GAG AAG TTG AAA ATG TTG AGG CCT GTA TGG TTT TCG TTA CAT GAG TTG AAC GAA AGA TTG ATG AAG GTG AGG GAA GCT GAT GAG ATC GAG TAT TTG AAA GAG TCT CTT TAT ATA ATC CAG AGA CTT GAT GTC TTG GGG CAG CTG GGT --- --- --- GGT ACT CCA AGC TTT ATG TTG CAT CCA CCA AAA GAA CAC TTG GTT GAA AAG TTC TTT CAC CCA GAT AAC ATG TCA TCT GGG GAA AAA ATG AAA CTG GAG CTA CAA AAA GTT AGA GAT GAA TTT AAA ATG TCA GAG TCT GAT TGT GGA TCT GCT CGT GTT CAA GTG GCT CAG CTT ACA ACA AAA ATA AAG CAC CTA TCT TCA GTT CTT CAC AAA AAG GAT AAG CAC TCT CGT AAG GGT CTA CAA CAA ATG GTT CAA AAT AGG AAG AAG TTA TTG AAG TAT CTG CGA AGG ACA ??? TGG GAC TCT TAC TGC CTC GTT CTT TCT AAG CTT GGC CTC CGA GAC AAC CCA GAT 
Coffea                          ACG GAG TTT GTG AGG ATT TAT TCC ACT CGA GAG TTG GGC GAG AAG CTC AGG GCG CTA AGG CCC GAG TGG TTT TCA TTG GAA GAG TTG AGC GAA AGG CTG GTG AAG TTG AGA AAG ATG GAG GAG GAG GAG TGG TTG AGG AAA AGT CTT CAA GCG ATC CAC AAC ATT GCT CTC TTG GGC CAG CTT GCA --- --- --- GGA CCT CCA CTC TAC ATG TCA TCT CCC CCA AAG GAA GAA TTA --- --- --- TAT TTC CAC CCT GAT CAC ATG TCA GCT GCC GAG AAA TTG AAG CTG GAG CTT AAG AAA GTG AGA GAC AAA TTT AAA TTG TCG GAG TCA GAT TGT GGT TCT GCT CGT GTT CAA GTG GCA CAA CTC ACA ACA AAG ATT AAA CAC CTA TCT ACA GTT CTG CAC AAG AAG GAC AAG CAT TCT CGA AAA GGT CTT GAA GAA ATG GTT CAA AGG AGG AAG AAA TTA TTG AAG TAT TTG AGG AGG ACT ??? TGG GAT TCT TAC TGC TTC GTT CTC TCA AAA CTT GGT CTT CGT GAT AGT CAG GAC 
Beta                            ATG GAG TTG ACT ACT CTT TAT ACT AAA GAT GAG TTG GGG AAG AAA TTG AGA GAG TTG AGG CCT GAG TGG TTT TCG TTG TCG GAG TTA GGG GAG AGG TTG AAG AAG CTT AAG GAG ATC GAA TTG AAA --- TTT TTG AGG AGC ACT ATA AGG CAT CTT CAG AGT ATC GAT ATA CTA --- --- --- --- --- --- --- AGT TCT CCT AGT TTT ATG CTG TCT CCT CCA AAA GAG AAT TTA GTT GAA AAG TAT TTC CAT CCA GAC AAC ATG TCT GCT GAG GAA AAA TTA AAG CTT GAG CTG AAA AGA ATT CGG GAT GAA TTC AAA ATG CAC GAG TCA GAT TGT GGT TCA ACA CGT GTT CAA ATT GCA CAA CTT ACA ACC GAA ATA CTT CAC CTT TCT TCT GTA TTG CAT AAG AAG GAT AAA CAT TCT CGT CGA GGA CTG CTA GCG AAG GTG CAG CAG AGG AAG AAG CTG TTG AAA TAT CTT AGG AGA ACA ??? TGG GAG TCC TAT ACT TTT GTT CTT TCT AAA CTT GGC CTC CGT GAC AAC CCT GAT 
Citrus                          ACG GAT TTT GTG AAG ATG TAT AGC TTC GAA GAG CTG GGG GAT AAA TTG AAG AAA TTA AGG CCT GAA GGC TTT TCA TTG AGG GAG TTG AAT GAG AGG CTG ATG AGG TTG AGG GTG ATG GAG ATG AAT GAG ATC CTT AGA TCC AGC TTA GCT AGG ATA CAA AGA ATC AAC ATC TTG GAA GGT TTT GGC --- --- --- GGT ACT CCA GAG TAT TTG CTG CAT CCT CCG AAG GAA CAT TTA GTT GAG AAG TAT TTC CAT CCG GAT AAC ATG TCG TCT GCA GAA AAA ATG AAA ATT GAG CTT GCA AAA GTT AGA GAA GAA TTT AAG ATG TCA GAA TCA GAT TGT GGA TCT GCA CGA GTT CAA ATA GCA CAG TTA ACA ACT AAG ATC AAG CAT TTA TCT TCA GCT CTG CAC AAA AAG GAT AAA CAT TCT CGC AAG GGT CTG CAA GCG ATG GTC CAG AGG AGG AAG AGA TTA TTG AAG TAT CTT CGA AGA ACT ??? TGG GAT TCC TAC TGC TTT GTA CTA TCA AAA TTG GGT CTC CGA GAC AAC CCG GAT 
Prunus                          ACA GAT TTT GTG AAG TTG TAT GAC CAT GCA GAG CTG GGG GAG AAG TTG AGG AGG TTG AGG CCG GAG TGG TTT TCA TTG AAG GAG TTA AAT GAG AGG TTG ATG AAG TTG AGG GAG ATG GAA GAG ATG GAG TTT TTG AGG GAT AGC TTG GTG AAA TTG CAG AGG CTT GAT ATC TTG GGC CAG TTC GGC --- --- --- CGA ACT CCT AGC TTT ATG CTG CAA CCT CCC AAG GAA CAC TTG GTT GAA AAG TAT TTC CAT CCA GAT AAC ATG TCT TCT GCA GAA AAA CTG AAA ATT GAG CTT GCC AAA GTT AGA GAA GAA TTT AAA ATG TCA GAG TCC GAT TGT GGT TCT GCA CGA GTT CAA GTG GCA CAG CTC ACA ACC AAG ATC AAA CAT CTA TCT TCA GTT TTA CAC AAA AAG GAT AAG CAT TCC CGT AAG GGT CTT CAA GCG ATG TTG CAG AGA AGG AAG AGG TTA TTG AAG TAT CTT CGA AAA ACT ??? TGG GAT TCT TAC TGC TTT GTT CTC TCT AAA CTT GGT CTC CGG GAC AAG CCA GAG 
Cucumis                         ACG GAG TTT GTG AAG ATG TAT AGC TAT GAT GAA TTG GGA AAT AAG TTG AGA GCT CTG AGG CCA GAT TGG TTT TCA TTG TCG GAG TTG AAT GAC AGG TTG GTG AAG CTT AGA ACA ATG GAG GAG AAG GAG TTT TTG AGA GCG AGC TTG ATG CAG ATG CAG CGG CTC GAT ATC ATG GGT CAG CTA GTT --- --- --- CGA ACA CCA AAC TAT ATG CTA GAA CCT CCA AAG GAA CAT CTT GTT GAG AAG TAT TTC CAT CCG GAT AAC ATG TCA TCT GCG GAA AAG ATG AAA ATT GAG CTA GCA AAA GTT AGA GAA AAA TTT AAA ATG TCA GAA TCG GAC TGT GGA TCT GCT CGT GTT CAA GTT GCT CAA CTG ACA ACT AAA ATC AAT CAT CTA ACT GCC GTT CTG CAC AAG AAG GAT AAG CAT TCT AAG AAA GGT CTT CTT GCA ATG GTA CAA CAG AGG AAA AAG CTA CTG AAG TAT CTT CGA CGA ACC ??? TGG GAT TCC TAC TGT ATG GTT CTT AAC GCT CTT GGT CTT CGA GAC AAC CCG GAT 
Glycine                         TTG TCG TTC TTG AGG ACT TAC AGC GTG GAT GAT TTG GGG GAG AAA TTG AGG ATG TTG AGG CCG GAG TGG TTT TCT GTG AGG GAG TTG AGT GAG AGG CTT AGA AGG TTG AGG AAG ATG GAG GAG GAG GAG TAC GTC AGA GGA TCC CTC GCT CAG TTG CAG GGA CTT AGT ATA TTG AGC CAC TTG AAT --- --- --- GGG ACT CCA ACC TTC TCC CTC GAC CCT CCC AAA CCC CAC CTT GTT GAA AAG TAC TTT CAT CCG GAT AAT ATG TCC TCC TCC GAG AAG TTG AAA ATC GAG CTT GCC AAG GTT AGA GAT GAG TTT AAA ATG TCC GAC TCC GAT TGC GGT TCT GCG CGT GTT CAA ATT GCA CAA CTC ACA ACA AAG ATT AAG CAT CTA TCA GCA GTT CTA CAC AAG AAG GAT GTT CAT TCT CGT AAA GGT TTG CTA GCA ATG GTT CAG AGG AGA AAA AGA TTA CTG AAA TAC CTC AGA AGA ACT ??? TGG GAT TCC TAT TGT TTT GTT ATC TCC AAG CTG GGT CTA CGT GAT AAT CCC GAT 
Populus                         ACG GAG TTT GTG AAA ATG TAT AGT CAT GGA GAG TTG GGA GAT AAG TTG AGG ATT TTG CGG CCA AAG TGG TTT ACG TTG AAG GAA TTG AAC GAG AGG TTG AGG AAG TTG AGG GAA ATG GAG GAA AAG GAG TTT TTG AGG GAG AGT TTA GTG AAG TTG CAG AGA CTG AAT CTC ATG GGC CAG TTA --- --- --- --- CGA GCT TCA AAT GTA ACG CTG CAG CCT CCA AAG AAG CAC TTA GTT GAG AAG TAT TTC CAT CCA GAT AAC ATG TCT TCT TCT GAG AAA ATG AAA ATT GAG CTT GCA AGA GTT AGA GAT GAA TTT AAA ATG TCA GAG TCA GAC TGT GGA TCT GCA CGT GTT CAA GTG GCA CTA CTG ACA ACT AAG ATC AAG CAT CTC TCT TCG GTT CTG AAC AAG AAG GAT AAG CAT TCT CGG AAG GGT CTT ATA GGG ATG GTT CAA AAG AGG AAG AAG TTG TTG AAG TAT CTC CGG AGG ACT ??? TGG GAT TCT TAC TGC CTT GTT CTT TCA AAA CTT GGT CTC CGA GAC AAT CCA GAT 
Vitis                           --- --- --- --- --- --- --- --- --- --- --- --- --- --- --- --- --- --- --- --- --- --- --- --- --- --- --- --- --- --- --- --- --- --- --- --- --- --- --- --- --- --- --- --- --- --- --- --- --- --- --- --- CAG AGG CTT GAT ATC TTA GGT CGT TTA GGC --- --- --- GGG ACT CCT AGC TTT ATG CTG GCT CCT CCA AAG GAG CAT TTA GTT GAG CAG TAT TTC CAT CCA GAT AAT ATG TCA TCT GCT GAG AAG CTG AAA GTT GAG CTT AAA AAA GTT AGA GAT GAA TTT AAA ATG TCA GAA TCA GAT TGT GGA TCT GCA CGT GTT CAA GTG GCA CAG CTG ACG ACA AAG ATC AAG CAC CTA AAT TCA GCA TTA CAT AAA AAG GAT AAG CAT TCC CGG AAG GGT CTT CAA GCG ATG GTC CAG AGG AGA AAG AAG TTA TTG AAG TAT CTC CGT AGA ACT ??? TGG GAT TCC TAC TGC CTT GTT CTT TCT AAG CTT GGT CTC CGA GAC AAT CCG AAT 
Nelumbo                         ACT GAG TTT TTG AAG ATG TAT AGT TAT GGC GAG TTG GGA GAG AAG CTT CGA ATG CTC CGC CCT GCT TGG TTC TCT CTT AGG GAG CTG AAT GAA AGG CTT ATG AAG CTG AGG GAA TTC GAG GAG AAA GAG TTT CTT AGG GAC AGC TTA GTG AGG TTG --- --- --- --- --- --- --- --- --- --- --- --- --- AAA TCA TCA ACG TTT CTC TTG --- --- --- --- --- --- --- --- --- CAG TAT TTC CAC CCA GAT AAC ATG TCA TCT GCA GAG AAG ATG AAA TTA GAA CTT AAA AGA GTT AGG GAT GAG TTT AAA ATG TCA GAA TCA GAT TGT GGA TCT GCA CGT GTT CAA GTG GCA CAA CTA ACA ACA AAA ATC AAG CAT CTA GCA TCT GTA TTA CGT AAA AAG GAC AAG CAT TCT CGA AAG GGT CTT GAA GCA ATG GTG CGG AGG AGG AAA AAG TTG CTC AAG TAT CTC AGA AGA ACT ??? TGG GAG TCC TAC TGT TTA GTT CTC TCT AAG CTT GGA CTT AGG GAT AAC CCA GAC 
Zea                             GTG GCG CTT TCG AGG CTC TAC AGC TAC GAA GAG CTT GGG AAG AAG CTA GGC GAG CTC CGG CCA GCG TGG TTC TCT CTT AAG GAG CTG CAG GGG CGG ATC GCC AAG CTG GCG GAG TTG GAG AAG CAG GAA CTC ATC AAG AAT TGC ATT GGG AAC CTG GCA CTG CTG AAC CTT CGC GGT CAG --- --- --- --- --- CCG ACG CCA GAC TAC ATG AGT CAG CCT CCG CAG GAG GAG TTG TTA GAG AAG TAC TTC CAT CCA GAT CAT ATG TCA TCC GAA GAG ACG ATG AAA TTG GAG CTC CAA AGG GTG AGG GAT GAG TTC AAG ATG TCC GAG AAT GAC TGT GGG TCT GCA CGA GTT CAA --- --- --- --- --- --- --- --- --- --- --- --- --- --- --- --- --- --- --- --- --- --- --- --- --- --- --- --- --- --- --- --- AGT AAA CAC TTT ATT CTG TTC TTG AGT TCG AAG ??? --- --- --- --- --- --- --- --- --- --- --- --- --- --- --- --- --- --- 



After deleting gaps. 165 sites
     20    165

Dendropemon                     ACA ACA CCA GAT TTT ATG CTC TAC TTC CAC CCT GAT AAC ATG TCT TCT GGA GAG AAG ATG AAA ATC GAG CTT AGG AAG GTT AGA GAA GAG TTT AAG ATG TCT GAA TCT GAT TGT GGA TCT GCG CGC GTT CAA AGG AAG AAG CTT TTG AAG TAC CTC CGA AGA ACA 
Daenikera                       GGA ACA CCA AGT TTC ATG CTT TAT TTC CAC CTA GAT AAC ATG TCT GCG TCA GAG AAA TTT AAA ATT GAG CTT CAA AAA ATC AGA GAT GAG TTT AAA ATT TCT GAT TGT GAT TGT GGA TCT ACA GAA GTA CAA AGG AAG AAG TTG TTG AGG TAT CTC CGT AGA TCA 
Ombrophytum                     GGA ATG CGG AAT TAC ATG CTC TAT TTC CAT CCT GAT CTC ATG AAT GCC TCA GAA AAA CTG AAA GAT GAG CTT AAA AGA GCG AGA GAT GAC TTT AAA ATG CAC GAG TCA GAT TGC GGT TCT TCA CAG GTT CAA AGG AAA AAG CTG TTG AAG TAT TTG CGA AGA ACC 
Lpyramidale                     GGA ACA CAA AAT TAC ATG CTT TTT TTT CAT CCT GAT AAC ATG AGT GCT TCA GAA AAA CTG AAA GAA GAG CTA AAA CGG GTG AGA GAT GAA TTT AAA GTG CAT GAG TCA GAT TGC GGT TCT TCT CAG GTT CAA AGA AAA AAG TTG ATG AAG TAT TTG CGA AGA ACA 
Lmirabile                       GGA ACA CAA AAT TAC ATG CTT TTT TTT CAT CCT GAT AAT ATG AGT GCT TCA GAA AAG CTT AAA GAA GAG CTT AAA CGG GTG AGA GAT GAA TTT AAA ATA CAC GAG TCA GAT TGC GGT TCT TCA CAG GTT CAA AGG AAA AAG CTG TTG AAG TAT TTG CGC AGA ACA 
Balanophora                     GCC ACA CCC ACA TTA ATG CTA TAT TTT AGC CCA GAC AAG CTA CCT GCT GCA GAG AAA ATG AAG ATA GAA CTC CAC AAG GTT AGA GCA GAG TTC AAG ATG TCA GAA TCC GAC TGT GGA TCC ACC CCA GTA CAA AGG AAG AAG CTG ATG AAG TAT CTG CGG CGA ACC 
Malania                         GGG ACT CCA GAC TTC ATG CTC TAT TTC CAC CCA GAC AAC ATG TCT TCT GCA GAA AAG ATG AAA CTT GAA CTT CAC AAG GTT AGA GAT GAA TTT AAA ATG TCT GAA TCG GAT TGT GGG TCT ACA CGT GTG CAA AGG AAA AGA TTG TTG AAG TAC CTC CGA AGA ACA 
Arabidopsis                     GGT ATC CCT GAA TAC AAG CTT TAT TTC CAC CCA GAT AAC ATG TCC TCT GCG GAG AAG ATG AAA ATT GAG CTC TCG AAA GTC AGG GAA GAG TTC AAG ATG TCA GAA TCA GAC TGT GGT TCT GCA CGT GTG CAA CGG AAG AAA CTG TTG AAA TAT CTA AGA CGA ACT 
Anadenanthera                   CGT ACT CCA ACC TTC AAG CTG TAC TTC CAT CCA GAC AAT ATG TCT TCA GCA GAA AAG TTG AAA ATG GAG CTT GCA AGA ATT AGG GAT GAG TTT AAA CTG TCT GAG TCA GAT TGT GGA TCA TTT CGT GTT CAA AGG AAA AGG TTA CTA AAA TAC CTC AGA AGA ACT 
Solanum                         GGT ACT CCA AGC TTT ATG TTG TTC TTT CAC CCA GAT AAC ATG TCA TCT GGG GAA AAA ATG AAA CTG GAG CTA CAA AAA GTT AGA GAT GAA TTT AAA ATG TCA GAG TCT GAT TGT GGA TCT GCT CGT GTT CAA AGG AAG AAG TTA TTG AAG TAT CTG CGA AGG ACA 
Coffea                          GGA CCT CCA CTC TAC ATG TCA TAT TTC CAC CCT GAT CAC ATG TCA GCT GCC GAG AAA TTG AAG CTG GAG CTT AAG AAA GTG AGA GAC AAA TTT AAA TTG TCG GAG TCA GAT TGT GGT TCT GCT CGT GTT CAA AGG AAG AAA TTA TTG AAG TAT TTG AGG AGG ACT 
Beta                            AGT TCT CCT AGT TTT ATG CTG TAT TTC CAT CCA GAC AAC ATG TCT GCT GAG GAA AAA TTA AAG CTT GAG CTG AAA AGA ATT CGG GAT GAA TTC AAA ATG CAC GAG TCA GAT TGT GGT TCA ACA CGT GTT CAA AGG AAG AAG CTG TTG AAA TAT CTT AGG AGA ACA 
Citrus                          GGT ACT CCA GAG TAT TTG CTG TAT TTC CAT CCG GAT AAC ATG TCG TCT GCA GAA AAA ATG AAA ATT GAG CTT GCA AAA GTT AGA GAA GAA TTT AAG ATG TCA GAA TCA GAT TGT GGA TCT GCA CGA GTT CAA AGG AAG AGA TTA TTG AAG TAT CTT CGA AGA ACT 
Prunus                          CGA ACT CCT AGC TTT ATG CTG TAT TTC CAT CCA GAT AAC ATG TCT TCT GCA GAA AAA CTG AAA ATT GAG CTT GCC AAA GTT AGA GAA GAA TTT AAA ATG TCA GAG TCC GAT TGT GGT TCT GCA CGA GTT CAA AGG AAG AGG TTA TTG AAG TAT CTT CGA AAA ACT 
Cucumis                         CGA ACA CCA AAC TAT ATG CTA TAT TTC CAT CCG GAT AAC ATG TCA TCT GCG GAA AAG ATG AAA ATT GAG CTA GCA AAA GTT AGA GAA AAA TTT AAA ATG TCA GAA TCG GAC TGT GGA TCT GCT CGT GTT CAA AGG AAA AAG CTA CTG AAG TAT CTT CGA CGA ACC 
Glycine                         GGG ACT CCA ACC TTC TCC CTC TAC TTT CAT CCG GAT AAT ATG TCC TCC TCC GAG AAG TTG AAA ATC GAG CTT GCC AAG GTT AGA GAT GAG TTT AAA ATG TCC GAC TCC GAT TGC GGT TCT GCG CGT GTT CAA AGA AAA AGA TTA CTG AAA TAC CTC AGA AGA ACT 
Populus                         CGA GCT TCA AAT GTA ACG CTG TAT TTC CAT CCA GAT AAC ATG TCT TCT TCT GAG AAA ATG AAA ATT GAG CTT GCA AGA GTT AGA GAT GAA TTT AAA ATG TCA GAG TCA GAC TGT GGA TCT GCA CGT GTT CAA AGG AAG AAG TTG TTG AAG TAT CTC CGG AGG ACT 
Vitis                           GGG ACT CCT AGC TTT ATG CTG TAT TTC CAT CCA GAT AAT ATG TCA TCT GCT GAG AAG CTG AAA GTT GAG CTT AAA AAA GTT AGA GAT GAA TTT AAA ATG TCA GAA TCA GAT TGT GGA TCT GCA CGT GTT CAA AGA AAG AAG TTA TTG AAG TAT CTC CGT AGA ACT 
Nelumbo                         AAA TCA TCA ACG TTT CTC TTG TAT TTC CAC CCA GAT AAC ATG TCA TCT GCA GAG AAG ATG AAA TTA GAA CTT AAA AGA GTT AGG GAT GAG TTT AAA ATG TCA GAA TCA GAT TGT GGA TCT GCA CGT GTT CAA AGG AAA AAG TTG CTC AAG TAT CTC AGA AGA ACT 
Zea                             CCG ACG CCA GAC TAC ATG AGT TAC TTC CAT CCA GAT CAT ATG TCA TCC GAA GAG ACG ATG AAA TTG GAG CTC CAA AGG GTG AGG GAT GAG TTC AAG ATG TCC GAG AAT GAC TGT GGG TCT GCA CGA GTT CAA AGT AAA CAC TTT ATT CTG TTC TTG AGT TCG AAG 



Printing out site pattern counts


        20        165  P

Dendropemon                     AAA AAC AAG AAG AAG AAG AAG AAG ACA ACA ACA AGA AGA AGG AGG ATC ATG ATG ATG ATG CAA CAC CCA CCT CGA CGC CTC CTC CTT CTT GAA GAA GAG GAG GAG GAT GAT GAT GCG GGA GGA GTT GTT TAC TAC TCT TCT TCT TCT TCT TGT TTC TTG TTT TTT 
Daenikera                       ... ... ..A ..A ..A ... ... .G. ... GG. T.. ... ... ... CAA ..T ... ... ..T T.T ... ... ... .TA ..T GAA ... ..T ... T.G ..T ..T ... ... ... AG. ... ... A.A ... TC. A.C ..A ..T ..T G.G ... ... ... .G. ... ... ... ..C ... 
Ombrophytum                     ... CT. ..A ..A .GA ..A ... ... .TG GG. ..C ... ... ... .AA GAT ... ... ... C.. ... ..T .GG ... ... .AG T.G ... ... ..G ..G ..T ..A ..C ... A.. ... ... T.A ..T TC. .CG ... ..T ..T G.C AA. CAC ... ..A ..C ... ... .AC ... 
Lpyramidale                     ... ... ..A ..A CG. ..A ... ... ... GG. ... ... ... ..A .AA GAA ... ... G.. C.. ... ..T .A. ... ... .AG T.G ..T ..A T.G ..G ..T ..A ..A ... A.. ... ... T.T ..T TC. ..G ... ..T .TT G.. AG. CA. ... ..A ..C ..T A.. .AC ... 
Lmirabile                       ... ..T ..A ... CG. ..A ... ... ... GG. ... ... ... ... .AA GAA ... ... ..A C.T ... ..T .A. ... ..C .AG T.G ..T ... ..G ..G ..T ..A ..A ... A.. ... ... T.A ..T TC. ..G ... ..T .TT G.. AG. CAC ... ..A ..C ..T ... .AC ... 
Balanophora                     ..G ..G ... ..A ... ... ... ... ... G.C ..C ... C.. ... CAC ..A ... C.A ... ... ... AG. ..C ..A ..G .CA ..G ..A ..C ..G ... .C. ... ... ..A ACA ..C ..C A.C ... .C. ... ..A ..T ..T G.. C.. ..A ..C ..C ... ..T A.. ..A ..C 
Malania                         ... ... ..A ... ... ..A .GA ... ..T GGG ... ... ... ... CAC C.T ... ... ... ... ... ... ... ..A ... ..T ... ... ... T.G ... ..T ..A ..A ..A ..C ..C ... A.A ..G .C. ... ..G ... ..T ... ... ... ... ..G ... ... ... ..C ... 
Arabidopsis                     ... ... ... ... ..A ... ..A ..A .TC GGT ..T ..G C.. C.. TC. ..T .A. ... ... ... ... ... ..T ..A A.. ..T ..A ..T ..C ..G ... ... ... ... ... ..A ... ..C ..A ..T .CG ..C ..G ..T ..T ... ..C ..A ... ..A ... ... ... .AC ..C 
Anadenanthera                   ... ..T ..A ... .GA ..A .G. ..A ..T CGT ..T ..G ... ... GCA ..G .A. ... C.. T.. ... ..T ... ..A A.. ..T ... ..G ... T.A ..G ..T ..A ... ... ACC ..C ... TTT ... .C. A.. ... ... ... ..A ... ... ..A ..A ... ... C.A ..C ... 
Solanum                         ... ... ..A ..A ..A ... ... ... ..T GGT ... ... ..G ... CAA C.G ... ... ... ... ... ... ... ..A ... ..T ..G T.G ..A T.A ..G ..T ..A ..A ... AGC ... ... ..T ... ..G ... ... ..T .T. ... ..A ..A ... ... ... ..T ... ... ... 
Coffea                          ..G C.. ..A ..A ..A ... ..A ... C.T GG. ..T ... ..G ... .A. C.G ... ... T.. T.. ... ... ... ... A.G ..T T.G TCA ... T.A ..G ..C ... A.A ... CTC ... ... ..T ..T .CC ..G ... ..T ..T G.. ..A ..G ... ..A ... ... ... .AC ... 
Beta                            ..G ... ..A ..A .GA ... ... ..A T.T .GT ... C.G ... ... .AA C.T ... ... ... T.A ... ..T ..T ..A A.G ..T ..T ..G ..G ..G ..G ..T ..A ..A ... AG. ..C ... A.A ..T .AG A.. ... ..T ..T G.. ... CAC ..A ..A ... ... ... ... ..C 
Citrus                          ... ... ... ..A ..A ... .GA ... ..T GGT ..T ... ... ... GCA ..T T.. ... ... ... ... ..T ... ..G ... ..A ..T ..G ... T.A ... ... ..A ..A ... ..G ... ... ..A ... .C. ... ... ..T ..T ... ..G ..A ... ..A ... ... ... .A. ... 
Prunus                          ... ... ..A ..A ..A ... .G. ... ..T CG. ..T ... .A. ... GCC ..T ... ... ... C.. ... ..T ..T ..A ... ..A ..T ..G ... T.A ..G ... ..A ..A ... AGC ... ... ..A ..T .C. ... ... ..T ..T ... ... ..A ... ..C ... ... ... ... ... 
Cucumis                         ... ... ..A ... ..A ..A ... ... ... CG. ..C ... C.. ... GCA ..T ... ... ... ... ... ..T ... ..G ... ..T ..T ..A ..A ..A ... ... ..A A.A ... A.C ... ..C ..T ... .CG ... ... ..T ..T ... ..A ..A ... ..G ... ... C.. .A. ... 
Glycine                         ... ..T ..A ... ... ..A .GA ..A ..T GGG ..T ... ... ..A GCC ... TCC ... ... T.. ... ..T ... ..G A.. ..T ... ... ... T.A ..C ..T ... ... ... ACC ... ... ... ..T TCC ... ... ... ... ..C ..C ..C ... ..C ..C ..T C.. ..C ... 
Populus                         ... ... ..A ..A .GA ... ... ... G.T CG. ..T ... ..G ... GCA ..T .C. ... ... ... ... ..T T.. ..A ..G ..T ... ..G ... T.G ..G ..T ... ..A ... A.. ... ..C ..A ... TCT ... ... ..T ..T ... ... ..A ... ..A ... ... ... G.A ... 
Vitis                           ... ..T ..A ... ..A ... ... ... ..T GGG ..T ... ... ..A .AA G.T ... ... ... C.. ... ..T ..T ..A ..T ..T ... ..G ... T.A ... ..T ... ..A ... AGC ... ... ..A ... .CT ... ... ..T ..T ... ..A ..A ... ..A ... ... ... ... ... 
Nelumbo                         ... ... ..A ... .GA ..A ... ... T.. .A. ..T ..G ... ... .AA T.A C.C ... ... ... ... ... T.. ..A A.. ..T ... T.G ... T.G ... ..T ... ... ..A ACG ... ... ..A ... .C. ... ... ..T ..T ... ..A ..A ... ..A ... ... C.C ... ... 
Zea                             ... C.T ... .C. .G. ..A C.C CT. ..G C.G .AG ..G TCG ..T CAA T.G ... ... ... ... ... ..T ... ..A A.T ..A T.G AGT ..C T.. ..G ..T ... ... ... ..C ... ..C ..A ..G .A. ..G ... .T. ... ..C ..A ..C ... AA. ... ... A.T .AC ..C 

    1    1    1    1    1    1    1    1    1    1    1    1    1    1    1
    1    1    1    1    1    1    1    1    1    1    1    1    1    1    1
    1    1    1    1    1    1    1    1    1    1    1    1    1    1    1
    1    1    1    1    1    1    1    1    1    1

CODONML (in paml version 4.9j, February 2020)  AT1G15810_HOM04D004122.aligned.fa_subset.fasta
Model: free dN/dS Ratios for branches,  kappa = 2.000 fixed

Codon frequency model: F3x4
ns =  20  ls =  55

Codon usage in sequences
--------------------------------------------------------------------------------------------------------------------------------------
Phe TTT   2   2   1   3   3   1 | Ser TCT   5   3   1   2   1   0 | Tyr TAT   0   2   2   1   1   2 | Cys TGT   1   2   0   0   0   1
    TTC   1   2   1   0   0   1 |     TCC   0   0   0   0   0   2 |     TAC   2   0   1   1   1   0 |     TGC   0   0   1   1   1   0
Leu TTA   0   0   0   0   0   1 |     TCA   0   2   3   2   3   1 | *** TAA   0   0   0   0   0   0 | *** TGA   0   0   0   0   0   0
    TTG   1   2   2   2   2   0 |     TCG   0   0   0   0   0   0 |     TAG   0   0   0   0   0   0 | Trp TGG   0   0   0   0   0   0
--------------------------------------------------------------------------------------------------------------------------------------
Leu CTT   2   2   1   1   3   0 | Pro CCT   1   0   1   1   1   1 | His CAT   0   0   1   2   1   0 | Arg CGT   0   1   0   0   0   0
    CTC   2   1   2   0   0   1 |     CCC   0   0   0   0   0   1 |     CAC   1   1   1   0   1   1 |     CGC   1   0   0   0   1   0
    CTA   0   1   0   1   0   2 |     CCA   1   1   0   0   0   2 | Gln CAA   1   2   1   2   2   1 |     CGA   1   0   1   1   0   1
    CTG   0   0   2   1   1   2 |     CCG   0   0   0   0   0   0 |     CAG   0   0   1   1   1   0 |     CGG   0   0   1   1   1   1
--------------------------------------------------------------------------------------------------------------------------------------
Ile ATT   0   2   0   0   0   0 | Thr ACT   0   0   0   0   0   0 | Asn AAT   0   0   2   1   2   0 | Ser AGT   0   1   0   1   1   0
    ATC   1   1   0   0   0   0 |     ACC   0   0   1   0   0   2 |     AAC   1   1   0   1   0   0 |     AGC   0   0   0   0   0   1
    ATA   0   0   0   0   1   1 |     ACA   3   2   0   2   2   2 | Lys AAA   1   4   5   5   4   1 | Arg AGA   2   2   3   3   2   1
Met ATG   4   2   4   3   2   4 |     ACG   0   0   0   0   0   0 |     AAG   6   2   2   2   3   7 |     AGG   2   2   1   0   1   1
--------------------------------------------------------------------------------------------------------------------------------------
Val GTT   2   0   1   1   1   1 | Ala GCT   0   0   0   1   1   1 | Asp GAT   3   4   4   3   3   0 | Gly GGT   0   0   1   1   1   0
    GTC   0   0   0   0   0   0 |     GCC   0   0   1   0   0   1 |     GAC   0   0   1   0   0   2 |     GGC   0   0   0   0   0   0
    GTA   0   1   0   0   0   1 |     GCA   0   0   0   0   0   2 | Glu GAA   2   1   1   3   3   2 |     GGA   2   2   1   1   1   1
    GTG   0   0   0   2   1   0 |     GCG   1   1   1   0   0   0 |     GAG   3   3   2   2   2   2 |     GGG   0   0   0   0   0   0
--------------------------------------------------------------------------------------------------------------------------------------

--------------------------------------------------------------------------------------------------------------------------------------
Phe TTT   1   0   2   3   1   1 | Ser TCT   4   2   2   3   1   2 | Tyr TAT   1   2   0   1   2   2 | Cys TGT   1   1   1   1   1   1
    TTC   2   2   2   1   1   2 |     TCC   0   1   0   0   0   0 |     TAC   1   1   2   0   1   0 |     TGC   0   0   0   0   0   0
Leu TTA   0   0   1   1   1   1 |     TCA   0   2   3   2   3   2 | *** TAA   0   0   0   0   0   0 | *** TGA   0   0   0   0   0   0
    TTG   2   1   1   2   4   1 |     TCG   1   1   0   0   1   0 |     TAG   0   0   0   0   0   0 | Trp TGG   0   0   0   0   0   0
--------------------------------------------------------------------------------------------------------------------------------------
Leu CTT   2   1   1   0   1   2 | Pro CCT   0   1   0   0   2   1 | His CAT   0   0   1   0   0   1 | Arg CGT   1   1   2   1   1   1
    CTC   2   1   1   0   1   0 |     CCC   0   0   0   0   0   0 |     CAC   2   1   0   1   2   1 |     CGC   0   0   0   0   0   0
    CTA   0   1   1   1   0   0 |     CCA   2   1   2   2   1   1 | Gln CAA   1   1   1   2   1   1 |     CGA   1   1   0   1   0   0
    CTG   0   1   2   2   1   3 |     CCG   0   0   0   0   0   0 |     CAG   0   0   0   0   0   0 |     CGG   0   1   0   0   0   1
--------------------------------------------------------------------------------------------------------------------------------------
Ile ATT   0   1   1   0   0   1 | Thr ACT   1   1   2   1   1   0 | Asn AAT   0   0   1   0   0   0 | Ser AGT   0   0   0   0   0   2
    ATC   0   1   0   0   0   0 |     ACC   0   0   1   0   0   0 |     AAC   1   1   0   1   0   1 |     AGC   0   0   0   1   0   0
    ATA   0   0   0   0   0   0 |     ACA   2   0   0   1   0   2 | Lys AAA   3   4   4   4   5   4 | Arg AGA   3   1   3   1   1   2
Met ATG   4   3   2   4   2   3 |     ACG   0   0   0   0   0   0 |     AAG   3   4   2   3   4   3 |     AGG   1   1   3   2   3   2
--------------------------------------------------------------------------------------------------------------------------------------
Val GTT   1   0   1   2   1   1 | Ala GCT   0   0   0   1   2   1 | Asp GAT   2   1   2   3   2   2 | Gly GGT   0   2   0   1   1   1
    GTC   0   1   0   0   0   0 |     GCC   0   0   0   0   1   0 |     GAC   2   1   1   0   1   1 |     GGC   0   0   0   0   0   0
    GTA   0   0   0   0   0   0 |     GCA   1   1   2   0   0   0 | Glu GAA   4   3   1   2   0   2 |     GGA   0   0   1   1   1   0
    GTG   1   1   0   0   1   0 |     GCG   0   1   0   0   0   0 |     GAG   0   3   3   2   3   3 |     GGG   2   0   0   1   0   0
--------------------------------------------------------------------------------------------------------------------------------------

--------------------------------------------------------------------------------------------------------------------------------------
Phe TTT   1   2   1   2   1   2 | Ser TCT   2   3   2   1   4   2 | Tyr TAT   3   2   3   0   2   2 | Cys TGT   1   1   1   0   1   1
    TTC   1   1   1   1   1   1 |     TCC   0   1   0   6   0   0 |     TAC   0   0   0   2   0   0 |     TGC   0   0   0   1   0   0
Leu TTA   1   1   0   1   0   1 |     TCA   2   1   2   0   3   3 | *** TAA   0   0   0   0   0   0 | *** TGA   0   0   0   0   0   0
    TTG   2   1   0   1   2   1 |     TCG   1   0   1   0   0   0 |     TAG   0   0   0   0   0   0 | Trp TGG   0   0   0   0   0   0
--------------------------------------------------------------------------------------------------------------------------------------
Leu CTT   2   2   1   1   1   1 | Pro CCT   0   1   0   0   0   1 | His CAT   1   1   1   1   1   1 | Arg CGT   0   0   1   1   1   2
    CTC   0   0   0   2   1   1 |     CCC   0   0   0   0   0   0 |     CAC   0   0   0   0   0   0 |     CGC   0   0   0   0   0   0
    CTA   0   0   3   0   0   0 |     CCA   1   1   1   1   1   1 | Gln CAA   1   1   1   1   1   1 |     CGA   2   3   3   0   1   0
    CTG   1   2   1   1   1   2 |     CCG   1   0   1   1   0   0 |     CAG   0   0   0   0   0   0 |     CGG   0   0   0   0   1   0
--------------------------------------------------------------------------------------------------------------------------------------
Ile ATT   1   1   1   0   1   0 | Thr ACT   2   2   0   2   1   2 | Asn AAT   0   0   0   1   1   1 | Ser AGT   0   0   0   0   0   0
    ATC   0   0   0   1   0   0 |     ACC   0   0   1   1   0   0 |     AAC   1   1   2   0   1   0 |     AGC   0   1   0   0   0   1
    ATA   0   0   0   0   0   0 |     ACA   0   0   1   0   0   0 | Lys AAA   3   5   5   4   3   4 | Arg AGA   3   1   1   5   2   3
Met ATG   3   3   4   2   3   3 |     ACG   0   0   0   0   1   0 |     AAG   3   2   3   2   3   4 |     AGG   1   2   1   0   2   0
--------------------------------------------------------------------------------------------------------------------------------------
Val GTT   2   2   2   2   2   3 | Ala GCT   0   0   1   0   1   1 | Asp GAT   2   2   1   3   2   3 | Gly GGT   1   1   0   1   0   0
    GTC   0   0   0   0   0   0 |     GCC   0   1   0   1   0   0 |     GAC   0   0   1   1   1   0 |     GGC   0   0   0   0   0   0
    GTA   0   0   0   0   1   0 |     GCA   3   2   1   0   2   1 | Glu GAA   4   3   3   0   1   2 |     GGA   1   0   1   0   1   1
    GTG   0   0   0   0   0   0 |     GCG   0   0   1   1   0   0 |     GAG   2   2   1   3   3   2 |     GGG   0   0   0   1   0   1
--------------------------------------------------------------------------------------------------------------------------------------

----------------------------------------------------------------------
Phe TTT   2   1 | Ser TCT   2   1 | Tyr TAT   2   0 | Cys TGT   1   1
    TTC   1   3 |     TCC   0   2 |     TAC   0   2 |     TGC   0   0
Leu TTA   1   0 |     TCA   5   1 | *** TAA   0   0 | *** TGA   0   0
    TTG   2   2 |     TCG   0   1 |     TAG   0   0 | Trp TGG   0   0
----------------------------------------------------------------------
Leu CTT   1   0 | Pro CCT   0   0 | His CAT   0   2 | Arg CGT   1   0
    CTC   3   1 |     CCC   0   0 |     CAC   1   1 |     CGC   0   0
    CTA   0   0 |     CCA   1   2 | Gln CAA   1   2 |     CGA   0   1
    CTG   0   1 |     CCG   0   1 |     CAG   0   0 |     CGG   0   0
----------------------------------------------------------------------
Ile ATT   0   1 | Thr ACT   1   0 | Asn AAT   0   1 | Ser AGT   0   3
    ATC   0   0 |     ACC   0   0 |     AAC   1   0 |     AGC   0   0
    ATA   0   0 |     ACA   0   0 | Lys AAA   5   2 | Arg AGA   3   0
Met ATG   3   4 |     ACG   1   2 |     AAG   3   2 |     AGG   2   2
----------------------------------------------------------------------
Val GTT   2   1 | Ala GCT   0   0 | Asp GAT   3   2 | Gly GGT   0   0
    GTC   0   0 |     GCC   0   0 |     GAC   0   2 |     GGC   0   0
    GTA   0   0 |     GCA   2   1 | Glu GAA   2   1 |     GGA   1   0
    GTG   0   1 |     GCG   0   0 |     GAG   2   4 |     GGG   0   1
----------------------------------------------------------------------

Codon position x base (3x4) table for each sequence.

#1: Dendropemon    
position  1:    T:0.21818    C:0.18182    A:0.36364    G:0.23636
position  2:    T:0.27273    C:0.20000    A:0.36364    G:0.16364
position  3:    T:0.29091    C:0.16364    A:0.23636    G:0.30909
Average         T:0.26061    C:0.18182    A:0.32121    G:0.23636

#2: Daenikera      
position  1:    T:0.27273    C:0.16364    A:0.34545    G:0.21818
position  2:    T:0.29091    C:0.16364    A:0.36364    G:0.18182
position  3:    T:0.34545    C:0.10909    A:0.32727    G:0.21818
Average         T:0.30303    C:0.14545    A:0.34545    G:0.20606

#3: Ombrophytum    
position  1:    T:0.21818    C:0.21818    A:0.32727    G:0.23636
position  2:    T:0.25455    C:0.14545    A:0.43636    G:0.16364
position  3:    T:0.27273    C:0.16364    A:0.27273    G:0.29091
Average         T:0.24848    C:0.17576    A:0.34545    G:0.23030

#4: Lpyramidale    
position  1:    T:0.21818    C:0.20000    A:0.32727    G:0.25455
position  2:    T:0.25455    C:0.14545    A:0.43636    G:0.16364
position  3:    T:0.32727    C:0.05455    A:0.36364    G:0.25455
Average         T:0.26667    C:0.13333    A:0.37576    G:0.22424

#5: Lmirabile      
position  1:    T:0.21818    C:0.21818    A:0.32727    G:0.23636
position  2:    T:0.25455    C:0.14545    A:0.43636    G:0.16364
position  3:    T:0.34545    C:0.07273    A:0.32727    G:0.25455
Average         T:0.27273    C:0.14545    A:0.36364    G:0.21818

#6: Balanophora    
position  1:    T:0.16364    C:0.23636    A:0.36364    G:0.23636
position  2:    T:0.27273    C:0.27273    A:0.32727    G:0.12727
position  3:    T:0.12727    C:0.21818    A:0.34545    G:0.30909
Average         T:0.18788    C:0.24242    A:0.34545    G:0.22424

#7: Malania        
position  1:    T:0.23636    C:0.20000    A:0.32727    G:0.23636
position  2:    T:0.27273    C:0.20000    A:0.36364    G:0.16364
position  3:    T:0.25455    C:0.18182    A:0.30909    G:0.25455
Average         T:0.25455    C:0.19394    A:0.33333    G:0.21818

#8: Arabidopsis    
position  1:    T:0.23636    C:0.20000    A:0.30909    G:0.25455
position  2:    T:0.25455    C:0.20000    A:0.40000    G:0.14545
position  3:    T:0.23636    C:0.18182    A:0.27273    G:0.30909
Average         T:0.24242    C:0.19394    A:0.32727    G:0.23636

#9: Anadenanthera  
position  1:    T:0.25455    C:0.20000    A:0.34545    G:0.20000
position  2:    T:0.27273    C:0.21818    A:0.32727    G:0.18182
position  3:    T:0.29091    C:0.12727    A:0.34545    G:0.23636
Average         T:0.27273    C:0.18182    A:0.33939    G:0.20606

#10: Solanum        
position  1:    T:0.25455    C:0.18182    A:0.32727    G:0.23636
position  2:    T:0.29091    C:0.18182    A:0.34545    G:0.18182
position  3:    T:0.30909    C:0.07273    A:0.32727    G:0.29091
Average         T:0.28485    C:0.14545    A:0.33333    G:0.23636

#11: Coffea         
position  1:    T:0.29091    C:0.18182    A:0.29091    G:0.23636
position  2:    T:0.25455    C:0.21818    A:0.38182    G:0.14545
position  3:    T:0.29091    C:0.12727    A:0.23636    G:0.34545
Average         T:0.27879    C:0.17576    A:0.30303    G:0.24242

#12: Beta           
position  1:    T:0.21818    C:0.21818    A:0.36364    G:0.20000
position  2:    T:0.27273    C:0.16364    A:0.38182    G:0.18182
position  3:    T:0.34545    C:0.09091    A:0.27273    G:0.29091
Average         T:0.27879    C:0.15758    A:0.33939    G:0.22424

#13: Citrus         
position  1:    T:0.25455    C:0.16364    A:0.30909    G:0.27273
position  2:    T:0.25455    C:0.21818    A:0.36364    G:0.16364
position  3:    T:0.32727    C:0.03636    A:0.38182    G:0.25455
Average         T:0.27879    C:0.13939    A:0.35152    G:0.23030

#14: Prunus         
position  1:    T:0.23636    C:0.20000    A:0.32727    G:0.23636
position  2:    T:0.27273    C:0.21818    A:0.34545    G:0.16364
position  3:    T:0.36364    C:0.09091    A:0.32727    G:0.21818
Average         T:0.29091    C:0.16970    A:0.33333    G:0.20606

#15: Cucumis        
position  1:    T:0.20000    C:0.23636    A:0.34545    G:0.21818
position  2:    T:0.25455    C:0.21818    A:0.38182    G:0.14545
position  3:    T:0.27273    C:0.09091    A:0.40000    G:0.23636
Average         T:0.24242    C:0.18182    A:0.37576    G:0.20000

#16: Glycine        
position  1:    T:0.27273    C:0.16364    A:0.32727    G:0.23636
position  2:    T:0.25455    C:0.25455    A:0.32727    G:0.16364
position  3:    T:0.27273    C:0.29091    A:0.21818    G:0.21818
Average         T:0.26667    C:0.23636    A:0.29091    G:0.20606

#17: Populus        
position  1:    T:0.25455    C:0.16364    A:0.32727    G:0.25455
position  2:    T:0.25455    C:0.23636    A:0.34545    G:0.16364
position  3:    T:0.34545    C:0.07273    A:0.29091    G:0.29091
Average         T:0.28485    C:0.15758    A:0.32121    G:0.23636

#18: Vitis          
position  1:    T:0.23636    C:0.18182    A:0.32727    G:0.25455
position  2:    T:0.27273    C:0.20000    A:0.36364    G:0.16364
position  3:    T:0.40000    C:0.05455    A:0.30909    G:0.23636
Average         T:0.30303    C:0.14545    A:0.33333    G:0.21818

#19: Nelumbo        
position  1:    T:0.29091    C:0.14545    A:0.34545    G:0.21818
position  2:    T:0.27273    C:0.21818    A:0.36364    G:0.14545
position  3:    T:0.27273    C:0.10909    A:0.38182    G:0.23636
Average         T:0.27879    C:0.15758    A:0.36364    G:0.20000

#20: Zea            
position  1:    T:0.25455    C:0.20000    A:0.30909    G:0.23636
position  2:    T:0.27273    C:0.20000    A:0.38182    G:0.14545
position  3:    T:0.23636    C:0.20000    A:0.18182    G:0.38182
Average         T:0.25455    C:0.20000    A:0.29091    G:0.25455

Sums of codon usage counts
------------------------------------------------------------------------------
Phe F TTT      32 | Ser S TCT      43 | Tyr Y TAT      30 | Cys C TGT      17
      TTC      25 |       TCC      12 |       TAC      14 |       TGC       4
Leu L TTA      10 |       TCA      40 | *** * TAA       0 | *** * TGA       0
      TTG      31 |       TCG       6 |       TAG       0 | Trp W TGG       0
------------------------------------------------------------------------------
Leu L CTT      25 | Pro P CCT      11 | His H CAT      14 | Arg R CGT      14
      CTC      19 |       CCC       1 |       CAC      14 |       CGC       2
      CTA      10 |       CCA      22 | Gln Q CAA      25 |       CGA      17
      CTG      24 |       CCG       4 |       CAG       3 |       CGG       7
------------------------------------------------------------------------------
Ile I ATT      10 | Thr T ACT      16 | Asn N AAT      10 | Ser S AGT       8
      ATC       4 |       ACC       6 |       AAC      13 |       AGC       4
      ATA       2 |       ACA      17 | Lys K AAA      75 | Arg R AGA      42
Met M ATG      62 |       ACG       4 |       AAG      63 |       AGG      29
------------------------------------------------------------------------------
Val V GTT      28 | Ala A GCT      10 | Asp D GAT      47 | Gly G GGT      11
      GTC       1 |       GCC       5 |       GAC      14 |       GGC       0
      GTA       3 |       GCA      18 | Glu E GAA      40 |       GGA      16
      GTG       7 |       GCG       6 |       GAG      47 |       GGG       6
------------------------------------------------------------------------------


Codon position x base (3x4) table, overall

position  1:    T:0.24000    C:0.19273    A:0.33182    G:0.23545
position  2:    T:0.26636    C:0.20091    A:0.37182    G:0.16091
position  3:    T:0.29636    C:0.12545    A:0.30636    G:0.27182
Average         T:0.26758    C:0.17303    A:0.33667    G:0.22273

Codon frequencies under model, for use in evolver (TTT TTC TTA TTG ... GGG):
  0.02022875  0.00856309  0.02091131  0.01855336
  0.01525786  0.00645885  0.01577270  0.01399417
  0.02823740  0.01195326  0.00000000  0.00000000
  0.01222010  0.00517292  0.00000000  0.01120800
  0.01624430  0.00687642  0.01679242  0.01489891
  0.01225253  0.00518665  0.01266595  0.01123775
  0.02267549  0.00959883  0.02344061  0.02079746
  0.00981311  0.00415402  0.01014423  0.00900037
  0.02796778  0.01183912  0.02891148  0.02565143
  0.02109515  0.00892985  0.02180695  0.01934801
  0.03904034  0.01652628  0.04035766  0.03580694
  0.01689521  0.00715196  0.01746529  0.01549591
  0.01984563  0.00840091  0.02051527  0.01820197
  0.01496889  0.00633652  0.01547397  0.01372913
  0.02770260  0.01172687  0.02863735  0.02540821
  0.01198866  0.00507495  0.01239318  0.01099573


TREE #  1:  ((((((10, 11), 12), (7, ((1, 2), ((3, (5, 4)), 6)))), (((8, 13), (((14, 15), (16, 9)), 17)), 18)), 19), 20);   MP score: 384
This is a rooted tree.  Please check!
lnL(ntime: 38  np: 76):  -1873.929021      +0.000000
  21..22   22..23   23..24   24..25   25..26   26..10   26..11   25..12   24..27   27..7    27..28   28..29   29..1    29..2    28..30   30..31   31..3    31..32   32..5    32..4    30..6    23..33   33..34   34..35   35..8    35..13   34..36   36..37   37..38   38..14   38..15   37..39   39..16   39..9    36..17   33..18   22..19   21..20 
 50.000000 0.033450 0.000004 0.000004 0.223983 0.237470 0.676329 1.199752 0.264652 0.327028 0.156681 0.000004 0.492818 0.481273 0.003486 0.867945 0.176865 0.205023 0.101424 0.161282 2.004347 0.031961 0.071225 0.125100 1.298322 0.169834 0.017789 0.000004 0.016208 0.231195 0.511439 0.564364 0.939626 0.185180 0.304397 0.256389 0.616747 50.000000 0.000100 999.000000 0.000100 0.000100 0.000100 0.088790 0.122356 0.057855 0.053390 0.077282 0.071397 0.000100 0.125533 0.374728 999.000000 0.141253 1.030263 0.070561 0.052207 0.081197 0.044790 0.085527 999.000000 0.386544 0.014454 0.070579 999.000000 0.000100 999.000000 0.126282 0.026106 0.036712 0.032307 0.837585 0.191820 0.042969 0.058375 0.003129

Note: Branch length is defined as number of nucleotide substitutions per codon (not per neucleotide site).

tree length = 112.953600

((((((10: 0.237470, 11: 0.676329): 0.223983, 12: 1.199752): 0.000004, (7: 0.327028, ((1: 0.492818, 2: 0.481273): 0.000004, ((3: 0.176865, (5: 0.101424, 4: 0.161282): 0.205023): 0.867945, 6: 2.004347): 0.003486): 0.156681): 0.264652): 0.000004, (((8: 1.298322, 13: 0.169834): 0.125100, (((14: 0.231195, 15: 0.511439): 0.016208, (16: 0.939626, 9: 0.185180): 0.564364): 0.000004, 17: 0.304397): 0.017789): 0.071225, 18: 0.256389): 0.031961): 0.033450, 19: 0.616747): 50.000000, 20: 50.000000);

((((((Solanum: 0.237470, Coffea: 0.676329): 0.223983, Beta: 1.199752): 0.000004, (Malania: 0.327028, ((Dendropemon: 0.492818, Daenikera: 0.481273): 0.000004, ((Ombrophytum: 0.176865, (Lmirabile: 0.101424, Lpyramidale: 0.161282): 0.205023): 0.867945, Balanophora: 2.004347): 0.003486): 0.156681): 0.264652): 0.000004, (((Arabidopsis: 1.298322, Citrus: 0.169834): 0.125100, (((Prunus: 0.231195, Cucumis: 0.511439): 0.016208, (Glycine: 0.939626, Anadenanthera: 0.185180): 0.564364): 0.000004, Populus: 0.304397): 0.017789): 0.071225, Vitis: 0.256389): 0.031961): 0.033450, Nelumbo: 0.616747): 50.000000, Zea: 50.000000);

Detailed output identifying parameters

w (dN/dS) for branches:  0.00010 999.00000 0.00010 0.00010 0.00010 0.08879 0.12236 0.05785 0.05339 0.07728 0.07140 0.00010 0.12553 0.37473 999.00000 0.14125 1.03026 0.07056 0.05221 0.08120 0.04479 0.08553 999.00000 0.38654 0.01445 0.07058 999.00000 0.00010 999.00000 0.12628 0.02611 0.03671 0.03231 0.83758 0.19182 0.04297 0.05838 0.00313

dN & dS for each branch

 branch          t       N       S   dN/dS      dN      dS  N*dN  S*dS

  21..22    50.000   126.6    38.4  0.0001  0.0072 71.5482   0.9 2749.1
  22..23     0.033   126.6    38.4 999.0000  0.0145  0.0000   1.8   0.0
  23..24     0.000   126.6    38.4  0.0001  0.0000  0.0000   0.0   0.0
  24..25     0.000   126.6    38.4  0.0001  0.0000  0.0000   0.0   0.0
  25..26     0.224   126.6    38.4  0.0001  0.0000  0.3205   0.0  12.3
  26..10     0.237   126.6    38.4  0.0888  0.0234  0.2630   3.0  10.1
  26..11     0.676   126.6    38.4  0.1224  0.0844  0.6900  10.7  26.5
  25..12     1.200   126.6    38.4  0.0579  0.0835  1.4424  10.6  55.4
  24..27     0.265   126.6    38.4  0.0534  0.0172  0.3222   2.2  12.4
  27..7      0.327   126.6    38.4  0.0773  0.0288  0.3731   3.6  14.3
  27..28     0.157   126.6    38.4  0.0714  0.0130  0.1816   1.6   7.0
  28..29     0.000   126.6    38.4  0.0001  0.0000  0.0000   0.0   0.0
  29..1      0.493   126.6    38.4  0.1255  0.0626  0.4991   7.9  19.2
  29..2      0.481   126.6    38.4  0.3747  0.1155  0.3083  14.6  11.8
  28..30     0.003   126.6    38.4 999.0000  0.0015  0.0000   0.2   0.0
  30..31     0.868   126.6    38.4  0.1413  0.1198  0.8479  15.2  32.6
  31..3      0.177   126.6    38.4  1.0303  0.0594  0.0576   7.5   2.2
  31..32     0.205   126.6    38.4  0.0706  0.0168  0.2381   2.1   9.1
  32..5      0.101   126.6    38.4  0.0522  0.0065  0.1239   0.8   4.8
  32..4      0.161   126.6    38.4  0.0812  0.0148  0.1821   1.9   7.0
  30..6      2.004   126.6    38.4  0.0448  0.1120  2.5002  14.2  96.1
  23..33     0.032   126.6    38.4  0.0855  0.0031  0.0357   0.4   1.4
  33..34     0.071   126.6    38.4 999.0000  0.0309  0.0000   3.9   0.0
  34..35     0.125   126.6    38.4  0.3865  0.0304  0.0788   3.9   3.0
  35..8      1.298   126.6    38.4  0.0145  0.0256  1.7740   3.2  68.2
  35..13     0.170   126.6    38.4  0.0706  0.0139  0.1972   1.8   7.6
  34..36     0.018   126.6    38.4 999.0000  0.0077  0.0000   1.0   0.0
  36..37     0.000   126.6    38.4  0.0001  0.0000  0.0000   0.0   0.0
  37..38     0.016   126.6    38.4 999.0000  0.0070  0.0000   0.9   0.0
  38..14     0.231   126.6    38.4  0.1263  0.0295  0.2337   3.7   9.0
  38..15     0.511   126.6    38.4  0.0261  0.0176  0.6741   2.2  25.9
  37..39     0.564   126.6    38.4  0.0367  0.0265  0.7207   3.3  27.7
  39..16     0.940   126.6    38.4  0.0323  0.0393  1.2156   5.0  46.7
  39..9      0.185   126.6    38.4  0.8376  0.0591  0.0705   7.5   2.7
  36..17     0.304   126.6    38.4  0.1918  0.0512  0.2670   6.5  10.3
  33..18     0.256   126.6    38.4  0.0430  0.0138  0.3215   1.7  12.4
  22..19     0.617   126.6    38.4  0.0584  0.0432  0.7404   5.5  28.4
  21..20    50.000   126.6    38.4  0.0031  0.2216 70.8416  28.1 2721.9

tree length for dN:       1.4014
tree length for dS:     157.0691

dS tree:
((((((Solanum: 0.262997, Coffea: 0.689998): 0.320512, Beta: 1.442448): 0.000006, (Malania: 0.373125, ((Dendropemon: 0.499055, Daenikera: 0.308311): 0.000006, ((Ombrophytum: 0.057617, (Lmirabile: 0.123877, Lpyramidale: 0.182143): 0.238125): 0.847867, Balanophora: 2.500185): 0.000002): 0.181572): 0.322168): 0.000006, (((Arabidopsis: 1.773995, Citrus: 0.197245): 0.078769, (((Prunus: 0.233713, Cucumis: 0.674118): 0.000007, (Glycine: 1.215633, Anadenanthera: 0.070512): 0.720689): 0.000006, Populus: 0.267002): 0.000008): 0.000031, Vitis: 0.321496): 0.035693): 0.000015, Nelumbo: 0.740441): 71.548154, Zea: 70.841556);
dN tree:
((((((Solanum: 0.023351, Coffea: 0.084425): 0.000032, Beta: 0.083453): 0.000000, (Malania: 0.028836, ((Dendropemon: 0.062648, Daenikera: 0.115533): 0.000000, ((Ombrophytum: 0.059361, (Lmirabile: 0.006467, Lpyramidale: 0.014789): 0.016802): 0.119764, Balanophora: 0.111983): 0.001514): 0.012964): 0.017201): 0.000000, (((Arabidopsis: 0.025640, Citrus: 0.013921): 0.030448, (((Prunus: 0.029514, Cucumis: 0.017598): 0.007041, (Glycine: 0.039274, Anadenanthera: 0.059060): 0.026458): 0.000000, Populus: 0.051216): 0.007727): 0.030939, Vitis: 0.013814): 0.003053): 0.014530, Nelumbo: 0.043223): 0.007155, Zea: 0.221646);

w ratios as labels for TreeView:
((((((Solanum #0.0887899 , Coffea #0.122356 ) #0.0001 , Beta #0.057855 ) #0.0001 , (Malania #0.0772817 , ((Dendropemon #0.125533 , Daenikera #0.374728 ) #0.0001 , ((Ombrophytum #1.03026 , (Lmirabile #0.0522074 , Lpyramidale #0.0811968 ) #0.0705609 ) #0.141253 , Balanophora #0.04479 ) #999 ) #0.0713975 ) #0.0533903 ) #0.0001 , (((Arabidopsis #0.0144535 , Citrus #0.0705794 ) #0.386544 , (((Prunus #0.126282 , Cucumis #0.0261058 ) #999 , (Glycine #0.0323073 , Anadenanthera #0.837585 ) #0.036712 ) #0.0001 , Populus #0.19182 ) #999 ) #999 , Vitis #0.042969 ) #0.0855272 ) #999 , Nelumbo #0.0583753 ) #0.0001 , Zea #0.00312875 );


Time used: 12:05
