
Before deleting alignment gaps
     20    381

Dendropemon                     ATG AAC AAG AAG AAG ATA TTC AAG CTA GCG AAG GGG TTC AGG GGG AGG GCG AAG AAC TGC ATA CGG ATA GCG AGG GAG AGG GTG GAG AAG GCG CTG CAG TAC GCC TAC CGA GAC CGC CGC AAC AAG AAG CGC GAC ATG CGC TCC CTT TGG ATT CAG CGC ATC AGC GCC GGC TCC CGC CTG CAC GGA GTA CAT TAT GGT AAC TTC ATG CAT GGG CTA ATG AAG GAG AAC ATT CAA CTG AAC CGG AAG GTT CTG TCA GAG CTG TCT ATG CAT GAA CCA CAC TCC TTC AAG GCC CTT GTG GAC ATC TCT CAC AAA GCG TTC CCT GGA AAC AGA CCA ATT GCG GTT CCT CCC AAA AAG GAG GGG TTA ??? --- TCT CTC TTG ??? 
Daenikera                       TTG AAC AAG AAG GAG ATA CTG AAG CTA GCG AAG GGG TTC CGA GGG AGG GCG AAG AAC TGC ATA CGA ATT GCG AGG GAG AGA GTA GAG AAA GCC TTG CAC TAC TCC ACC AGA GAT CGT CAC AAC AAG AAG CGC GAC ATG CGT AGC CTC TGG ATC CAA CGC ATC AAC GCA GGA ACC CGC CAA CAC GGC GTT ACT TAT GGT AAC TTC ATC CAC GGG CTC ATG TTG GAG AAC ATT CAA CTG GAC CGG AAA GTT CTG TCG GAG CTT GCT ATG TTT GAA CCA CAA AGC TTT AAG GCC CTA GTG GAC ATC TCT CGC AAT GCG TTC CCA GGA AAC AGA GCT TTT TTG TTT --- CCT AAA AAG GAG GGT TTG ??? --- GCT GTA CTG ??? 
Malania                         ATG AAC AAG GAG AAG ATA TTC AAG CTA GCG AAA GGT TTC AGA GGA AGG GCG AAG AAC TGC ATA AGA ATA GCA AGA GAG AGA GTC GAG AAG GCC TTG CAG TAC TCT TAC AGA GAC CGT CGC AAC AAG AAG CGC GAT ATG CGC GCC CTC TGG ATC CAA CGC ATC AAC GCT GGC ACC CGC TTA CAC GGC GTG AAT TAT GGG AAC TTT ATG CAT GGG CTG ATG AAG GAG AAC ATC CAA TTG AAC AGG AAA GTT CTG TCA GAA CTG TCA ATG CAT GAA CCC TAT AGC TTC AAG GCC TTG GTG GAC ATC TCT CAC AAT GCC TTC CCT GGA AAC AAA ACC ATG CTG CTT CCT CCC AGG AAG GAT GGC CTC ??? --- GCT GTT TTG ??? 
Balanophora                     ATG AAC AAG GAG AAG ATA TTG AAG CTG GCA AAA GGG TTC AGA GGG AGG GCG AAG AAC TGC ATA AGG TTA GCG AAG GAG AGA GTG GAG AAG GCA CTG CAG TAT TCG TAC AGG GAC AGG AGG AAC AAG AAG AGG GAT ATG AGA TCT CTC TGG ATA CAG CGT ATC AAT GCA GGA ACT CGT CTT TAC GGA GTC AAC TAT GGA AAC TTC ATC CAT GGT TTG ATG AAG GAG AAC ATC CAG CTT AAC AGA AAA GTA CTG TCT GAA CTC TCT ATG CAT GAG CCT ACC TCC TTC AGG TCA CTT GTT CTT CTT TCT CGT AGT GCT TTC CCT GGC AAT AGG CCC TCT TCT CCC CCC TCC CTT CAA TCC CCC CCT ??? --- --- CCT TTT ??? 
Anadenanthera                   ATG AAC AAG GAT AAA ATC TTC AAG CTA GCA AAG GGC TTC CGT GGA AGA GCC AAG AAT TGC ATA AGG ATA GCT AGG GAA AGG GTG GAG AAG GCC TTG CAA TAT TCG TAC AGG GAC CGC CGT AAC AAA AAG AGG GAC ATG CGC GCC CTT TGG ATC CAA CGG ATT AAT GCT GGC ACC CGC ATT CAT GGA GTT AAC TAT GGG AAC TTC ATG CAC GGG CTG ATG AAG GAG AAT ATC CAA CTT AAC AGA AAG GTT TTG TCT GAG ATT TCC ATG CAT GAA CCA TAT AGC TTT AAA GCC TTG GTT GAT ATT TCT CGA AAT GCT TTC CCT GGA AAC AAA AAT GTG GTC ATT CCT CCA AGA AAG GTG GCC TTT ??? --- --- --- --- ??? 
Solanum                         ATG AAC AAG AAG GAA GTG TTT AAG CTA GCT AAA GGG TTT CGA GGA AGA GCT AAA AAT TGC ATA AGA ATA GCA AGA GAA AGA GTT GAG AAG GCG CTT CAG TAC TCA TAC AGA GAC CGC CGC AAC AAG AAG AGG GAT ATG CGT TCT CTC TGG ATT CAA CGC ATC AAT GCC GGA ACT CGT CAA CAC GGG GTG AAT TAT GGC AAT TTC ATG CAC GGG TTG ATG AAG GAG AAC GTA CAG CTG AAC AGG AAA GTC TTG TCA GAA CTG TCG ATG CAC GAA CCA TAC AGC TTC AAG GCC CTC GTG GAT GTC TCT CGC AGC GCT TTC CCT GGG AAT AAG AAG TCC ATA GTA CCT CCA AAG AAG GAA GGA CTT ??? --- GTT GTT CTT ??? 
Coffea                          ATG AAC AAG AAA GAG GTC TTC AAA TTA GCA AAG GGT TTC AGA GGA AGA GCA AAA AAC TGC ATC AGA ATT GCC AGA GAA AGG GTG GAG AAA GCC CTT CAA TAC TCC TAC AGA GAC CGC CGC AAT AAG AAG CGA GAT ATG CGG TCC CTT TGG ATT GAA CGT ATC AAC GCC GGC ACT CGC CAA CAC GGG GTT AAC TAC GGT AAC TTT ATG CAT GGT CTG ATG AAG GAG AAC ATC CAA CTG AAC AGG AAA GTC CTG TCA GAA CTT TCT ATG CAT GAA CCA CAC AGT TTC AAG GCT TTG GTT GAC ATC TCA CGC ACT GCA TTC CCT GGG AAT AAG AAG CCT GTG CTT GCT TCC AAA AAG GAA GGA CTT ??? --- GTT GTC CTG ??? 
Beta                            ATG AAC AAA AAG AAG ATA TTT AAA CTT GCA AAG GGT TTT AGA GGT AGG GCA AAG AAT TGC ATA AGG ATA GCA AGA GAG AGA GTG GAG AAG GCG CTT CAG TAC TCT TAT AGA GAT CGC CGC ACC AAG AAG CGT GAT ATG CGC TCT CTT TGG ATT GAA CGC ATC AAT GCT GGA ACC CGC CAA CAC GGC GTA AAT TAT GGC AAC TTC ATG TGT GGG TTG ATG AAG GAG AAT ATT CAA TTA AAC AGG AAG GTA TTA TCA GAA TTG GCC ATG CAT GAG CCT TAT AGT TTC AAG GCT CTA GTG GAT GTA TCG CGC AAT GCT TTT CCG GGA AAC AAA --- --- --- ATA GAA TCC AAA AAG GTA GGC CTT ??? --- GCT GTT CTG ??? 
Arabidopsis                     ATG AAC AAG AAG GAG ATC TTC AAG CTA GCG AAG GGT TTC AGA GGA AGA GCT AAG AAT TGT ATA AGA ATT GCG AGG GAA AGA GTC GAG AAA GCT CTG CAG TAC TCT TAC AGA GAT AGG CGC AAC AAG AAA CGT GAG ATG AGA GGT CTC TGG ATC GAG CGC ATC AAC GCC GGT TCT CGT CAG CAC GGT GTG AAC TAC GGG AAC TTC ATC CAT GGA CTG ATG AAG GAG AAC ATC CAG CTG AAC CGC AAA GTC CTC TCT GAG TTA TCT ATG CAT GAA CCT TAC AGT TTC AAA GCA CTT GTG GAT GTC TCC CGC AAG TCG TTC CCT GGA AAC AAG AAC GTG GTC CAA GCA TCT CGG AAA GTA GAC ATT ??? TCC ATC AAT GCC ??? 
Citrus                          ATG AAC AAG AAG GAG ATA TTT AAG CTG GCA AAG GGG TTC AGA GGA AGA GCG AAA AAT TGC ATA AGA ATA GCA AGA GAG AGA GTG GAG AAA GCA TTG CAG TAT TCC TAC AGA GAC CGC CGC AAC AAG AAG CGT GAC ATG CGC TCC CTT TGG ATT CAA CGC ATC AAC GCC GGC ACT CGC CAA CAC GGC GTT AAC TAT GGT AAC TTT ATG CAT GGA CTG ATG AAG GAG AAC ATC CAA CTG AAC AGG AAA GTT CTG TCA GAG CTG TCG ATG CAT GAA CCA TAT AGT TTC AAG GCC CTT GTA GAC ATC TCT CGC AAT GCC TTC CCT GGA AAC AAA AAT ATT GTG CAT CCT CCC AGA AAG GCT GAC ATT ??? --- ATC AAT GCG ??? 
Prunus                          ATG AAC AAG GAT AAG ATA TTC AAG TTA GCC AAG GGC TTC AGG GGA AGG GCC AAG AAT TGC ATA AGG ATT GCC AGA GAG AGG GTG GAG AAG GCC TTG CAG TAT TCC TAC AGG GAT CGC CGC ACC AAG AAG CGA GAT ATG CGC TCC CTG TGG ATC CAA CGC ATC AAT GCT GGC ACC CGC ATC CAT GGT GTT AAT TAT GGG AAT TTC ATG CAT GGG TTG ATG AAG GAG AAC ATT CAG CTG AAC AGG AAA GTT TTG TCA GAG CTG TCC ATG CAC GAA CCA TAC AGT TTC AAG GCC CTA GTA GAC ATC TCT CGC ACT GCC TTC CCT GGG AAC AAG AAC GTG GTT CAT GCT CCC AAA AAG GAA GGC CTT ??? --- ATG CTT GTG ??? 
Cucumis                         ATG AAC AAG GAC AAG ATA TTT AAG CTA GCC AAG GGT TTT AGA GGC AGG GCC AAG AAT TGC ATA AGG ATT GCC AGA GAG CGA GTG GAG AAG GCT CTC CAA TAT TCA TAC AGG GAT CGT CGG AAC AAG AAA CGG GAC ATG CGC TCT CTT TGG ATA CAA CGC ATC AAT GCT GGC ACA CGC CTT CAT GGG GTG AAT TAT GGC AAT TTT ATG CAT GGG CTG ATG AAG GAG AAC GTT CAA CTA AAT AGA AAA GTA TTA TCA GAG CTC TCA ATG CAC GAA CCT TAC AGT TTC AAG GCG CTG GTA GAC ATC TCT CGT AAT GCA TTT CCT GGA AAC AAG AAT GTA GTG TTT CCC CCC AAG AAA GAT GCT GCT ??? --- ATG ATT GTT ??? 
Glycine                         ATG AAC AAG GAT AAG ATC TTC AAG CTA GCG AAG GGG TTC AGG GGT AGA GCC AAG AAT TGC ATA AGG ATA GCA AGG GAG AGG GTT GAG AAG GCC TTG CAA TAT TCC TAC AGA GAC CGC CGT AAC AAA AAG AGG GAC ATG CGA TCC CTT TGG ATC CAA AGG ATC AAT GCT GGT ACC CGC ATT CAT GGG GTC AAC TAT GGG AAC TTC ATG CAT GGG CTG ATG AAG GAG AAT ATC CAA CTT AAC AGA AAG GTT CTG TCA GAG ATA TCT ATG CAC GAA CCC TAT AGC TTC AAG TCT TTG GTA GAT ATA TCA CGA AAT GCA TTT CCC GGA AAC AAG AAT GTG GTG ATT CCT CCT AGA AAG GTG GCC TTT ??? --- --- --- --- ??? 
Populus                         ATG AAC AAG AAG GAA ATA TTC AAA CTA GCA AAA GGG TTT AGA GGA AGA GCA AAG AAC TGT ATA AGG ATA GCA AGA GAA AGG GTT GAG AAG GCC TTG CAG TAC TCT TAC AGA GAT CGC CGC AAC AAG AAG AGG GAC ATG CGC TCT CTT TGG ATC CAA CGC ATC AAT GCT GGC ACC CGC CAA CAT GGT GTT AAT TAT GGT AAC TTC ATG CAT GGG CTG ATG AAG GAG AAC ATT CAG CTG AAC AGA AAA GTC TTA TCA GAG ATA TCC ATG CAT GAA CCA TAT AGT TTC AAG GCC CTG GTA GAC ATC TCA CGT AAT GCC TTT CCT GGA AAC AAA AAT GTG GTG CAT CCT CCC AGG AAA GTG GAT ATG ??? GCT GTT AAT GTG ??? 
Vitis                           ATG AAC AAG GAC AAA ATA TTT AAG CTA GCA AAA GGA TTC AGG GGG AGG GCG AAG AAC TGC ATA AGG ATA GCG AGA GAG AGG GTG GAG AAG GCA TTG CAG TAT TCT TAC AGA GAT CGA AGA ACC AAA AAA AGG GAC ATG CGC TCT CTT TGG ATC GAA AGG ATT AAT GCT GGC TCC CGC CTG CAC GGA GTT AAT TAC AAT AAC TTT ATA CAT GGG TTG ATG AAG GAG AAC ATC CAG CTG AAC AGG AAA GTT CTC TCA GAG CTG TCT ATG CAT GAA CCT TAC ACC TTC AAA GCC CTG GTG GAT ATC TCA CAG AAT GCC TTC CCT GGA AAT AAG AAA GCG GTG CTT CCT CCC AGA AAG GAA GGC ATT ??? --- GTT GTT CTG ??? 
Nelumbo                         ATG AAC AAG GAC AAG ATA TTC AAG CTT GCA AAA GGG TTT AGA GGA AGA GCC AAG AAT TGT ATT CGA ATA GCA AGG GAG AGA GTG GAG AAG GCC TTG CAG TAC TCG TAC AGG GAC CGT CGC AAT AAG AAG AGG GAC ATG CGC TCC CTC TGG ATT GAA AGG ATC AAT GCC GGC ACC CGC TTG CAT GGG GTA AAT TAT GGT AAC TTC ATG CAT GGG CTG ATG AAG GAG AAC ATC CAA CTG AAT AGG AAG GTA CTG TCA GAA CTG TCA ATG CAT GAG CCA TAT AGC TTC AAG GCC CTA GTA GAC ATT TCC CGT AAT GTC TTC CCT GGA AAC AAG AAG GTG GTG ATT CCT CCC AAA AAG GAA GGC CTG ??? --- ATT GTT GCA ??? 
Zea                             ATG AAC AAG GGA AAG ATT TTT AAG CTA GCC AAG GGA TTC AGA GGA AGG GCG AAA AAT TGC ATA AGG ATA GCA AGA GAG AGG GTG GAG AAG GCG CTG CAA TAT TCA TAT AGG GAT CGA CGC AAC AAG AAG AGA GAC ATG CGG TCT CTT TGG ATT GAG CGC ATC AAT GCT GGT ACA CGC CTC CAT GGG GTG AAC TAC GGC AAT TTC ATG CAT GGG TTA ATG AAG GAG AAC ATC CAA CTC AAC AGG AAG GTG CTC TCG GAG CTG TCA ATG CAC GAG CCA TAC AGC TTC AAG GCT CTT GTC GAT GTG TCT CGG AAT GCA TTT CCT GGC AAC AGG CCT GTT --- --- --- CCT GCC AAG GAG GGG CTA ??? --- AGC ATT CTG ??? 
Lmirabile                       ATG AAC AAG AAG AAG ATA CTT AAG TTG GCG AAA GGT TTC AGA GGC AGG GCG AAG AAC TGC ATA AGG ATT GCT AGA GAG CGA GTT GAG AAG GCC TTG CAG TAC TCC TAT AGA GAT CGG CGC AAC AAG AAA CGT GAC ATG CGT TCT CTC TGG ATC CAG AGG ATC AAT GCT GGA ACT CGC TTG CAC GGC GTT AAC TAT GGA AAC TTC ATG CAT GGG CTG ATG AAG GAG AAC ATA CAA CTA AAC CGC AAA GTT CTA TCT GAA CTC TCC ATG CAC GAA CCT TAC AGT TTC AAG GCT TTG ATA GAT GTC TCC AGA AAC ACG TTC CCC GGA AAT AAG AAG CTA CCA CCC CCT CCT GGC AAG GTA GGC CTC ??? --- GTT GTT TTA ??? 
Ombrophytum                     ATG AAC AAG AAG AAG ATA CTC CAG CTC GCG AAA GGT TTC AGA GGT AGG GCG AAG AAC TGC ATA AGG ATT GCA AGA GAA CGA GTT GAG AAG GCC TTG CAG TAC TCC TAT CGT GAT CGA CGC AAC AAG AAG CGA GAC ATG CGT TCG CTA TGG ATC CAG AGA ATC AAT GCA GGA ACC CGC TTA CAC GGG GTT AAC TAC GGA AAT TTT ATG CAT GGG CTG ATG AAG GAG AAC ATC CAG ATA AAC CGT AAG GTT CTG TCA GAA CTC TCA ATG CAT GAA CCT CTC AGC TTC AGA GCT TTG GTT GAT CTC TCT CGA AAC TCC TTC CCA GGG AAT AAG AAG GTG ACT GTT CCA CCT CAG AAA GCA GGC ATT ??? --- GTT GTT TTA ??? 
Lpyramidale                     ATG AAC AAG AAG AAG ATA CTT AAG CTG GCC AAA GGT TTC AGA GGT AGG GCA AAG AAT TGC ATA AGG ATT GCT AGG GAG CGA GTT GAG AAG GCC TTG CAG TAC TCC TAT AGG GAT CGG CGC AAC AAG AAA CGA GAC ATG CGT TCC CTC TGG ATC CAG AGG ATC AAT GCT GGA ACT CGC GTG CAC GGC GTT AAC TAT GGA AAC TTC ATG CAT GGG CTG ATG AAG GAG AAT ATC CAA CTA AAT CGA AAA GTT CTA TCC GAA CTC TCC ATG CAC GAA CCT TAC AGC TTC AAG GCT TTG GTA GAT GTC TCC AGA AGT GCC TTC CCA GGA AAT AAG AAG CTA GCG CCC CCT CCT GAT AGG GTA GGC CTC ??? --- GTT GTT TTA ??? 



After deleting gaps. 348 sites
     20    348

Dendropemon                     ATG AAC AAG AAG AAG ATA TTC AAG CTA GCG AAG GGG TTC AGG GGG AGG GCG AAG AAC TGC ATA CGG ATA GCG AGG GAG AGG GTG GAG AAG GCG CTG CAG TAC GCC TAC CGA GAC CGC CGC AAC AAG AAG CGC GAC ATG CGC TCC CTT TGG ATT CAG CGC ATC AGC GCC GGC TCC CGC CTG CAC GGA GTA CAT TAT GGT AAC TTC ATG CAT GGG CTA ATG AAG GAG AAC ATT CAA CTG AAC CGG AAG GTT CTG TCA GAG CTG TCT ATG CAT GAA CCA CAC TCC TTC AAG GCC CTT GTG GAC ATC TCT CAC AAA GCG TTC CCT GGA AAC AGA CCC AAA AAG GAG GGG TTA 
Daenikera                       TTG AAC AAG AAG GAG ATA CTG AAG CTA GCG AAG GGG TTC CGA GGG AGG GCG AAG AAC TGC ATA CGA ATT GCG AGG GAG AGA GTA GAG AAA GCC TTG CAC TAC TCC ACC AGA GAT CGT CAC AAC AAG AAG CGC GAC ATG CGT AGC CTC TGG ATC CAA CGC ATC AAC GCA GGA ACC CGC CAA CAC GGC GTT ACT TAT GGT AAC TTC ATC CAC GGG CTC ATG TTG GAG AAC ATT CAA CTG GAC CGG AAA GTT CTG TCG GAG CTT GCT ATG TTT GAA CCA CAA AGC TTT AAG GCC CTA GTG GAC ATC TCT CGC AAT GCG TTC CCA GGA AAC AGA CCT AAA AAG GAG GGT TTG 
Malania                         ATG AAC AAG GAG AAG ATA TTC AAG CTA GCG AAA GGT TTC AGA GGA AGG GCG AAG AAC TGC ATA AGA ATA GCA AGA GAG AGA GTC GAG AAG GCC TTG CAG TAC TCT TAC AGA GAC CGT CGC AAC AAG AAG CGC GAT ATG CGC GCC CTC TGG ATC CAA CGC ATC AAC GCT GGC ACC CGC TTA CAC GGC GTG AAT TAT GGG AAC TTT ATG CAT GGG CTG ATG AAG GAG AAC ATC CAA TTG AAC AGG AAA GTT CTG TCA GAA CTG TCA ATG CAT GAA CCC TAT AGC TTC AAG GCC TTG GTG GAC ATC TCT CAC AAT GCC TTC CCT GGA AAC AAA CCC AGG AAG GAT GGC CTC 
Balanophora                     ATG AAC AAG GAG AAG ATA TTG AAG CTG GCA AAA GGG TTC AGA GGG AGG GCG AAG AAC TGC ATA AGG TTA GCG AAG GAG AGA GTG GAG AAG GCA CTG CAG TAT TCG TAC AGG GAC AGG AGG AAC AAG AAG AGG GAT ATG AGA TCT CTC TGG ATA CAG CGT ATC AAT GCA GGA ACT CGT CTT TAC GGA GTC AAC TAT GGA AAC TTC ATC CAT GGT TTG ATG AAG GAG AAC ATC CAG CTT AAC AGA AAA GTA CTG TCT GAA CTC TCT ATG CAT GAG CCT ACC TCC TTC AGG TCA CTT GTT CTT CTT TCT CGT AGT GCT TTC CCT GGC AAT AGG TCC CTT CAA TCC CCC CCT 
Anadenanthera                   ATG AAC AAG GAT AAA ATC TTC AAG CTA GCA AAG GGC TTC CGT GGA AGA GCC AAG AAT TGC ATA AGG ATA GCT AGG GAA AGG GTG GAG AAG GCC TTG CAA TAT TCG TAC AGG GAC CGC CGT AAC AAA AAG AGG GAC ATG CGC GCC CTT TGG ATC CAA CGG ATT AAT GCT GGC ACC CGC ATT CAT GGA GTT AAC TAT GGG AAC TTC ATG CAC GGG CTG ATG AAG GAG AAT ATC CAA CTT AAC AGA AAG GTT TTG TCT GAG ATT TCC ATG CAT GAA CCA TAT AGC TTT AAA GCC TTG GTT GAT ATT TCT CGA AAT GCT TTC CCT GGA AAC AAA CCA AGA AAG GTG GCC TTT 
Solanum                         ATG AAC AAG AAG GAA GTG TTT AAG CTA GCT AAA GGG TTT CGA GGA AGA GCT AAA AAT TGC ATA AGA ATA GCA AGA GAA AGA GTT GAG AAG GCG CTT CAG TAC TCA TAC AGA GAC CGC CGC AAC AAG AAG AGG GAT ATG CGT TCT CTC TGG ATT CAA CGC ATC AAT GCC GGA ACT CGT CAA CAC GGG GTG AAT TAT GGC AAT TTC ATG CAC GGG TTG ATG AAG GAG AAC GTA CAG CTG AAC AGG AAA GTC TTG TCA GAA CTG TCG ATG CAC GAA CCA TAC AGC TTC AAG GCC CTC GTG GAT GTC TCT CGC AGC GCT TTC CCT GGG AAT AAG CCA AAG AAG GAA GGA CTT 
Coffea                          ATG AAC AAG AAA GAG GTC TTC AAA TTA GCA AAG GGT TTC AGA GGA AGA GCA AAA AAC TGC ATC AGA ATT GCC AGA GAA AGG GTG GAG AAA GCC CTT CAA TAC TCC TAC AGA GAC CGC CGC AAT AAG AAG CGA GAT ATG CGG TCC CTT TGG ATT GAA CGT ATC AAC GCC GGC ACT CGC CAA CAC GGG GTT AAC TAC GGT AAC TTT ATG CAT GGT CTG ATG AAG GAG AAC ATC CAA CTG AAC AGG AAA GTC CTG TCA GAA CTT TCT ATG CAT GAA CCA CAC AGT TTC AAG GCT TTG GTT GAC ATC TCA CGC ACT GCA TTC CCT GGG AAT AAG TCC AAA AAG GAA GGA CTT 
Beta                            ATG AAC AAA AAG AAG ATA TTT AAA CTT GCA AAG GGT TTT AGA GGT AGG GCA AAG AAT TGC ATA AGG ATA GCA AGA GAG AGA GTG GAG AAG GCG CTT CAG TAC TCT TAT AGA GAT CGC CGC ACC AAG AAG CGT GAT ATG CGC TCT CTT TGG ATT GAA CGC ATC AAT GCT GGA ACC CGC CAA CAC GGC GTA AAT TAT GGC AAC TTC ATG TGT GGG TTG ATG AAG GAG AAT ATT CAA TTA AAC AGG AAG GTA TTA TCA GAA TTG GCC ATG CAT GAG CCT TAT AGT TTC AAG GCT CTA GTG GAT GTA TCG CGC AAT GCT TTT CCG GGA AAC AAA TCC AAA AAG GTA GGC CTT 
Arabidopsis                     ATG AAC AAG AAG GAG ATC TTC AAG CTA GCG AAG GGT TTC AGA GGA AGA GCT AAG AAT TGT ATA AGA ATT GCG AGG GAA AGA GTC GAG AAA GCT CTG CAG TAC TCT TAC AGA GAT AGG CGC AAC AAG AAA CGT GAG ATG AGA GGT CTC TGG ATC GAG CGC ATC AAC GCC GGT TCT CGT CAG CAC GGT GTG AAC TAC GGG AAC TTC ATC CAT GGA CTG ATG AAG GAG AAC ATC CAG CTG AAC CGC AAA GTC CTC TCT GAG TTA TCT ATG CAT GAA CCT TAC AGT TTC AAA GCA CTT GTG GAT GTC TCC CGC AAG TCG TTC CCT GGA AAC AAG TCT CGG AAA GTA GAC ATT 
Citrus                          ATG AAC AAG AAG GAG ATA TTT AAG CTG GCA AAG GGG TTC AGA GGA AGA GCG AAA AAT TGC ATA AGA ATA GCA AGA GAG AGA GTG GAG AAA GCA TTG CAG TAT TCC TAC AGA GAC CGC CGC AAC AAG AAG CGT GAC ATG CGC TCC CTT TGG ATT CAA CGC ATC AAC GCC GGC ACT CGC CAA CAC GGC GTT AAC TAT GGT AAC TTT ATG CAT GGA CTG ATG AAG GAG AAC ATC CAA CTG AAC AGG AAA GTT CTG TCA GAG CTG TCG ATG CAT GAA CCA TAT AGT TTC AAG GCC CTT GTA GAC ATC TCT CGC AAT GCC TTC CCT GGA AAC AAA CCC AGA AAG GCT GAC ATT 
Prunus                          ATG AAC AAG GAT AAG ATA TTC AAG TTA GCC AAG GGC TTC AGG GGA AGG GCC AAG AAT TGC ATA AGG ATT GCC AGA GAG AGG GTG GAG AAG GCC TTG CAG TAT TCC TAC AGG GAT CGC CGC ACC AAG AAG CGA GAT ATG CGC TCC CTG TGG ATC CAA CGC ATC AAT GCT GGC ACC CGC ATC CAT GGT GTT AAT TAT GGG AAT TTC ATG CAT GGG TTG ATG AAG GAG AAC ATT CAG CTG AAC AGG AAA GTT TTG TCA GAG CTG TCC ATG CAC GAA CCA TAC AGT TTC AAG GCC CTA GTA GAC ATC TCT CGC ACT GCC TTC CCT GGG AAC AAG CCC AAA AAG GAA GGC CTT 
Cucumis                         ATG AAC AAG GAC AAG ATA TTT AAG CTA GCC AAG GGT TTT AGA GGC AGG GCC AAG AAT TGC ATA AGG ATT GCC AGA GAG CGA GTG GAG AAG GCT CTC CAA TAT TCA TAC AGG GAT CGT CGG AAC AAG AAA CGG GAC ATG CGC TCT CTT TGG ATA CAA CGC ATC AAT GCT GGC ACA CGC CTT CAT GGG GTG AAT TAT GGC AAT TTT ATG CAT GGG CTG ATG AAG GAG AAC GTT CAA CTA AAT AGA AAA GTA TTA TCA GAG CTC TCA ATG CAC GAA CCT TAC AGT TTC AAG GCG CTG GTA GAC ATC TCT CGT AAT GCA TTT CCT GGA AAC AAG CCC AAG AAA GAT GCT GCT 
Glycine                         ATG AAC AAG GAT AAG ATC TTC AAG CTA GCG AAG GGG TTC AGG GGT AGA GCC AAG AAT TGC ATA AGG ATA GCA AGG GAG AGG GTT GAG AAG GCC TTG CAA TAT TCC TAC AGA GAC CGC CGT AAC AAA AAG AGG GAC ATG CGA TCC CTT TGG ATC CAA AGG ATC AAT GCT GGT ACC CGC ATT CAT GGG GTC AAC TAT GGG AAC TTC ATG CAT GGG CTG ATG AAG GAG AAT ATC CAA CTT AAC AGA AAG GTT CTG TCA GAG ATA TCT ATG CAC GAA CCC TAT AGC TTC AAG TCT TTG GTA GAT ATA TCA CGA AAT GCA TTT CCC GGA AAC AAG CCT AGA AAG GTG GCC TTT 
Populus                         ATG AAC AAG AAG GAA ATA TTC AAA CTA GCA AAA GGG TTT AGA GGA AGA GCA AAG AAC TGT ATA AGG ATA GCA AGA GAA AGG GTT GAG AAG GCC TTG CAG TAC TCT TAC AGA GAT CGC CGC AAC AAG AAG AGG GAC ATG CGC TCT CTT TGG ATC CAA CGC ATC AAT GCT GGC ACC CGC CAA CAT GGT GTT AAT TAT GGT AAC TTC ATG CAT GGG CTG ATG AAG GAG AAC ATT CAG CTG AAC AGA AAA GTC TTA TCA GAG ATA TCC ATG CAT GAA CCA TAT AGT TTC AAG GCC CTG GTA GAC ATC TCA CGT AAT GCC TTT CCT GGA AAC AAA CCC AGG AAA GTG GAT ATG 
Vitis                           ATG AAC AAG GAC AAA ATA TTT AAG CTA GCA AAA GGA TTC AGG GGG AGG GCG AAG AAC TGC ATA AGG ATA GCG AGA GAG AGG GTG GAG AAG GCA TTG CAG TAT TCT TAC AGA GAT CGA AGA ACC AAA AAA AGG GAC ATG CGC TCT CTT TGG ATC GAA AGG ATT AAT GCT GGC TCC CGC CTG CAC GGA GTT AAT TAC AAT AAC TTT ATA CAT GGG TTG ATG AAG GAG AAC ATC CAG CTG AAC AGG AAA GTT CTC TCA GAG CTG TCT ATG CAT GAA CCT TAC ACC TTC AAA GCC CTG GTG GAT ATC TCA CAG AAT GCC TTC CCT GGA AAT AAG CCC AGA AAG GAA GGC ATT 
Nelumbo                         ATG AAC AAG GAC AAG ATA TTC AAG CTT GCA AAA GGG TTT AGA GGA AGA GCC AAG AAT TGT ATT CGA ATA GCA AGG GAG AGA GTG GAG AAG GCC TTG CAG TAC TCG TAC AGG GAC CGT CGC AAT AAG AAG AGG GAC ATG CGC TCC CTC TGG ATT GAA AGG ATC AAT GCC GGC ACC CGC TTG CAT GGG GTA AAT TAT GGT AAC TTC ATG CAT GGG CTG ATG AAG GAG AAC ATC CAA CTG AAT AGG AAG GTA CTG TCA GAA CTG TCA ATG CAT GAG CCA TAT AGC TTC AAG GCC CTA GTA GAC ATT TCC CGT AAT GTC TTC CCT GGA AAC AAG CCC AAA AAG GAA GGC CTG 
Zea                             ATG AAC AAG GGA AAG ATT TTT AAG CTA GCC AAG GGA TTC AGA GGA AGG GCG AAA AAT TGC ATA AGG ATA GCA AGA GAG AGG GTG GAG AAG GCG CTG CAA TAT TCA TAT AGG GAT CGA CGC AAC AAG AAG AGA GAC ATG CGG TCT CTT TGG ATT GAG CGC ATC AAT GCT GGT ACA CGC CTC CAT GGG GTG AAC TAC GGC AAT TTC ATG CAT GGG TTA ATG AAG GAG AAC ATC CAA CTC AAC AGG AAG GTG CTC TCG GAG CTG TCA ATG CAC GAG CCA TAC AGC TTC AAG GCT CTT GTC GAT GTG TCT CGG AAT GCA TTT CCT GGC AAC AGG CCT GCC AAG GAG GGG CTA 
Lmirabile                       ATG AAC AAG AAG AAG ATA CTT AAG TTG GCG AAA GGT TTC AGA GGC AGG GCG AAG AAC TGC ATA AGG ATT GCT AGA GAG CGA GTT GAG AAG GCC TTG CAG TAC TCC TAT AGA GAT CGG CGC AAC AAG AAA CGT GAC ATG CGT TCT CTC TGG ATC CAG AGG ATC AAT GCT GGA ACT CGC TTG CAC GGC GTT AAC TAT GGA AAC TTC ATG CAT GGG CTG ATG AAG GAG AAC ATA CAA CTA AAC CGC AAA GTT CTA TCT GAA CTC TCC ATG CAC GAA CCT TAC AGT TTC AAG GCT TTG ATA GAT GTC TCC AGA AAC ACG TTC CCC GGA AAT AAG CCT GGC AAG GTA GGC CTC 
Ombrophytum                     ATG AAC AAG AAG AAG ATA CTC CAG CTC GCG AAA GGT TTC AGA GGT AGG GCG AAG AAC TGC ATA AGG ATT GCA AGA GAA CGA GTT GAG AAG GCC TTG CAG TAC TCC TAT CGT GAT CGA CGC AAC AAG AAG CGA GAC ATG CGT TCG CTA TGG ATC CAG AGA ATC AAT GCA GGA ACC CGC TTA CAC GGG GTT AAC TAC GGA AAT TTT ATG CAT GGG CTG ATG AAG GAG AAC ATC CAG ATA AAC CGT AAG GTT CTG TCA GAA CTC TCA ATG CAT GAA CCT CTC AGC TTC AGA GCT TTG GTT GAT CTC TCT CGA AAC TCC TTC CCA GGG AAT AAG CCT CAG AAA GCA GGC ATT 
Lpyramidale                     ATG AAC AAG AAG AAG ATA CTT AAG CTG GCC AAA GGT TTC AGA GGT AGG GCA AAG AAT TGC ATA AGG ATT GCT AGG GAG CGA GTT GAG AAG GCC TTG CAG TAC TCC TAT AGG GAT CGG CGC AAC AAG AAA CGA GAC ATG CGT TCC CTC TGG ATC CAG AGG ATC AAT GCT GGA ACT CGC GTG CAC GGC GTT AAC TAT GGA AAC TTC ATG CAT GGG CTG ATG AAG GAG AAT ATC CAA CTA AAT CGA AAA GTT CTA TCC GAA CTC TCC ATG CAC GAA CCT TAC AGC TTC AAG GCT TTG GTA GAT GTC TCC AGA AGT GCC TTC CCA GGA AAT AAG CCT GAT AGG GTA GGC CTC 



Printing out site pattern counts


        20        339  P

Dendropemon                     AAA AAA AAC AAC AAC AAC AAC AAC AAC AAG AAG AAG AAG AAG AAG AAG AAG AAG AAG AAG AAG AAG AGA AGC AGG AGG AGG AGG ATA ATA ATA ATC ATC ATG ATG ATG ATT ATT CAA CAC CAC CAC CAG CAG CAT CAT CAT CCA CCC CCT CGA CGC CGC CGC CGC CGC CGC CGG CGG CTA CTA CTG CTG CTG CTG CTG CTT CTT GAA GAC GAC GAC GAG GAG GAG GAG GCC GCC GCC GCG GCG GCG GCG GCG GGA GGA GGC GGG GGG GGG GGG GGT GTA GTG GTG GTT TAC TAC TAT TCA TCC TCC TCC TCT TCT TGC TGG TTA TTC TTC TTC TTC TTC 
Daenikera                       ... ..T ... ... ... ... ... ... G.. ..A ..A ... ... ... ... ... ... ... ... ... G.. TT. ... .A. ..A ... ... C.A ... ... ..T ... ... ..C ... T.. ..C ... ... ..A ... .G. ..A ..C AC. ..C TT. ... ..T ..A A.. .A. ... ... ... ..T ..T ..A ... ... ..C .AA ... ... ..T T.. ..A ..C ... ... ... ..T ... ... ... ... ..A ... T.. ..C ... ... ... ... ... ..C ..A ... ... ... ..T ... ..T ..A ... ... AC. ... ... ..G A.. AG. AG. G.. ... ... ... ..G C.G ... ... ... ..T 
Malania                         .GG ..T ... ... ... ... ... ... ... ..A ... ..A ... ... ... ... ... ... ... G.. ... ... .A. .A. ..A ..A ... ..A ... ... ... ... ... ... ... ... ..C ..C ... T.T ... ... ..A ... A.. ... ... ..C ... ... A.. ... ... ... ... ... ..T A.A A.. ... ..G T.A ... T.. ... T.. T.G ..C ... ... ..T ... ..A ... ... ..T ..T ... T.T ..C ..A ..C ... ... ... ..C ... ..A ... ..T ..C ..G ..G ..C ... ... ... ... ... ... A.. AG. G.. ..A ... ... ... C.C ... ... ... ..T ... 
Balanophora                     CTT .GT ... ... ... ... ... ..T ... ..A ... ..A ... ... ... ... ... .G. C.A G.. ... ... ..G .AT ..A .A. ... ..A ... ... T.. ... C.T ..C ... ... ..A ..C ..G AC. T.. .GT ... ... A.C ... ... ..T T.. ... A.G A.G A.G ..T ..T A.A A.G A.. A.A ..G T.G ..T ... ..T ..C ... ... ..C ..G CTT ..T ... ..A ... ... TCC ..A T.A T.G ..A ... ..T ..A ... ..C ... ..A ... ..T ... CCC ..A ..C ... ..T ..A ... ..T ... ..T A.T ... ..T ... ... ... ... CCT ..G ... ... ... ... 
Anadenanthera                   .G. ..T ... ... ... ..T ..T ... ... ... ... ... ..A ... ... ... ... ..A ... G.T ..A ... .A. .AT ... ... ..A C.T ... ..C ... ..T ..T ... ... ... ..C ..C ... T.T ..T .GA ..A ..A A.C ..C ... ... ..A ... A.G ..T A.G ... ..G ... ... A.. A.A ... ..G A.T T.. ..T A.T T.. T.G ... ... ..T ... ... ... ..A ... .T. ..T ... T.G ..C ..T ..T ..A ..C ... ... ... ..A ... ..C .CC ..G ..T ... ..T ... ... ..T ... ..T A.. AG. G.. ..C ... ... ... ..T ... ... ... ... ..T 
Solanum                         ..G .GC ... ... ..T ... ..T ..T ... ..A ... ..A ... ..A ... ... ... ... ... ... G.A ... .AG .AT ..A ..A ..A C.A ... G.G ... ... G.. ... ... ... ... G.A ..G T.. ... .G. ..A ... A.. ..C ..C ... ..A ... A.. ... A.G ..T ... ..T ... A.A A.. ... T.G .AA T.. ... ... ..T ..C ..C ... ..T ..T ... ..A ..A ... ..A ... ... T.A ... ..A ..T ..T ..T ..G ..G ..A ..A ... ... ..A ..C ..G ..T ... ..C ... ... ... ... A.T AG. ..T ..G ... ... ... C.T ..T ... ..T ... ... 
Coffea                          ... .CT ... ..T ... ... ... ..T ... ..A ..A ... ... ..A ..A ... ... ... ... ..A G.. ... .AG .A. ... ..A ..A ..A ..C G.C ..T ... ... ... ... ... ... ..C ... ... ... .G. G.A ..A A.C ... ... ... T.. ... A.. ... ..A ... ..T ..G ... A.A A.. T.. ..G .AA ... ... ..T ..T T.G ... ... ... ..T ... ..A ..A ... ..A ... ..T T.. ..C ..C ..A ..A ..A ..G ..G ... ..A ..T ..T ..A ... ..T ... ..T ..C ... ... ..C ... A.T AGT ... ... ..A ... ... C.T ... ... ... ..T ... 
Beta                            ... ..T ... .C. ... ..T ..T ... ... ... ... ... ... ... ..A ..A ... ... ... ... ... ... .A. .AT ..A ..A ... ..A ... ... ... ... G.A ... ... ... ... ... ... T.T ... .G. G.A ... A.. TG. ... ..T T.. ..G A.. ... ..T ... ... ... ... A.. A.. ..T T.G .AA T.A T.A T.. ..T ..A ... ..G ..T ..T ..T ..A ... ... .TA ..T ..T T.T ... ..A ..T ..A ..A ... ..C ..A ..T ... ..T ..C ..C ... ... ... ..A ..T ... ... ... A.. AGT ..T G.C ..G ... ... C.T ..T ..T ..T ... ... 
Arabidopsis                     CGG ..G ... ... ... ... ..T ... ... ..A ..A ... ... ... ... ... ..A ..A ..A ... G.. ... .AG .A. ..A ... ..A ..A ... ..C ..T ... G.. ..C ... ... ..C ..C ..G T.. ... .G. G.. ... A.C ... ... ..T T.T ... A.. ... ..T ..T ... A.A A.G A.A ..C ... ..G .A. ..C ... T.A ... ... ..C ... ..T ..G ..T ... ..A ... .TA ... ..A T.T ..T ... T.. ... ..T ... ..T ..T ..A ..A ..T .AC ..G ..G ..C ... ..C ... ... ..C ..T ..T AGT GGT ... ..C ..T ... A.T ... ... ... ... ... 
Citrus                          .G. ..T ... ... ... ... ..T ... ... ..A ..A ... ... ..A ... ... ... ... ... ... G.. ... .A. .A. ..A ..A ..A ..A ... ... ... ... ... ... ... ... ... ..C ... T.T ... .G. ..A ... A.C ... ... ... ... ... A.. ... ..T ... ... ... ... A.A A.. ..G ..G .AA ... ... ... T.. ... ... ... ... ... ... ... ... ... .CT ... ... T.. ..A ..A ..C ..A ... ... ..C ... ..A ..A ... .AC ... ..T ... ..A ... ... ..T ... ... A.T AGT ... ..G ... ... ... A.T ..T ... ... ..T ... 
Prunus                          ... .CT ... .C. ..T ... ..T ... ... ..A ... ... ... ... ... ... ... ... ... G.T ... ... .AG .AT ... ..A ... ... ... ... ..T ... ... ... ... ... ..C ... ..G T.. ..T .G. ..A ... A.. ... ..C ... ... ... A.G ... ..A ... ... ... ... A.. A.. T.. T.G A.C T.. ... ... T.. ..A ..G ... ... ..T ..T ... ... ... ..A ..T ... T.. ..C ..C ..C ..C ..C ..G ..T ... ..A ... ..C ..C ..G ..T ... ..A ... ... ..T ... ... A.. AGT ... ..C ... ... ... C.T ... ... ... ... ... 
Cucumis                         ..G ..T ... ... ..T ... ..T ... ..T ..A ... ... ... ... ... ... ..A ... ..A G.C ... ... .AG .AT C.A ..A ... ..A ... ... ..T ... ... ... ... ... ..A G.. ... T.. ..T .GT ..A ..A A.. ... ..C ..T ... ... A.G ..G ..G ... ... ... ..T A.. A.A ... ..G ..T T.A ..A ..C ..C ..G ... ... ... ... ..T ... ... ... ..T ..T ..G T.A ..T ..C ..A ..C ..C ... ..G ... ..C ... ..T .CT ..C ..G ... ..A ..A ... ..T ... ... A.A AGT ..T ..A ... ... ... GCT ..T ..T ..T ..T ... 
Glycine                         .G. ..T ... ... ... ..T ..T ... ... ... ... ... ..A ... ... ... ... ... ... G.T ... ... .AG .AT ... ... ..A ... ... ..C ... ... ..A ... ... ... ..C ..C ... T.T ..T .GA ..A ..A A.C ... ..C ..C ..T ..C A.. ..T A.G ... A.G ..A ... A.. A.A ... ..G A.T ... ..T A.A T.. T.G ... ... ..T ... ... ... ... ... .T. ..T T.T T.. ..C ..A ..A ... ..C ... ..G ..T ..T ... ... .CC ..G ..C ..T ..A ... ... ..T ... ... A.. AG. ... ... ..A ... ... ..T ... ..T ... ... ... 
Populus                         .GG ..T ... ... ... ... ... ... ... ..A ... ..A ... ... ..A ... ... ... ..A ... G.A ... .A. .AT ... ..A ..A ..A ... ... ... ... ... ... ... ... ..C ... ..G T.T ..T .GT ..A ... A.. ... ... ... ... ... A.. ... A.G ... ... ... ... A.. A.A ... ..G .AA T.A ... A.A T.. ..G ... ... ... ... ..T ... ..A ... .T. ..T ... T.T ..C ..A ..C ..A ..A ... ..T ... ..A ... ... .AT ... ..T ..T ..A ..C ... ... ... ... A.. AGT ..T ..C ..A ..T ... A.G ... ..T ..T ... ... 
Vitis                           .G. ..T ... .C. ... ... ... ..T ... ..A ... ..A ..A ... ... ... ..A ..A ... G.C ..A ... .AG .AT ... ..A ... ... ... ... ... ..T ... ..A ... ... ..C ..C ..G T.. ... ..G G.A ... A.. ... ... ..T ... ... A.. A.A A.G ... A.G ... ..A A.. A.. ... T.G ... ..C ... ... T.. ..G ... ... ..T ... ..T ... ... ... ..A ..T ... T.T ..A ... ..C ..A ... ... ... ... ... ... ..A ..C AA. ..T ... ... ... ... ..T ..C ... ... A.. ..T ... ..A ... ... A.T ..T ... ... ..T ... 
Nelumbo                         ... ..T ... ..T ... ... ..T ... ..T ... ... ..A ... ... ... ... ... ... ... G.C ... ... .AG .AT ..A ... ..A ..A ..T ... ... ... ..T ... ... ... ... ..C ... T.T ..T .GT G.A ... A.. ... ... ... ... ... A.G ... A.G ... A.G ... ..T ..A A.. ..T ..G T.. ... ... ... T.. ..A ..C ..G ... ... ... ..A ... ... ..A ... ... T.G ..C ..A .TC ..A ..C ... ..G ... ..A ... ... ..C ... ... ... ..A ..A ... ... ... ... A.. AG. ... ..A ..C ..T ... C.G ... ... ..T ... ... 
Zea                             GCC ..T ... ... ..T ... ..T ... ... ... ... ... ... ..A ... ... ... ... ... GGA ... ... ..G .AT ... ..A ... ..A ... ..T ... ... G.G ... ... ... ... ..C ... T.. ..T .GG G.. ..A A.C ... ..C ... ..T ... A.G ... A.A ... ... ..G ..A A.. A.. ... T.. ..C ..C ..C ... ... ... ... ..G ..T ... ..T ... ... ... ... ..T ..T T.A ... ..A ..A ..C ... ..C ..G ..T ..A ... ..A ... ..C ..G ... ..C ..G ..T ..T ..C ..G A.A AG. ..T ..A ... ... ... C.. ..T ..T ... ... ... 
Lmirabile                       GGC ..C ... ... ... ... ... ..T ... ..A ... ..A ... ... ... ... ..A ... ... ... ... ... .AG .AT C.A ..A ... ..A ... ... ..T ... G.. ... ... ... ..C ..A ... T.. ... AGA ... ... A.C ... ..C ..T ..T ..C A.. ... ..T ... A.G ..T ..G A.. ..C T.G ..G T.. ..A ..A ..C T.. T.G ..C ... ..T ... ..T ..A ... ... .TA ..T ..T T.. ..C ..T A.. ... ... ... ..C ..A ..C ... ..T ..C ..A ..T ..T A.A ... ..T ... ... ..T A.T AGT ..T ..C ..C ... ... C.C C.T ... ... ... ... 
Ombrophytum                     C.G ..C ... ... ..T ... ... ..T ... ... ... ..A ... ... C.. ... ... .GA ..A ... ... ... .AG .AT C.A ..A ... ..A ... ... ..T ... C.. ... ... ... ..C ..C ..G .T. ... .GA ... ... A.C ... ... ..T ..T ..A ..T ... ..A ... A.A ..T ..A A.. ..T ..C ..G T.A ... A.A ..C T.. T.G ..A ... ..T ... ..T ..A ..A ... .CA ..A ..T T.. ..C ..A T.C ... ... ..G ..G ..A ..T ... ..T ..C ..A ..T ..T ..T ... ..T ... ..C ... A.. AG. ..G ..A ... ... ... A.T C.. ... ... ..T ... 
Lpyramidale                     G.T .GT ... ... ... ..T ..T ..T ..T ..A ... ..A ... ... ... ... ..A ... .G. ... ... ... .AG .AT C.A ... ... ..A ... ... ..T ... G.. ... ... ... ..C ..C ... T.. ... AGA ... ... A.C ... ..C ..T ..T ..A A.G ... ..A ... A.G ..T ..G A.. ..A ..G ..G G.. ..A ..A ..C T.. T.G ..C ... ..T ... ..T ..A ... ... .TA ..T ..T T.. ..C ..T ..C ..C ..A ... ..C ..A ..T ... ..T ..C ..A ..T ..T ..A ... ..T ... ... ..C A.T AG. ... ..C ..C ... ... C.C C.T ... ... ... ... 

    1    1    1    1    1    1    1    1    1    1    1    1    1    1    1
    1    1    1    1    1    1    1    1    1    1    1    1    1    1    1
    1    1    1    1    3    1    1    1    1    1    1    1    1    1    1
    1    1    1    1    1    1    1    1    1    1    1    1    1    1    1
    1    1    1    1    1    1    1    1    1    1    1    1    1    1    2
    1    1    1    1    1    1    1    1    1    1    1    1    1    1    1
    1    1    1    1    1    1    1    1    1    1    1    1    1    1    1
    1    1    1    1    1    1    1    1

CODONML (in paml version 4.9j, February 2020)  AT1G16740_HOM04D004936.aligned.fa_subset.fasta
Model: free dN/dS Ratios for branches,  kappa = 2.000 fixed

Codon frequency model: F3x4
ns =  20  ls = 116

Codon usage in sequences
--------------------------------------------------------------------------------------------------------------------------------------
Phe TTT   0   2   1   0   2   2 | Ser TCT   2   1   2   4   2   2 | Tyr TAT   1   1   2   2   3   1 | Cys TGT   0   0   0   0   0   0
    TTC   5   3   4   4   4   3 |     TCC   3   1   0   3   1   0 |     TAC   2   1   2   2   1   3 |     TGC   1   1   1   1   1   1
Leu TTA   1   0   1   1   0   0 |     TCA   1   0   2   1   0   2 | *** TAA   0   0   0   0   0   0 | *** TGA   0   0   0   0   0   0
    TTG   0   4   3   2   3   2 |     TCG   0   1   0   1   1   1 |     TAG   0   0   0   0   0   0 | Trp TGG   1   1   1   1   1   1
--------------------------------------------------------------------------------------------------------------------------------------
Leu CTT   2   1   0   6   2   2 | Pro CCT   1   1   1   3   1   1 | His CAT   3   0   2   2   2   0 | Arg CGT   0   2   1   3   2   2
    CTC   0   2   2   2   0   2 |     CCC   1   0   2   1   0   0 |     CAC   3   4   2   0   1   3 |     CGC   6   4   5   0   3   4
    CTA   2   2   1   0   1   1 |     CCA   1   2   0   0   2   2 | Gln CAA   1   4   2   1   3   2 |     CGA   1   2   0   0   1   1
    CTG   5   3   3   3   1   2 |     CCG   0   0   0   0   0   0 |     CAG   2   0   1   3   0   2 |     CGG   2   1   0   0   1   0
--------------------------------------------------------------------------------------------------------------------------------------
Ile ATT   2   2   0   0   4   1 | Thr ACT   0   1   0   1   0   1 | Asn AAT   0   1   2   2   4   5 | Ser AGT   0   0   0   1   0   0
    ATC   2   4   4   3   3   1 |     ACC   0   2   1   1   1   0 |     AAC   7   7   8   7   6   4 |     AGC   1   2   1   0   1   2
    ATA   3   2   3   3   2   2 |     ACA   0   0   0   0   0   0 | Lys AAA   2   3   3   2   4   3 | Arg AGA   1   3   5   4   3   5
Met ATG   5   3   5   4   5   5 |     ACG   0   0   0   0   0   0 |     AAG  13   9  10   9   9  11 |     AGG   4   2   3   8   5   2
--------------------------------------------------------------------------------------------------------------------------------------
Val GTT   1   2   1   1   3   1 | Ala GCT   0   1   1   1   3   3 | Asp GAT   0   1   2   1   2   2 | Gly GGT   1   2   1   1   0   0
    GTC   0   0   1   1   0   2 |     GCC   3   2   4   0   5   2 |     GAC   3   3   2   1   2   1 |     GGC   1   1   3   1   2   1
    GTA   1   1   0   1   0   1 |     GCA   0   1   1   3   1   1 | Glu GAA   1   1   2   1   2   5 |     GGA   2   2   2   3   3   3
    GTG   2   1   2   1   2   3 |     GCG   5   4   2   2   0   1 |     GAG   5   6   4   5   3   2 |     GGG   4   3   2   2   2   4
--------------------------------------------------------------------------------------------------------------------------------------

--------------------------------------------------------------------------------------------------------------------------------------
Phe TTT   1   3   0   2   0   4 | Ser TCT   1   2   5   1   1   2 | Tyr TAT   0   3   0   3   2   2 | Cys TGT   0   1   1   0   0   0
    TTC   4   2   5   3   5   1 |     TCC   3   1   1   2   3   0 |     TAC   3   1   4   1   2   2 |     TGC   1   1   0   1   1   1
Leu TTA   1   2   1   0   1   1 |     TCA   2   1   0   1   1   3 | *** TAA   0   0   0   0   0   0 | *** TGA   0   0   0   0   0   0
    TTG   1   2   0   1   3   0 |     TCG   0   1   1   1   0   0 |     TAG   0   0   0   0   0   0 | Trp TGG   1   1   1   1   1   1
--------------------------------------------------------------------------------------------------------------------------------------
Leu CTT   4   4   1   2   1   2 | Pro CCT   1   1   2   1   1   2 | His CAT   2   1   2   2   2   2 | Arg CGT   1   1   2   1   0   2
    CTC   0   0   2   0   0   2 |     CCC   0   0   0   1   1   1 |     CAC   2   1   1   1   1   1 |     CGC   4   6   4   6   6   3
    CTA   0   1   1   0   1   2 |     CCA   1   0   0   1   1   0 | Gln CAA   3   2   0   3   1   3 |     CGA   1   0   0   0   1   1
    CTG   3   0   3   5   3   2 |     CCG   0   1   0   0   0   0 |     CAG   0   1   3   1   2   0 |     CGG   1   0   1   0   0   2
--------------------------------------------------------------------------------------------------------------------------------------
Ile ATT   2   2   2   2   2   1 | Thr ACT   2   0   0   1   1   0 | Asn AAT   2   5   1   2   4   6 | Ser AGT   1   1   1   1   1   1
    ATC   4   1   5   3   4   2 |     ACC   0   2   0   0   2   0 |     AAC   7   4   8   8   4   4 |     AGC   0   0   0   0   0   0
    ATA   0   3   1   3   2   3 |     ACA   0   0   0   0   0   1 | Lys AAA   6   4   5   4   2   3 | Arg AGA   5   4   6   7   1   3
Met ATG   5   5   4   5   5   5 |     ACG   0   0   0   0   0   0 |     AAG   8  11   9   9  12  11 |     AGG   2   3   2   1   6   3
--------------------------------------------------------------------------------------------------------------------------------------
Val GTT   2   0   0   2   2   1 | Ala GCT   1   3   2   1   1   4 | Asp GAT   1   3   2   0   3   2 | Gly GGT   3   2   4   1   1   1
    GTC   2   0   3   0   0   0 |     GCC   3   1   1   3   6   3 |     GAC   2   0   1   4   1   3 |     GGC   1   3   0   2   3   3
    GTA   0   4   1   1   1   2 |     GCA   3   3   1   3   0   1 | Glu GAA   5   2   2   1   2   1 |     GGA   2   2   3   3   1   1
    GTG   1   2   2   1   1   2 |     GCG   0   1   2   1   0   1 |     GAG   3   4   6   5   4   4 |     GGG   2   1   1   1   3   2
--------------------------------------------------------------------------------------------------------------------------------------

--------------------------------------------------------------------------------------------------------------------------------------
Phe TTT   2   2   2   1   2   0 | Ser TCT   2   2   3   0   2   2 | Tyr TAT   3   2   1   2   2   2 | Cys TGT   0   1   0   1   0   0
    TTC   4   3   3   4   3   4 |     TCC   2   1   1   2   0   3 |     TAC   1   2   3   2   2   2 |     TGC   1   0   1   0   1   1
Leu TTA   0   1   0   0   1   0 |     TCA   2   2   2   2   2   0 | *** TAA   0   0   0   0   0   0 | *** TGA   0   0   0   0   0   0
    TTG   2   1   2   2   0   4 |     TCG   0   0   0   1   1   0 |     TAG   0   0   0   0   0   0 | Trp TGG   1   1   1   1   1   1
--------------------------------------------------------------------------------------------------------------------------------------
Leu CTT   2   1   1   1   2   1 | Pro CCT   1   1   2   1   2   2 | His CAT   2   3   2   3   2   1 | Arg CGT   1   1   0   2   0   2
    CTC   0   0   1   1   3   3 |     CCC   2   1   1   1   0   1 |     CAC   1   0   1   0   1   2 |     CGC   2   5   2   3   3   3
    CTA   1   1   1   1   2   2 |     CCA   0   1   0   1   1   0 | Gln CAA   3   2   0   1   2   1 |     CGA   2   0   1   1   1   1
    CTG   2   3   4   5   2   1 |     CCG   0   0   0   0   0   0 |     CAG   0   2   3   1   0   2 |     CGG   0   0   0   0   2   1
--------------------------------------------------------------------------------------------------------------------------------------
Ile ATT   1   1   2   3   2   1 | Thr ACT   0   0   0   0   0   1 | Asn AAT   4   3   5   6   4   2 | Ser AGT   0   1   0   0   0   1
    ATC   4   3   3   2   2   2 |     ACC   1   1   2   1   0   0 |     AAC   6   7   5   4   6   8 |     AGC   1   0   0   1   1   0
    ATA   4   4   4   2   2   4 |     ACA   0   0   0   0   1   0 | Lys AAA   1   5   6   2   1   3 | Arg AGA   4   5   4   3   3   4
Met ATG   5   6   4   5   5   5 |     ACG   0   0   0   0   0   1 |     AAG  12   8   7  12  11  11 |     AGG   6   4   7   5   6   3
--------------------------------------------------------------------------------------------------------------------------------------
Val GTT   2   2   2   0   0   3 | Ala GCT   1   1   1   0   2   3 | Asp GAT   2   2   2   0   2   2 | Gly GGT   2   2   0   1   1   1
    GTC   1   1   0   1   1   1 |     GCC   3   3   2   4   2   1 |     GAC   2   2   2   4   1   1 |     GGC   0   1   2   2   2   4
    GTA   1   1   0   3   0   1 |     GCA   2   3   2   2   2   0 | Glu GAA   1   3   3   3   0   2 |     GGA   1   2   3   2   3   3
    GTG   1   1   2   1   4   0 |     GCG   1   0   2   0   2   2 |     GAG   4   3   4   4   7   3 |     GGG   4   2   2   3   3   1
--------------------------------------------------------------------------------------------------------------------------------------

----------------------------------------------------------------------
Phe TTT   1   0 | Ser TCT   1   0 | Tyr TAT   1   2 | Cys TGT   0   0
    TTC   3   4 |     TCC   2   5 |     TAC   2   2 |     TGC   1   1
Leu TTA   1   0 |     TCA   2   0 | *** TAA   0   0 | *** TGA   0   0
    TTG   2   2 |     TCG   1   0 |     TAG   0   0 | Trp TGG   1   1
----------------------------------------------------------------------
Leu CTT   0   1 | Pro CCT   2   2 | His CAT   2   1 | Arg CGT   3   1
    CTC   5   3 |     CCC   0   0 |     CAC   1   2 |     CGC   2   2
    CTA   1   2 |     CCA   1   1 | Gln CAA   0   1 |     CGA   4   3
    CTG   2   2 |     CCG   0   0 |     CAG   5   2 |     CGG   0   1
----------------------------------------------------------------------
Ile ATT   2   1 | Thr ACT   0   1 | Asn AAT   3   5 | Ser AGT   0   1
    ATC   3   3 |     ACC   1   0 |     AAC   7   4 |     AGC   1   1
    ATA   3   2 |     ACA   0   0 | Lys AAA   2   3 | Arg AGA   4   2
Met ATG   5   5 |     ACG   0   0 |     AAG  10  10 |     AGG   2   6
----------------------------------------------------------------------
Val GTT   4   3 | Ala GCT   1   3 | Asp GAT   2   3 | Gly GGT   2   2
    GTC   0   1 |     GCC   1   3 |     GAC   1   1 |     GGC   1   2
    GTA   0   2 |     GCA   3   1 | Glu GAA   3   2 |     GGA   2   3
    GTG   0   1 |     GCG   2   0 |     GAG   2   3 |     GGG   3   1
----------------------------------------------------------------------

Codon position x base (3x4) table for each sequence.

#1: Dendropemon    
position  1:    T:0.14655    C:0.25862    A:0.34483    G:0.25000
position  2:    T:0.26724    C:0.14655    A:0.37069    G:0.21552
position  3:    T:0.11207    C:0.32759    A:0.14655    G:0.41379
Average         T:0.17529    C:0.24425    A:0.28736    G:0.29310

#2: Daenikera      
position  1:    T:0.13793    C:0.24138    A:0.35345    G:0.26724
position  2:    T:0.27586    C:0.14655    A:0.35345    G:0.22414
position  3:    T:0.15517    C:0.31897    A:0.19828    G:0.32759
Average         T:0.18966    C:0.23563    A:0.30172    G:0.27299

#3: Malania        
position  1:    T:0.16379    C:0.18966    A:0.38793    G:0.25862
position  2:    T:0.26724    C:0.13793    A:0.37931    G:0.21552
position  3:    T:0.13793    C:0.36207    A:0.18966    G:0.31034
Average         T:0.18966    C:0.22989    A:0.31897    G:0.26149

#4: Balanophora    
position  1:    T:0.18966    C:0.20690    A:0.38793    G:0.21552
position  2:    T:0.27586    C:0.18103    A:0.32759    G:0.21552
position  3:    T:0.24138    C:0.23276    A:0.17241    G:0.35345
Average         T:0.23563    C:0.20690    A:0.29598    G:0.26149

#5: Anadenanthera  
position  1:    T:0.16379    C:0.17241    A:0.40517    G:0.25862
position  2:    T:0.27586    C:0.14655    A:0.36207    G:0.21552
position  3:    T:0.25862    C:0.26724    A:0.18966    G:0.28448
Average         T:0.23276    C:0.19540    A:0.31897    G:0.25287

#6: Solanum        
position  1:    T:0.15517    C:0.20690    A:0.36207    G:0.27586
position  2:    T:0.25862    C:0.13793    A:0.37931    G:0.22414
position  3:    T:0.19828    C:0.25000    A:0.24138    G:0.31034
Average         T:0.20402    C:0.19828    A:0.32759    G:0.27011

#7: Coffea         
position  1:    T:0.15517    C:0.19828    A:0.37931    G:0.26724
position  2:    T:0.25862    C:0.14655    A:0.37931    G:0.21552
position  3:    T:0.20690    C:0.31034    A:0.25000    G:0.23276
Average         T:0.20690    C:0.21839    A:0.33621    G:0.23851

#8: Beta           
position  1:    T:0.18103    C:0.16379    A:0.38793    G:0.26724
position  2:    T:0.26724    C:0.14655    A:0.36207    G:0.22414
position  3:    T:0.27586    C:0.19828    A:0.24138    G:0.28448
Average         T:0.24138    C:0.16954    A:0.33046    G:0.25862

#9: Arabidopsis    
position  1:    T:0.16379    C:0.18966    A:0.37931    G:0.26724
position  2:    T:0.26724    C:0.12931    A:0.37931    G:0.22414
position  3:    T:0.21552    C:0.30172    A:0.18103    G:0.30172
Average         T:0.21552    C:0.20690    A:0.31322    G:0.26437

#10: Citrus         
position  1:    T:0.14655    C:0.20690    A:0.39655    G:0.25000
position  2:    T:0.25862    C:0.14655    A:0.37931    G:0.21552
position  3:    T:0.18966    C:0.30172    A:0.23276    G:0.27586
Average         T:0.19828    C:0.21839    A:0.33621    G:0.24713

#11: Prunus         
position  1:    T:0.17241    C:0.18103    A:0.39655    G:0.25000
position  2:    T:0.26724    C:0.15517    A:0.36207    G:0.21552
position  3:    T:0.18966    C:0.33621    A:0.12931    G:0.34483
Average         T:0.20977    C:0.22414    A:0.29598    G:0.27011

#12: Cucumis        
position  1:    T:0.14655    C:0.21552    A:0.37069    G:0.26724
position  2:    T:0.25862    C:0.15517    A:0.37931    G:0.20690
position  3:    T:0.27586    C:0.22414    A:0.21552    G:0.28448
Average         T:0.22701    C:0.19828    A:0.32184    G:0.25287

#13: Glycine        
position  1:    T:0.17241    C:0.16379    A:0.42241    G:0.24138
position  2:    T:0.27586    C:0.14655    A:0.36207    G:0.21552
position  3:    T:0.21552    C:0.26724    A:0.18966    G:0.32759
Average         T:0.22126    C:0.19253    A:0.32471    G:0.26149

#14: Populus        
position  1:    T:0.15517    C:0.18103    A:0.41379    G:0.25000
position  2:    T:0.26724    C:0.13793    A:0.37931    G:0.21552
position  3:    T:0.21552    C:0.25862    A:0.25862    G:0.26724
Average         T:0.21264    C:0.19253    A:0.35057    G:0.24425

#15: Vitis          
position  1:    T:0.16379    C:0.16379    A:0.42241    G:0.25000
position  2:    T:0.26724    C:0.15517    A:0.37931    G:0.19828
position  3:    T:0.19828    C:0.25000    A:0.22414    G:0.32759
Average         T:0.20977    C:0.18966    A:0.34195    G:0.25862

#16: Nelumbo        
position  1:    T:0.15517    C:0.18966    A:0.39655    G:0.25862
position  2:    T:0.27586    C:0.12931    A:0.37931    G:0.21552
position  3:    T:0.18103    C:0.27586    A:0.19828    G:0.34483
Average         T:0.20402    C:0.19828    A:0.32471    G:0.27299

#17: Zea            
position  1:    T:0.14655    C:0.19828    A:0.37931    G:0.27586
position  2:    T:0.26724    C:0.14655    A:0.35345    G:0.23276
position  3:    T:0.19828    C:0.24138    A:0.18103    G:0.37931
Average         T:0.20402    C:0.19540    A:0.30460    G:0.29598

#18: Lmirabile      
position  1:    T:0.16379    C:0.19828    A:0.39655    G:0.24138
position  2:    T:0.27586    C:0.13793    A:0.36207    G:0.22414
position  3:    T:0.20690    C:0.31034    A:0.18103    G:0.30172
Average         T:0.21552    C:0.21552    A:0.31322    G:0.25575

#19: Ombrophytum    
position  1:    T:0.15517    C:0.24138    A:0.37069    G:0.23276
position  2:    T:0.27586    C:0.14655    A:0.35345    G:0.22414
position  3:    T:0.20690    C:0.26724    A:0.22414    G:0.30172
Average         T:0.21264    C:0.21839    A:0.31609    G:0.25287

#20: Lpyramidale    
position  1:    T:0.14655    C:0.20690    A:0.37931    G:0.26724
position  2:    T:0.27586    C:0.13793    A:0.35345    G:0.23276
position  3:    T:0.22414    C:0.29310    A:0.18966    G:0.29310
Average         T:0.21552    C:0.21264    A:0.30747    G:0.26437

Sums of codon usage counts
------------------------------------------------------------------------------
Phe F TTT      27 | Ser S TCT      37 | Tyr Y TAT      35 | Cys C TGT       4
      TTC      71 |       TCC      34 |       TAC      40 |       TGC      17
Leu L TTA      12 |       TCA      26 | *** * TAA       0 | *** * TGA       0
      TTG      36 |       TCG      10 |       TAG       0 | Trp W TGG      20
------------------------------------------------------------------------------
Leu L CTT      36 | Pro P CCT      29 | His H CAT      36 | Arg R CGT      27
      CTC      28 |       CCC      13 |       CAC      28 |       CGC      73
      CTA      23 |       CCA      15 | Gln Q CAA      35 |       CGA      21
      CTG      54 |       CCG       1 |       CAG      30 |       CGG      12
------------------------------------------------------------------------------
Ile I ATT      33 | Thr T ACT       9 | Asn N AAT      66 | Ser S AGT      10
      ATC      58 |       ACC      15 |       AAC     121 |       AGC      12
      ATA      52 |       ACA       2 | Lys K AAA      64 | Arg R AGA      76
Met M ATG      96 |       ACG       1 |       AAG     202 |       AGG      80
------------------------------------------------------------------------------
Val V GTT      32 | Ala A GCT      33 | Asp D GAT      34 | Gly G GGT      28
      GTC      15 |       GCC      52 |       GAC      37 |       GGC      35
      GTA      21 |       GCA      33 | Glu E GAA      42 |       GGA      46
      GTG      30 |       GCG      28 |       GAG      81 |       GGG      46
------------------------------------------------------------------------------


Codon position x base (3x4) table, overall

position  1:    T:0.15905    C:0.19871    A:0.38664    G:0.25560
position  2:    T:0.26897    C:0.14569    A:0.36681    G:0.21853
position  3:    T:0.20517    C:0.27974    A:0.20172    G:0.31336
Average         T:0.21106    C:0.20805    A:0.31839    G:0.26250

Codon frequencies under model, for use in evolver (TTT TTC TTA TTG ... GGG):
  0.00911498  0.01242778  0.00896179  0.01392142
  0.00493728  0.00673172  0.00485430  0.00754077
  0.01243085  0.01694879  0.00000000  0.00000000
  0.00740592  0.01009757  0.00000000  0.01131115
  0.01138755  0.01552631  0.01119617  0.01739234
  0.00616826  0.00841008  0.00606459  0.00942085
  0.01553014  0.02117450  0.01526913  0.02371936
  0.00925239  0.01261513  0.00909689  0.01413127
  0.02215756  0.03021063  0.02178517  0.03384149
  0.01200201  0.01636409  0.01180030  0.01833081
  0.03021809  0.04120071  0.02971022  0.04615241
  0.01800302  0.02454613  0.01770045  0.02749621
  0.01464820  0.01997202  0.01440201  0.02237236
  0.00793444  0.01081818  0.00780109  0.01211836
  0.01997695  0.02723748  0.01964120  0.03051102
  0.01190166  0.01622727  0.01170163  0.01817754


TREE #  1:  ((((((6, 7), 8), (3, ((1, 2), ((19, (18, 20)), 4)))), (((9, 10), (((11, 12), (13, 5)), 14)), 15)), 16), 17);   MP score: 725
This is a rooted tree.  Please check!
lnL(ntime: 38  np: 76):  -3289.374310      +0.000000
  21..22   22..23   23..24   24..25   25..26   26..6    26..7    25..8    24..27   27..3    27..28   28..29   29..1    29..2    28..30   30..31   31..19   31..32   32..18   32..20   30..4    23..33   33..34   34..35   35..9    35..10   34..36   36..37   37..38   38..11   38..12   37..39   39..13   39..5    36..14   33..15   22..16   21..17 
 0.626139 0.036853 0.000004 0.103021 0.021088 0.858515 0.614435 0.813757 0.062584 0.274648 0.000004 0.216587 0.277593 0.457917 0.033369 0.935481 0.339658 0.232829 0.164249 0.088105 2.511755 0.025809 0.043566 0.102016 2.203632 0.089201 0.134204 0.068176 0.201682 0.180983 0.875413 0.371799 0.311674 0.226479 0.318968 0.697683 0.514588 1.110510 0.022352 0.145051 3.436694 0.042417 206.189150 0.011849 0.012758 0.023408 0.045807 0.054762 0.000100 0.024051 0.102062 0.186029 147.978135 0.000100 0.074544 0.050068 0.056673 0.137489 0.027848 0.566279 999.000000 0.000100 0.012606 0.032042 0.000100 2.379388 0.031046 0.069719 0.014655 0.010054 0.008422 0.011881 0.017294 0.039156 0.008385 0.000100

Note: Branch length is defined as number of nucleotide substitutions per codon (not per neucleotide site).

tree length = 16.144978

((((((6: 0.858515, 7: 0.614435): 0.021088, 8: 0.813757): 0.103021, (3: 0.274648, ((1: 0.277593, 2: 0.457917): 0.216587, ((19: 0.339658, (18: 0.164249, 20: 0.088105): 0.232829): 0.935481, 4: 2.511755): 0.033369): 0.000004): 0.062584): 0.000004, (((9: 2.203632, 10: 0.089201): 0.102016, (((11: 0.180983, 12: 0.875413): 0.201682, (13: 0.311674, 5: 0.226479): 0.371799): 0.068176, 14: 0.318968): 0.134204): 0.043566, 15: 0.697683): 0.025809): 0.036853, 16: 0.514588): 0.626139, 17: 1.110510);

((((((Solanum: 0.858515, Coffea: 0.614435): 0.021088, Beta: 0.813757): 0.103021, (Malania: 0.274648, ((Dendropemon: 0.277593, Daenikera: 0.457917): 0.216587, ((Ombrophytum: 0.339658, (Lmirabile: 0.164249, Lpyramidale: 0.088105): 0.232829): 0.935481, Balanophora: 2.511755): 0.033369): 0.000004): 0.062584): 0.000004, (((Arabidopsis: 2.203632, Citrus: 0.089201): 0.102016, (((Prunus: 0.180983, Cucumis: 0.875413): 0.201682, (Glycine: 0.311674, Anadenanthera: 0.226479): 0.371799): 0.068176, Populus: 0.318968): 0.134204): 0.043566, Vitis: 0.697683): 0.025809): 0.036853, Nelumbo: 0.514588): 0.626139, Zea: 1.110510);

Detailed output identifying parameters

w (dN/dS) for branches:  0.02235 0.14505 3.43669 0.04242 206.18915 0.01185 0.01276 0.02341 0.04581 0.05476 0.00010 0.02405 0.10206 0.18603 147.97813 0.00010 0.07454 0.05007 0.05667 0.13749 0.02785 0.56628 999.00000 0.00010 0.01261 0.03204 0.00010 2.37939 0.03105 0.06972 0.01465 0.01005 0.00842 0.01188 0.01729 0.03916 0.00839 0.00010

dN & dS for each branch

 branch          t       N       S   dN/dS      dN      dS  N*dN  S*dS

  21..22     0.626   267.6    80.4  0.0224  0.0188  0.8412   5.0  67.6
  22..23     0.037   267.6    80.4  0.1451  0.0052  0.0359   1.4   2.9
  23..24     0.000   267.6    80.4  3.4367  0.0000  0.0000   0.0   0.0
  24..25     0.103   267.6    80.4  0.0424  0.0055  0.1303   1.5  10.5
  25..26     0.021   267.6    80.4 206.1891  0.0091  0.0000   2.4   0.0
  26..6      0.859   267.6    80.4  0.0118  0.0141  1.1922   3.8  95.8
  26..7      0.614   267.6    80.4  0.0128  0.0109  0.8508   2.9  68.4
  25..8      0.814   267.6    80.4  0.0234  0.0255  1.0897   6.8  87.6
  24..27     0.063   267.6    80.4  0.0458  0.0036  0.0784   1.0   6.3
  27..3      0.275   267.6    80.4  0.0548  0.0184  0.3353   4.9  26.9
  27..28     0.000   267.6    80.4  0.0001  0.0000  0.0000   0.0   0.0
  28..29     0.217   267.6    80.4  0.0241  0.0070  0.2895   1.9  23.3
  29..1      0.278   267.6    80.4  0.1021  0.0305  0.2991   8.2  24.0
  29..2      0.458   267.6    80.4  0.1860  0.0759  0.4081  20.3  32.8
  28..30     0.033   267.6    80.4 147.9781  0.0144  0.0001   3.9   0.0
  30..31     0.935   267.6    80.4  0.0001  0.0001  1.3499   0.0 108.5
  31..19     0.340   267.6    80.4  0.0745  0.0293  0.3928   7.8  31.6
  31..32     0.233   267.6    80.4  0.0501  0.0144  0.2881   3.9  23.1
  32..18     0.164   267.6    80.4  0.0567  0.0113  0.1994   3.0  16.0
  32..20     0.088   267.6    80.4  0.1375  0.0120  0.0872   3.2   7.0
  30..4      2.512   267.6    80.4  0.0278  0.0924  3.3180  24.7 266.6
  23..33     0.026   267.6    80.4  0.5663  0.0073  0.0129   2.0   1.0
  33..34     0.044   267.6    80.4 999.0000  0.0189  0.0000   5.1   0.0
  34..35     0.102   267.6    80.4  0.0001  0.0000  0.1472   0.0  11.8
  35..9      2.204   267.6    80.4  0.0126  0.0385  3.0528  10.3 245.3
  35..10     0.089   267.6    80.4  0.0320  0.0037  0.1163   1.0   9.3
  34..36     0.134   267.6    80.4  0.0001  0.0000  0.1937   0.0  15.6
  36..37     0.068   267.6    80.4  2.3794  0.0262  0.0110   7.0   0.9
  37..38     0.202   267.6    80.4  0.0310  0.0082  0.2638   2.2  21.2
  38..11     0.181   267.6    80.4  0.0697  0.0148  0.2120   4.0  17.0
  38..12     0.875   267.6    80.4  0.0147  0.0177  1.2048   4.7  96.8
  37..39     0.372   267.6    80.4  0.0101  0.0052  0.5193   1.4  41.7
  39..13     0.312   267.6    80.4  0.0084  0.0037  0.4376   1.0  35.2
  39..5      0.226   267.6    80.4  0.0119  0.0037  0.3145   1.0  25.3
  36..14     0.319   267.6    80.4  0.0173  0.0075  0.4354   2.0  35.0
  33..15     0.698   267.6    80.4  0.0392  0.0349  0.8909   9.3  71.6
  22..16     0.515   267.6    80.4  0.0084  0.0061  0.7226   1.6  58.1
  21..17     1.111   267.6    80.4  0.0001  0.0002  1.6025   0.0 128.8

tree length for dN:       0.5951
tree length for dS:      21.3233

dS tree:
((((((Solanum: 1.192209, Coffea: 0.850781): 0.000044, Beta: 1.089699): 0.130303, (Malania: 0.335299, ((Dendropemon: 0.299052, Daenikera: 0.408134): 0.289455, ((Ombrophytum: 0.392780, (Lmirabile: 0.199447, Lpyramidale: 0.087234): 0.288053): 1.349908, Balanophora: 3.317959): 0.000098): 0.000006): 0.078382): 0.000000, (((Arabidopsis: 3.052756, Citrus: 0.116346): 0.147210, (((Prunus: 0.212017, Cucumis: 1.204844): 0.263845, (Glycine: 0.437623, Anadenanthera: 0.314477): 0.519300): 0.011027, Populus: 0.435352): 0.193658): 0.000019, Vitis: 0.890914): 0.012909): 0.035869, Nelumbo: 0.722622): 0.841204, Zea: 1.602476);
dN tree:
((((((Solanum: 0.014127, Coffea: 0.010854): 0.009126, Beta: 0.025507): 0.005527, (Malania: 0.018362, ((Dendropemon: 0.030522, Daenikera: 0.075925): 0.006962, ((Ombrophytum: 0.029279, (Lmirabile: 0.011303, Lpyramidale: 0.011994): 0.014422): 0.000135, Balanophora: 0.092400): 0.014434): 0.000000): 0.003590): 0.000002, (((Arabidopsis: 0.038482, Citrus: 0.003728): 0.000015, (((Prunus: 0.014782, Cucumis: 0.017657): 0.008191, (Glycine: 0.003686, Anadenanthera: 0.003736): 0.005221): 0.026238, Populus: 0.007529): 0.000019): 0.018877, Vitis: 0.034885): 0.007310): 0.005203, Nelumbo: 0.006059): 0.018802, Zea: 0.000160);

w ratios as labels for TreeView:
((((((Solanum #0.0118492 , Coffea #0.0127581 ) #206.189 , Beta #0.0234076 ) #0.042417 , (Malania #0.0547624 , ((Dendropemon #0.102062 , Daenikera #0.186029 ) #0.0240508 , ((Ombrophytum #0.0745438 , (Lmirabile #0.0566728 , Lpyramidale #0.137489 ) #0.0500683 ) #0.0001 , Balanophora #0.0278483 ) #147.978 ) #0.0001 ) #0.0458074 ) #3.43669 , (((Arabidopsis #0.0126058 , Citrus #0.032042 ) #0.0001 , (((Prunus #0.069719 , Cucumis #0.014655 ) #0.0310455 , (Glycine #0.00842214 , Anadenanthera #0.0118805 ) #0.0100542 ) #2.37939 , Populus #0.0172941 ) #0.0001 ) #999 , Vitis #0.0391565 ) #0.566279 ) #0.145051 , Nelumbo #0.00838524 ) #0.0223517 , Zea #0.0001 );


Time used: 24:22
