
Before deleting alignment gaps
     20    339

Dendropemon                     --- --- ATG AGG ACC TTT --- TCA GCT GGC AAA TCC AAG --- AAG GGG GGT TCT AAG GGG GCC GCT GGT GGT GCC CCA GAA GCA TCT ACA CTC GAC AAA AAT GTC AAA TCC ACA ACG GTT TTT GGT GCC AAC ATC CTC AAG GAA GGC GAA GAT CCC AAA ATC TTG GCA GAT TCC GAA TAC CCA GAT TGG TTG TTT CGC TTG CTG GAT AAG CGC CCA GCG CTG AGT GAA CTG AGG AGG AAG AAT TTA GAA AGC CTT TCA TAT GAA GAG CTT AAG CGC TTT GTT AAG ATG GAC AAC CGA GCA AGA ATT AAG GAA AAC AAT GCT GCT AAG GCC AAG ??? ??? 
Daenikera                       ATG TCG ATG AGG ACC TTT --- TCA GCA AAA GGG GGT AAA GCA AAG AAG GGT TCT ACG GAG GTA GCC AGT GAT GCT TCA AAG GCT GCT GAA --- CAG AAT GCA CTC AAG TCC ACT AGG GTC ATT GGT GCC AAT ATC CTC AAG GAT GGT GCA GAT CCC AAA ATT ATG GCG GAT TCT GAA TAC CCT GAT TGG CTG TGG CGC CTA CTG GAT AAA GCC CCA TCG TTG AGT GAG CTG AGA AGG AAG AAA AAA GAA GAT CTT ACT TAC GAA GAG CTT AAA CGT TTT GTT AGG CTG GAA AAT CGA GCA AGG ATA AAA GAA AAC AAT GCT GCC AGG GCG AAG ??? ??? 
Malania                         ATG GCA ATG AGG ACA TTT --- TCC GCA GGT GGG AGT AAA GCA AAG AAG GGC TCC AAA GGG GGT TCT AGT GAT GCT CCA AAG GCA TCC ACA CTC AGC AAA GAA GTC AAG TCG ACT ACT GTG GTT GGT GCC AAC ATC CTC AAG GAC GGA GCA GAT CCC AAA ATA TCG CCC GAT TCT GAA TAC CCT GAC TGG CTG TGG CAC CTT CTT GAT AAA CGC CCA GCA CTG AGT GAG CTG AAA AGG AAG AAT ATA GAA ACT CTT CCT TAT GAA GAT CTC AGA CGC TTT GTT AAG CTG GAC AAC CGA GCA AGG ATT AAA GAA AAC AAT GTT GTT AAA GCC AAG ??? ??? 
Balanophora                     CGA GCT CTT AGG CCA TAT --- TCG GCG GGA GGA AAG GGT GGT AAG AGG GGA CCG AAA GGG GGA GCA GGT GAT AGC CAA CAG GCA TCT TCT GTG ACC AAA GAA CTA AGG GCT ACC ACC GTG GTA TGT GCA AAC ATT CTG AAG GAT GGA GCC GAC CCA AAG ATA CTC CCC GAT TCG GAG TAC CCC GAC TGG CTA TTT CGG ATT CTC GAG AAG AGG CCG ACA TTG AGA GAG CTC GAG AAG GAG AAG AAG GAA ACC CTC CCC TTC CAC AAC CTT AGA CGG CTG GTC AAG CTC GAT AAC AGA CGA AGG ATC AAA GAG AAC AAC ACT ACA AAG GCC AAG ??? ??? 
Vitis                           ATG ACA ATG AGG ACA TTT --- GCT GTT GGT GGT --- AAA GCA AAG AAG GGC TCA AAA GGG GGT GCC AGC GAT GCT CCA AAG GCA TCA ACT CTC AGC AAA GAA GTC AAG TCT ACT ACA ACT GTT GGT GCC AAT ATT CTG AAG GAT GGA ACA GAT CCC AAG GTC CTG CCT GAC TCT GAG TAC CCT GAT TGG CTG TGG CAC CTG CTC GAT AAA CGT CCA GCA TTG AGT GAG CTA AGA AGG AAG AGT GTA GAA AGT CTC CCT TAT GAA GCT CTT AAG CGT TTT GTT AAG CTG GAC AAC CGA GCA AGG ATC AAG GAG AAC AAC AAT CTT AAG GCC AAG ??? ??? 
Anadenanthera                   ATG GCA ATG CGA ACA TTT --- GCT ACC GGT AAG --- --- --- AAG AAA GGA GCT AAA GGG AGT GCA GCT GAT GCG CCA AAA GCG TCA ACG CTC AGC AAA GAA GTC AAG TCA ACT ACT GTG GTT GGT GCC AAC ATC CTC AAG GAA GGA GCA GAT CCG AAG ATC TTG CCT GAT TCT GAG TAC CCT GAT TGG TTG TGG CAC CTG CTT GAT AAA CGC CCA GCG TTA AGT GAA TTG AGA AGG AAG AAT ATT GAA ACA CTC CCT TTT GCA GAT CTA AAA CGC TTT GTT AAG CTG GAC AAT AGA GCT AGA ATT AAA GAG AAT AAC TCT GTC AAG GCC AAG ??? ??? 
Lmirabile                       ATG GTT ATG CGC CGA TTC GCA GCT GCC GGT GGC AGT AAA TCG AAG AAG GGT TCT AAA GGC AGT GGG AGT GAT GCC CCA AAG GAT TCT GCT TTA AGC AAA GAA ATA AAG GCC ACT ACA GTT GTT GGC GCA AAC ATA CTT AAG GAT GGA GCT GAT CCT AAA ATC TTA CCT GAT TCT GAG TAC CCC GTT TGG TTA TGG CAC CTG CTG GAT AAA CGC CCT GCC CTG AGC GAG CTC AAA CGA AGA GAA ACA GAA ACA CTT CCG ATT GAA GAC CTT GTG CGG TTT GCC AAG CTT GAC AAT CGA GCT AGG ATT AAA GGA AGT AAT GCT GTT AAA TCA AAG ??? ??? 
Arabidopsis                     --- --- ATG AGA ACG TTT --- GCA GCA GCA GCT AGT AAA GCC AAG AAA GGT GGC AAA GGA GGT GCC AGC GAT GCT CCT AAA GGT TCC AGC TTG ACC AAA GAG ATC AAA TCC ACC ACT GTT GTT GGT GCC AAT ACT CTC AAA GAC GGA TCT GAT CCC AAG ATC TTG CCT GAT TCT GAT TAC CCT GAT TGG CTC TGG CAT CTC CTC GAT AAG CGA CCA GCT CTC AGT GAG CTT AGG AGG AAG AAC GTC GAG ACT CTT CCC TAC GAT GAT CTC AAA CGT TTT GTC AAG CTC GAC ACA CGG GGT AAA ATC AAG GAG AAC AAC TCC ATC AAG GCC AAA ??? ??? 
Solanum                         ATG GCA TTA AGA ACA TTT --- GCT GTT GGT GGT --- --- AAA AAG AAG GGA GGA AAA GGT GGT GCT GGA GAT GGT CCA AAG GCA TCA ACA ATT AGC AAG GAA GTC AAG GCC AGT ACA GTA GTC GGG GCG AAT ATT CTC AAA GAT GGA GCC GAT CCA AAA GTG TTG CCC GAC TCA GAA TAC CCT GAT TGG CTT TGG CAC CTC CTG GAT AAA CGC CCG GCA CTT AGT GAA CTG AGA AGG AAA AAT CTC GAG TCT CTC CCT TAC GAT GAC CTC AAA CGT TTT GTC AAG CTG GAT ACC CGA GCT CGG ATC AAG GAA AAC AAC TCT GTT AGG GCC AAG ??? ??? 
Coffea                          ATG GCC GGT CGA ACA TTT --- TCT GCT GGG AGT GGG AAA GCA AAG AAG GGT TCT AAA GGC --- GCT GCT GAT GCT CCA AAG GAA TCA ACC CTT AGC AAA GAA GTG AAA TCC ACT ACG GTT GTT GGT GCC AAT ATT CTC AAG GAT GGA GCA GAC CCG AAG ATC TTG CCA GAC TCG GAG TAT CCT GAA TGG CTG TCA CAC CTG CTT GAT AAA CGC CCA GCA CTC AGT GAG CTA AGA AGG AAA GAC CTG GAA ACT CTT CCT TAC GAG GAC CTA AAA CGT TTT GTC AAA CTG GAC AAT CGA GCA AGG ATC AAG GAA AAT AAT TCC ATC AAA GCC AAG ??? ??? 
Beta                            ATG GCA ATG AGG ACA TAT --- GCT ACC GGG --- --- AAA GCT AAA AAG GGA TCC AAA GGA GGT GCC ACG GAA GCT CCC AAG ATA TCT --- CTT ACC AAA GAA GTT AAG GCC ACC ACT GTA GTG GGA GCT AAC ATC TTG AAA GAT GGC ACA GAT CCT AAG GTA CGA CCG GAC TCT GAG TAC CCA GAT TGG CTT TTC CAG CTC CTT GAT AAG AGA CCA GCC TTG AGT GAG CTA CAA CGA AAA GAA GCT GAA GAT CTC TCA GTT GAA GAT CTT AAA CGC TAT GTT AAG CTG GAT AAT CGA GCA AGA ATC AAA GAA AAC AAT TCA GTC AGG GCC AAG ??? ??? 
Citrus                          ATG GCA ATG CGA ACA TTT --- GCA GCT GGG GCT AGT AAA GCA AAA AAG GGA GGT AAA GGT GCA GCC AGC GAT GCT CCA AAA GCA TCA ATA CTG AGC AAA GAA GTC AAG TCT ACT ACA GTT GTA GGT GCC AAT ATT CTT AAG GAA GGA TCA GAT CCT AAG GTC TTG CCT GAT TCT GAA TAC CCT GAC TGG TTG TGG CAT CTG CTT GAA AAA CGA CCA GCG CTG AGT GAA CTA AAG ATG AAG AAC ATT GAA ACT CTC CCT TAT GAA GAT CTA AAG CGC TTT CTC AAG CTG GAC AAC CGA GCA AAG ATT AAG GAA AAC AAC TCT GTT AAG GCC AAG ??? ??? 
Prunus                          ATG GCT ATG AGA ACA TTT --- GCT ATC GGG GGC GGT AAA GCA AAG AAG GGT TCA AAA GGT GCT CAA GGT GAT GCA CCA AAA GCA TCA AAT CTG GAC AAA GAA GTT AAG TCT ACC ACA GTT GTG GGA GCC AAT ATT CTC AAA GAC GGA ACA GAT CCT AAG ATC TTG CCA GAT GCT GAG TAC CCT GAT TGG TTG TGG CGT CTA CTT GAT AAA CGC CCA GCA TTG AGT GAA TTA AGT AGG AAG AAC ATT GAA ACT CTC CCG TAC AAA GAT CTC AAA CGT TTT GTT AAG CTG GAT AAC CGA GCA AGG ATC AAG GAC AAC AAC TCT CTT AAG GCC AAG ??? ??? 
Cucumis                         ATG GGT TTG CGA TCA TTT --- GCT GCC GGG GGA --- AAA TCA AAG AAG GGA TCT AAA GGG GGT GCT GCT GAT GCT CCT AAA GCA TCA ATT CTA AGT AAA GAG GTG AAG TCT ACG ACT GTA GTT GGT GCC AAT ATT CTC AAG GAA GGT GCA GAT CCA AAA ATT ATG GCA GAC TCA GAA TAC CCT GCT TGG CTG TGG CAT TTG CTT GAT AAG CAT CCA CCT CTA AGT GAA TTA CGA AGG AAG AAT GCT GAA AGT CTT CCT TAT GCA GAT CTC AGA CGC TTT GTT AAA TTG GAT ACT CGA GCA AGG ATC AAG GAA AAC AAT TCT ATT AAG GCC AAG ??? ??? 
Glycine                         ATG GCA ATG CGA ACT TTT --- GCC ACC GGT --- --- AAA GCA AAG AAA GGA TCT AAA GGG GGT GCT GCT GAT GCG CCC AAA GCA TCA ACT CTT AGC AAG GAA GTC AAG TCT AGT ACA GTT GTA GGT GCC AAC ATT CTC AAG GAA GGA ACT GAT CCA AAA ATC CAG CCT GAT TCA GAA TAC CCT GAC TGG TTG TGG CAT CTG CTT GAT AAA CGC CCT GCA CTT AGT GAA CTG CGT AGG AGG AAT ATT GAT ACA CTA TCT TAT GAA GAT CTA AAA CGC TTT GTT AAG CTG GAT ACC CGA GCA AGG ATC AAG GAG AAT AAC TCT GTC AAG GCA AAG ??? ??? 
Populus                         ATG GCA ATG CGA ACA TTT --- TCT GCT GGG GCA --- --- AAA AAG AAA GGT GGC AAA GGG GGA GCA GCT GAT GCT CCA AAA GCA TCA TCG CTG GGT AAA GAA GTC AAG TCT ACA ACT ACA GTT GGT GCC AAT ATT CTC AAG GAT GGA ACA GAT CCC AAG GTC TTG GAC GAT TCT GAA TAC CCT GAT TGG CTA TGG CGA TTG CTT GAT AAA CGT CCA GCA TTG AGT GAA CTG AGA AGG AAG AAT ATT GAA ACT CTC CCA TTC GAA GAT CTC AAA CGC TTT GTC AAG CTG GAC AAC CGG GCA AGA ATC AAG GAA AAT AAC TTT TCT AAG GCC AAG ??? ??? 
Nelumbo                         ATG GCA ATG AGA ACA TTT --- TCA GCA GCT GGT GGT AAG GCA AAG AAA GGT TCA AAA GGT GGT GCT GGC GAC GCT CCA AAA GCA TCT ATA CTG AGC AAA GAA ATG AAA TCC ACT ACT GTG GTC GGT GCT AAT ATC CTT AAG GAT GGT GCA GAT CCC AAG ATC CTG CCA GAC TCT GAG TAC CCA GAT TGG CTG TGG CAC CTG CTC GAC AAG AAG CCT GCA TTG AGT GAA CTT AGA AGG AAA AAC ATA GAA ACT CTT CCA TAC GAT GAA CTC AAG CGC TTT GTT AAG CTG GAT AAC CGA GCT AGG ATT AAG GAA AAT AAT GTT ATC AGG GCC AAG ??? ??? 
Zea                             ATG GCG ATG AGA AGC CTT --- GCA ATT GCA AGC --- AAG GCG AAG AAG GGT GGA AAG --- --- --- GCT GAT GCT GGC AAA ACT CCT GCT CTC AGC CAA GAG CTC AAG AGT ACA ACA GTG TTC GGG GCA AAC ATC TTC AAG GAG GGT TCT GAT CCG AAA ATC CAA CCA GAC TCT GAG TAT CCT GAC TGG CTG TGG CAC TTG CTC GAC AAG CGT CCT GTA CTA AGT GAG CTG CGG AGG AAA GAT CCC AAG ACA CTC TCT TAT GAA GAC CTG AAG CGT TTT GTC AAG TTG GAC AAC CGA TCC AGG ATC AAG ATA AGG AAT GAC CTC AAT GCT AAG ??? ??? 
Ombrophytum                     --- --- ATG CGC ATG TTT TCA GCG GCT GCT GGC AGT AAA TCA AAG AAG GGT TCT AAA GGG AGC GCG GGT GAT GCC ACA AAG GCA TCT ACA CTA AGC AAA GAA ATG AAG TCC ACT ACT GTT GCC GGG GCA ACC ATA CTC AAG GAT GGA GCG GAT CCT AAG ATT TTA CCT GAC ACT GAA TAT CCC GAT TGG TTA TGG CAC CTG TTG GAT AAA CAT CCT TCG CTG AGT GAG ATG AAA CGA AGA AAA GCG GAA ACA TTG CCA TTT GAA GAT CTT CAA CGA TTC GTC AAG CTC GAC AAT CGA GCT AGG ATT AAA AGA AAC AAT ACC TCT AAG GCG AAG ??? ??? 
Lpyramidale                     ATG GTT ATG CGC CGA TTT GCA GCT GCT GGT GGC AGT AAA TCA AAG AAG GGT TCT AAA GGA AGC GCC AGT GAT GCC CCG GCG GCT TCT ACT TTA AGC AAA GAA ATA AAG GCC ACT ACA GTT GTT GGG GCA AAC ATA CTC AAG GAT GGA ACT GAC CCT AAA ATT CTG CCT GAT TCA GAA TAT CCC GGT TGG TTA TGG CAC CTG CTG GAT AAA CGC CCG GCA CTG AGT GAG CTA AAA CGA AGA AAA ACA GAA ACA CTT CCA ATT GAA GAT CTT GTG AGA TTT GCC AAG CTT GAC AAT CGA TCT AGG ATT AAA GGA AGT AAT GAT GTT AAA TCG AAG ??? ??? 



After deleting gaps. 297 sites
     20    297

Dendropemon                     ATG AGG ACC TTT TCA GCT GGC AAG GGG GGT TCT AAG GGT GGT GCC CCA GAA GCA TCT GAC AAA AAT GTC AAA TCC ACA ACG GTT TTT GGT GCC AAC ATC CTC AAG GAA GGC GAA GAT CCC AAA ATC TTG GCA GAT TCC GAA TAC CCA GAT TGG TTG TTT CGC TTG CTG GAT AAG CGC CCA GCG CTG AGT GAA CTG AGG AGG AAG AAT TTA GAA AGC CTT TCA TAT GAA GAG CTT AAG CGC TTT GTT AAG ATG GAC AAC CGA GCA AGA ATT AAG GAA AAC AAT GCT GCT AAG GCC AAG 
Daenikera                       ATG AGG ACC TTT TCA GCA AAA AAG AAG GGT TCT ACG AGT GAT GCT TCA AAG GCT GCT CAG AAT GCA CTC AAG TCC ACT AGG GTC ATT GGT GCC AAT ATC CTC AAG GAT GGT GCA GAT CCC AAA ATT ATG GCG GAT TCT GAA TAC CCT GAT TGG CTG TGG CGC CTA CTG GAT AAA GCC CCA TCG TTG AGT GAG CTG AGA AGG AAG AAA AAA GAA GAT CTT ACT TAC GAA GAG CTT AAA CGT TTT GTT AGG CTG GAA AAT CGA GCA AGG ATA AAA GAA AAC AAT GCT GCC AGG GCG AAG 
Malania                         ATG AGG ACA TTT TCC GCA GGT AAG AAG GGC TCC AAA AGT GAT GCT CCA AAG GCA TCC AGC AAA GAA GTC AAG TCG ACT ACT GTG GTT GGT GCC AAC ATC CTC AAG GAC GGA GCA GAT CCC AAA ATA TCG CCC GAT TCT GAA TAC CCT GAC TGG CTG TGG CAC CTT CTT GAT AAA CGC CCA GCA CTG AGT GAG CTG AAA AGG AAG AAT ATA GAA ACT CTT CCT TAT GAA GAT CTC AGA CGC TTT GTT AAG CTG GAC AAC CGA GCA AGG ATT AAA GAA AAC AAT GTT GTT AAA GCC AAG 
Balanophora                     CTT AGG CCA TAT TCG GCG GGA AAG AGG GGA CCG AAA GGT GAT AGC CAA CAG GCA TCT ACC AAA GAA CTA AGG GCT ACC ACC GTG GTA TGT GCA AAC ATT CTG AAG GAT GGA GCC GAC CCA AAG ATA CTC CCC GAT TCG GAG TAC CCC GAC TGG CTA TTT CGG ATT CTC GAG AAG AGG CCG ACA TTG AGA GAG CTC GAG AAG GAG AAG AAG GAA ACC CTC CCC TTC CAC AAC CTT AGA CGG CTG GTC AAG CTC GAT AAC AGA CGA AGG ATC AAA GAG AAC AAC ACT ACA AAG GCC AAG 
Vitis                           ATG AGG ACA TTT GCT GTT GGT AAG AAG GGC TCA AAA AGC GAT GCT CCA AAG GCA TCA AGC AAA GAA GTC AAG TCT ACT ACA ACT GTT GGT GCC AAT ATT CTG AAG GAT GGA ACA GAT CCC AAG GTC CTG CCT GAC TCT GAG TAC CCT GAT TGG CTG TGG CAC CTG CTC GAT AAA CGT CCA GCA TTG AGT GAG CTA AGA AGG AAG AGT GTA GAA AGT CTC CCT TAT GAA GCT CTT AAG CGT TTT GTT AAG CTG GAC AAC CGA GCA AGG ATC AAG GAG AAC AAC AAT CTT AAG GCC AAG 
Anadenanthera                   ATG CGA ACA TTT GCT ACC GGT AAG AAA GGA GCT AAA GCT GAT GCG CCA AAA GCG TCA AGC AAA GAA GTC AAG TCA ACT ACT GTG GTT GGT GCC AAC ATC CTC AAG GAA GGA GCA GAT CCG AAG ATC TTG CCT GAT TCT GAG TAC CCT GAT TGG TTG TGG CAC CTG CTT GAT AAA CGC CCA GCG TTA AGT GAA TTG AGA AGG AAG AAT ATT GAA ACA CTC CCT TTT GCA GAT CTA AAA CGC TTT GTT AAG CTG GAC AAT AGA GCT AGA ATT AAA GAG AAT AAC TCT GTC AAG GCC AAG 
Lmirabile                       ATG CGC CGA TTC GCT GCC GGT AAG AAG GGT TCT AAA AGT GAT GCC CCA AAG GAT TCT AGC AAA GAA ATA AAG GCC ACT ACA GTT GTT GGC GCA AAC ATA CTT AAG GAT GGA GCT GAT CCT AAA ATC TTA CCT GAT TCT GAG TAC CCC GTT TGG TTA TGG CAC CTG CTG GAT AAA CGC CCT GCC CTG AGC GAG CTC AAA CGA AGA GAA ACA GAA ACA CTT CCG ATT GAA GAC CTT GTG CGG TTT GCC AAG CTT GAC AAT CGA GCT AGG ATT AAA GGA AGT AAT GCT GTT AAA TCA AAG 
Arabidopsis                     ATG AGA ACG TTT GCA GCA GCA AAG AAA GGT GGC AAA AGC GAT GCT CCT AAA GGT TCC ACC AAA GAG ATC AAA TCC ACC ACT GTT GTT GGT GCC AAT ACT CTC AAA GAC GGA TCT GAT CCC AAG ATC TTG CCT GAT TCT GAT TAC CCT GAT TGG CTC TGG CAT CTC CTC GAT AAG CGA CCA GCT CTC AGT GAG CTT AGG AGG AAG AAC GTC GAG ACT CTT CCC TAC GAT GAT CTC AAA CGT TTT GTC AAG CTC GAC ACA CGG GGT AAA ATC AAG GAG AAC AAC TCC ATC AAG GCC AAA 
Solanum                         TTA AGA ACA TTT GCT GTT GGT AAG AAG GGA GGA AAA GGA GAT GGT CCA AAG GCA TCA AGC AAG GAA GTC AAG GCC AGT ACA GTA GTC GGG GCG AAT ATT CTC AAA GAT GGA GCC GAT CCA AAA GTG TTG CCC GAC TCA GAA TAC CCT GAT TGG CTT TGG CAC CTC CTG GAT AAA CGC CCG GCA CTT AGT GAA CTG AGA AGG AAA AAT CTC GAG TCT CTC CCT TAC GAT GAC CTC AAA CGT TTT GTC AAG CTG GAT ACC CGA GCT CGG ATC AAG GAA AAC AAC TCT GTT AGG GCC AAG 
Coffea                          GGT CGA ACA TTT TCT GCT GGG AAG AAG GGT TCT AAA GCT GAT GCT CCA AAG GAA TCA AGC AAA GAA GTG AAA TCC ACT ACG GTT GTT GGT GCC AAT ATT CTC AAG GAT GGA GCA GAC CCG AAG ATC TTG CCA GAC TCG GAG TAT CCT GAA TGG CTG TCA CAC CTG CTT GAT AAA CGC CCA GCA CTC AGT GAG CTA AGA AGG AAA GAC CTG GAA ACT CTT CCT TAC GAG GAC CTA AAA CGT TTT GTC AAA CTG GAC AAT CGA GCA AGG ATC AAG GAA AAT AAT TCC ATC AAA GCC AAG 
Beta                            ATG AGG ACA TAT GCT ACC GGG AAA AAG GGA TCC AAA ACG GAA GCT CCC AAG ATA TCT ACC AAA GAA GTT AAG GCC ACC ACT GTA GTG GGA GCT AAC ATC TTG AAA GAT GGC ACA GAT CCT AAG GTA CGA CCG GAC TCT GAG TAC CCA GAT TGG CTT TTC CAG CTC CTT GAT AAG AGA CCA GCC TTG AGT GAG CTA CAA CGA AAA GAA GCT GAA GAT CTC TCA GTT GAA GAT CTT AAA CGC TAT GTT AAG CTG GAT AAT CGA GCA AGA ATC AAA GAA AAC AAT TCA GTC AGG GCC AAG 
Citrus                          ATG CGA ACA TTT GCA GCT GGG AAA AAG GGA GGT AAA AGC GAT GCT CCA AAA GCA TCA AGC AAA GAA GTC AAG TCT ACT ACA GTT GTA GGT GCC AAT ATT CTT AAG GAA GGA TCA GAT CCT AAG GTC TTG CCT GAT TCT GAA TAC CCT GAC TGG TTG TGG CAT CTG CTT GAA AAA CGA CCA GCG CTG AGT GAA CTA AAG ATG AAG AAC ATT GAA ACT CTC CCT TAT GAA GAT CTA AAG CGC TTT CTC AAG CTG GAC AAC CGA GCA AAG ATT AAG GAA AAC AAC TCT GTT AAG GCC AAG 
Prunus                          ATG AGA ACA TTT GCT ATC GGG AAG AAG GGT TCA AAA GGT GAT GCA CCA AAA GCA TCA GAC AAA GAA GTT AAG TCT ACC ACA GTT GTG GGA GCC AAT ATT CTC AAA GAC GGA ACA GAT CCT AAG ATC TTG CCA GAT GCT GAG TAC CCT GAT TGG TTG TGG CGT CTA CTT GAT AAA CGC CCA GCA TTG AGT GAA TTA AGT AGG AAG AAC ATT GAA ACT CTC CCG TAC AAA GAT CTC AAA CGT TTT GTT AAG CTG GAT AAC CGA GCA AGG ATC AAG GAC AAC AAC TCT CTT AAG GCC AAG 
Cucumis                         TTG CGA TCA TTT GCT GCC GGG AAG AAG GGA TCT AAA GCT GAT GCT CCT AAA GCA TCA AGT AAA GAG GTG AAG TCT ACG ACT GTA GTT GGT GCC AAT ATT CTC AAG GAA GGT GCA GAT CCA AAA ATT ATG GCA GAC TCA GAA TAC CCT GCT TGG CTG TGG CAT TTG CTT GAT AAG CAT CCA CCT CTA AGT GAA TTA CGA AGG AAG AAT GCT GAA AGT CTT CCT TAT GCA GAT CTC AGA CGC TTT GTT AAA TTG GAT ACT CGA GCA AGG ATC AAG GAA AAC AAT TCT ATT AAG GCC AAG 
Glycine                         ATG CGA ACT TTT GCC ACC GGT AAG AAA GGA TCT AAA GCT GAT GCG CCC AAA GCA TCA AGC AAG GAA GTC AAG TCT AGT ACA GTT GTA GGT GCC AAC ATT CTC AAG GAA GGA ACT GAT CCA AAA ATC CAG CCT GAT TCA GAA TAC CCT GAC TGG TTG TGG CAT CTG CTT GAT AAA CGC CCT GCA CTT AGT GAA CTG CGT AGG AGG AAT ATT GAT ACA CTA TCT TAT GAA GAT CTA AAA CGC TTT GTT AAG CTG GAT ACC CGA GCA AGG ATC AAG GAG AAT AAC TCT GTC AAG GCA AAG 
Populus                         ATG CGA ACA TTT TCT GCT GGG AAG AAA GGT GGC AAA GCT GAT GCT CCA AAA GCA TCA GGT AAA GAA GTC AAG TCT ACA ACT ACA GTT GGT GCC AAT ATT CTC AAG GAT GGA ACA GAT CCC AAG GTC TTG GAC GAT TCT GAA TAC CCT GAT TGG CTA TGG CGA TTG CTT GAT AAA CGT CCA GCA TTG AGT GAA CTG AGA AGG AAG AAT ATT GAA ACT CTC CCA TTC GAA GAT CTC AAA CGC TTT GTC AAG CTG GAC AAC CGG GCA AGA ATC AAG GAA AAT AAC TTT TCT AAG GCC AAG 
Nelumbo                         ATG AGA ACA TTT TCA GCA GCT AAG AAA GGT TCA AAA GGC GAC GCT CCA AAA GCA TCT AGC AAA GAA ATG AAA TCC ACT ACT GTG GTC GGT GCT AAT ATC CTT AAG GAT GGT GCA GAT CCC AAG ATC CTG CCA GAC TCT GAG TAC CCA GAT TGG CTG TGG CAC CTG CTC GAC AAG AAG CCT GCA TTG AGT GAA CTT AGA AGG AAA AAC ATA GAA ACT CTT CCA TAC GAT GAA CTC AAG CGC TTT GTT AAG CTG GAT AAC CGA GCT AGG ATT AAG GAA AAT AAT GTT ATC AGG GCC AAG 
Zea                             ATG AGA AGC CTT GCA ATT GCA AAG AAG GGT GGA AAG GCT GAT GCT GGC AAA ACT CCT AGC CAA GAG CTC AAG AGT ACA ACA GTG TTC GGG GCA AAC ATC TTC AAG GAG GGT TCT GAT CCG AAA ATC CAA CCA GAC TCT GAG TAT CCT GAC TGG CTG TGG CAC TTG CTC GAC AAG CGT CCT GTA CTA AGT GAG CTG CGG AGG AAA GAT CCC AAG ACA CTC TCT TAT GAA GAC CTG AAG CGT TTT GTC AAG TTG GAC AAC CGA TCC AGG ATC AAG ATA AGG AAT GAC CTC AAT GCT AAG 
Ombrophytum                     ATG CGC ATG TTT GCG GCT GCT AAG AAG GGT TCT AAA GGT GAT GCC ACA AAG GCA TCT AGC AAA GAA ATG AAG TCC ACT ACT GTT GCC GGG GCA ACC ATA CTC AAG GAT GGA GCG GAT CCT AAG ATT TTA CCT GAC ACT GAA TAT CCC GAT TGG TTA TGG CAC CTG TTG GAT AAA CAT CCT TCG CTG AGT GAG ATG AAA CGA AGA AAA GCG GAA ACA TTG CCA TTT GAA GAT CTT CAA CGA TTC GTC AAG CTC GAC AAT CGA GCT AGG ATT AAA AGA AAC AAT ACC TCT AAG GCG AAG 
Lpyramidale                     ATG CGC CGA TTT GCT GCT GGT AAG AAG GGT TCT AAA AGT GAT GCC CCG GCG GCT TCT AGC AAA GAA ATA AAG GCC ACT ACA GTT GTT GGG GCA AAC ATA CTC AAG GAT GGA ACT GAC CCT AAA ATT CTG CCT GAT TCA GAA TAT CCC GGT TGG TTA TGG CAC CTG CTG GAT AAA CGC CCG GCA CTG AGT GAG CTA AAA CGA AGA AAA ACA GAA ACA CTT CCA ATT GAA GAT CTT GTG AGA TTT GCC AAG CTT GAC AAT CGA TCT AGG ATT AAA GGA AGT AAT GAT GTT AAA TCG AAG 



Printing out site pattern counts


        20        297  P

Dendropemon                     AAA AAA AAA AAC AAC AAC AAG AAG AAG AAG AAG AAG AAG AAG AAG AAG AAT AAT AAT ACA ACC ACG AGA AGC AGG AGG AGG AGT ATC ATC ATG ATG ATT CCA CCA CCA CCC CGA CGC CGC CGC CTC CTG CTG CTG CTT CTT GAA GAA GAA GAA GAA GAA GAA GAA GAC GAC GAG GAT GAT GAT GAT GCA GCA GCA GCC GCC GCC GCG GCT GCT GCT GGC GGC GGG GGT GGT GGT GGT GTC GTT GTT TAC TAT TCA TCA TCC TCC TCT TCT TGG TTA TTG TTG TTG TTT TTT TTT TTT 
Daenikera                       ... ..G ..T ... ..T ..T ..A ..A ..A ... ... ... ... .C. .G. .G. ..A ... GCA ..T ... .G. ..G GAT ..A ... ... ... ... ..T ... C.. ..A ... ..T T.. ... ... ... ..T GC. ... ... ... T.. ... ... A.G ... ... ... ... ..G ..T .C. C.G ..A ... ... ... ... ... ... ..G ..T ... ..G ..T T.. ..A ..C ... AAA ..T AA. A.. .A. ... ... C.. ..C ... ... ..C A.T ... ... ..T G.. ... ... AA. A.. C.A C.. A.. .GG ... ... 
Malania                         ... ..G ... ... ... ... ..A ..A .GA ... ... ... ... ..A ..A ... ... ... G.A ..T ..A ..T ..G .CT .AA ... ... ... ... ..A ... C.. ... ... ..T ... ... ... .A. ... ... ... ... ..T ... ..C ... A.G ... ... ... ... ..G ..C .C. AG. ... ..T ..C ... ... ... ... C.C ... ... ... ..T ..A ..A .T. .T. ..T ..A AA. A.. .A. ..C ... ... ..G ... ... ... C.T ..C ..G ..T ..C ..C ... A.. .C. C.T C.. G.. .GG ... ... 
Balanophora                     ..G .GG ... ... ... ... ..A ... .GA ... ... ... G.. ..A ... ... ..G ..C G.A ..C C.A ..C ..G .C. GA. .A. ... ..A ..T ..A C.T C.C ..C ..G ..C .A. ..A A.. ..G ..G A.G ..G ..C ..C T.. ... ..C C.G C.C ... ..G ..G ..G ..T .CC AC. ..T A.C ..C ..C ..G ... CG. C.C ... ..A ... AG. A.A ..G A.A A.. ..A ..A A.. ... .A. ..A T.. C.A ..G ..C ... .TC C.C ..G G.T ..G ... C.G ... AAG C.C A.T C.A G.A ... C.G .A. 
Vitis                           ..G ..G ... ... ... ..T ... ..A ... ... ... ... ... ..A ... ... .G. ..C G.A ..T ..A ..A ..G ..T ..A ... ... ... ..T G.. ... C.. ..C ... ..T ... ... ... .A. ..T ..T ..G ..A ..C T.. ... ..C A.G ... ... ..G ..G ..G ..T AC. AG. ... .CT ... ... ... ..C ... C.T ... ... ... ..T ..A .T. CT. AA. ..T ..A AA. A.C .A. ..C ... ... AC. ... ... ... C.T G.T ..T ..T ..A ..A ... G.. C.. C.. C.. G.. .GG ... ... 
Anadenanthera                   ..G ..G ... ..T ..T ... ..A ..A ..A ... ... ... ... ..A ... ... ... ..C G.A ..T ..A ..T ... .CA ..A ... C.A ... ... ... ... C.. ... ... ..T ... ..G A.. .A. ... ... ... T.. ..T T.A ..A ..C A.. .C. ... ..G ..G ... ... .C. AG. ... ..T ... ... ... ... ..T C.T ..G ... ... ..G ... A.C .TC T.. ..T ..A AAA .C. .A. ..A ... ... ..G ... ... .T. C.T G.T ..A ..T ..A G.. ... A.T ... C.. ... G.. .GG ... ... 
Lmirabile                       ... ..G ... .GT ..T ... ..A ..A GT. ... ... ... .GA ..A ..A ... G.A ... G.A ..T CGA ..A ..G .CA .AA C.A C.C ..C ..A ... ... C.T ... ..T ..C ... ..T ... .A. ..G ... ..T ..C ... ... ... ... A.G ... ... ..G .G. ..G ..T .CT AG. ... ..C .T. ... ... ... ..T C.T .AT ..A T.A ... ..C ..C .T. ... ..T ..A AA. A.. .A. ... ..C A.A ... .CC ... AT. C.G G.T G.. ..T ... ... ... AC. ..A C.. ..A G.. .GG ... ..C 
Arabidopsis                     ..G ... ... ... .CA ..T ... ... ..A ..A ..A ... ... ..A ... ... ..C ..C G.G ..C ..G ..T .A. .CT ... ... ..A ... .CT ... ... C.C ..C ... ..T ..T ... ..G .AT ..T ..A ... ..T ..C ..C ..C ... A.. ..T ..G ..T ..G ..G ..C TCT AC. ... ..T ... ... ... ... .GT C.T .GT ... ... ..T ..T ..A ATC T.C .CA ..A AAA A.C .A. ... ... A.. ... ..C ... ..C C.C G.. ... ..T ..C GGC ... G.C ... C.C C.C G.. .GG ... ... 
Solanum                         ... ..G ..G ... .C. ..T ... ..A ..A ..A ... ... ..A ..A .G. ... ... ..C G.A .GT ..A ..A C.G TCT ..A ... ..A ... ..T G.G T.A C.. ..C ..G ..T ... ..A ... .A. ..T ... ... ... ... ..T ..C ..C A.G ..T ..G ... ... ... ..T .CC AG. ..T ..C ... ... ... ..C ..T C.C ... ..G ... .GT ..A .T. .T. T.. ..T ..A AA. ..A .A. ..A ..G ... ..A ..C ... ..C C.T G.T G.. ..A ..A GGA ... C.C ... C.C C.T G.C .GG ... ... 
Coffea                          ..G ... ... ..T ..T ..T ... ..A ..A ... ... ... ..A ..A ..A ..A G.C ... G.A ..T ..A ... ..G .CT ..A ... C.A ... ..T ... GGT C.. ..C ... ..T ... ..G ... .A. ..T ... ... ..A ..T ..C ..A ... A.G ..G ... ..G ... ..G ..T .C. AG. ... ..C ..A ..C ... ..C ... C.. .A. ... ... ..T ..A ... ATC T.C ..G ..A AA. .C. .A. ... ... ..G ... ..C ..T ..C C.T ..T ... ..G ..A ... ... C.G ... C.. C.. G.. .CA ... ... 
Beta                            ..G ..G ... ... ..T ... ..A ... ..A ..A ... ..A ..A ..A .G. ... G.A ... G.A ..C ..A ..T ... GAT CAA C.A ... ... ... G.A ... C.. ..C ... ... ..C ..T ... .AG ... A.A T.G ..A ..T T.. ... ..C A.G ... ... ..G ... ..G ..T AC. AC. ..T ..T ... ... ... ..C ... C.G AT. ..T ... ..T ..C A.C .TC T.A ..G ... AA. ACG .AA ..A ..A ..T ..A ... ... GT. ... G.T G.. ..T ... ..C ... GCT CGA C.C C.T G.G ..C .A. .A. 
Citrus                          ..G ..G ... ... ... ..T ... ..A ... ... ... ..A ... ..A ... ... ..C ..C G.A ..T ..A ..A .AG .CT .A. .T. C.A ... ..T G.. ... C.. ... ... ..T ... ..T ... .AT ... ..A ..T ..A ..T ... ..A ..C A.. ... ... ... ... ... ... TC. AG. ... ..T ..C ... ..A ... ... C.T ... ... ... ..T ... ... .T. T.. ..G ..A AA. A.C .A. ..A ... ... ... C.C ... ... C.T G.. ..T ..T ..A GG. ... A.T ... C.. ... G.A .GG ... ... 
Prunus                          ..G ..G ... ... ... ..T ... ..A ..A ..A ... ... ... ..A ... ... ..C ..C G.A ..C ..A ..A ..G .CT ..T ... ..A ... ..T ... ... C.. ..C ... ..T ... ..T ... ..T ..T ... ... T.A ..T T.. ..C ..C A.. A.. ... ..G ..C ... ..C AC. ... ..T ..T ... ... ... ... ... C.. ... ... ... ..A ..A ATC CT. T.. ..G ..A AA. ... .A. ... ..A ..T ... ... ... ..C C.G G.T ..T G.T ..A ..A ... A.T ... C.A ... G.G .GG ... ... 
Cucumis                         ... ..G ... ... .CT ..T ... ... .GA ... ... ... ... ..A ... ..A ... ... G.G ..G T.A ..T ..G ..T C.A ... C.A ... ..T ..T T.. T.. ..C ... ..T ..T ..A ... .AT ... .AT ... T.A ..T ..A ..C ... A.. .C. ... ... ... ... ... .C. AGT ..T ..T .C. ... ... ..C ... ... ... ... ... ..T C.T ..C AT. T.. ..G ..T AA. .C. .A. ..A ... ..G ..A ... ... ... C.T G.T ..T ..A ..A ... ... GCT A.. ... C.. G.. .GG ... ... 
Glycine                         ... ..G ..G ..T .C. ... ... ..A ..A ... ... ... .G. ..A ... ... ... ..C G.A .GT ..T ..A ..G .CA C.T ... C.A ... ..T ... ... C.. ..C ..T ..T ..C ..A ... .AT ... ... ... ... ..T ..T ..A ..A A.. ... ..T ... ..G ... ... ACT AG. ..T ..T ..C ... ... ... ... C.T ... ... ..A ..G ..A A.C .TC T.. ..T ..A AAA .C. .A. ..A ... ... ... ... ... ... ..T G.C ..T ..A ..A ... ... A.T CA. C.. ... G.A .GG ... ... 
Populus                         ..G ..G ... ..T ... ..T ... ..A ..A ... ... ... ... ..A ... ... ... ..C G.A ... ..A ..T ... .CT ..A ... C.A ... ..T G.. ... C.. ..C ... ..T ... ... ..G ..A ... ..T ... ... ..T T.. ..C ..C A.. ... ... ... ... ... ..T AC. .GT ... ..T ... ... ... ... ... .AC ... ... ... ..T ..A ... T.. TT. ..G ..A AAA .C. .A. ... ... ... ACA ..C ... .TC C.. ..T ..T ..T ..A GGC ... A.T ... ... C.A G.. .GG ... ... 
Nelumbo                         ..G ... ... ..T ... ..T ... ... ... ... ... ... ..A ..A .G. ... ..C ... G.A ..T ..A ..T ..G .CT ..A ... ..A ... ... ... ... C.. ... ..T ... ... ... ... .A. ... AAG ..T ..T ..C T.. ..C ... A.. ..T ... ..G ... ... ..T .C. AG. ..T ..A ... ... ..C ..C ..T C.. ... ..T ... ..T ..A ..A ATC .T. .CT ..T AAA ..C .AC ... ... A.G ..G ... ... ..C C.. ... ... ..T ... ..A ... A.. C.. C.. C.. G.C .GG ... ... 
Zea                             ... ..G C.. .GG ... ... ... ... ... ... ... ... ..A ... ..T ... G.. ... G.G ... .G. ..A ..G .CA C.. ... ..A ... ... ... ... T.. ..C ..T ..T GGC ..G ... .A. ..T ..T T.. ... ..C ..A ..G ..C A.. ... A.G ..G AT. ..G ..G TCT AG. ... ..C ..C ... ..C ..C T.C C.. A.T ..A ..T ..T .TA AT. CTC .AC .CA ..T AA. .C. .A. ... ..G C.. ..G ..C ..T ... ..T G.. AGT ..T C.. GGA ... CCC CAA ... C.. ..C .GG ... C.. 
Ombrophytum                     ..G ..G ... ... ..T .C. ..A ..A C.A ... ... ... .GA ..A ... ... ..A ... G.A ..T .TG ..T ..G .CA .AA C.A C.C ... ..A ..T ... C.C ... ..T ..C A.. ..T ... .A. ..A .AT ... A.. T.. ... ... T.G A.G ... ... ... AG. ..G ..T .CG AG. ... ..T ... ... ... ..C ..T C.T ... ..A ..G ... T.. ... T.. A.C .CT ..A AA. ... .A. ... ..G A.G ... ..C ..T .T. C.. G.G ... A.T ... ... ... GCG ..A C.. ..A GCC .GG ..C ... 
Lpyramidale                     ... ..G ... .GT ..T ... ..A ..A GT. ... ... ... .GA ..A ..A ... ..A ... G.A ..T CGA ..A ..G .CA .AA C.A C.C ... ..A ..T ... C.T ... ..G ..C ..G ..T ... .A. A.A ... ... ..A ... ... ... ... .CG ... ... ... .G. ..G ..T ACT AG. ... ..T .G. ..C ... ... T.T C.T ..T ..A T.G ... ..A ... .T. .A. ..T ..A AA. A.. .A. ... ..G A.A ... .CC ..T AT. C.. G.T G.. ..A ... ... ... AC. C.. C.. ..A G.. .GG ... ... 

    1    1    1    1    1    1    1    1    1    1    1    1    1    1    1
    1    1    1    1    1    1    1    1    1    1    1    1    1    1    1
    1    1    1    1    1    1    1    1    1    1    1    1    1    1    1
    1    1    1    1    1    1    1    1    1    1    1    1    1    1    1
    1    1    1    1    1    1    1    1    1    1    1    1    1    1    1
    1    1    1    1    1    1    1    1    1    1    1    1    1    1    1
    1    1    1    1    1    1    1    1    1

CODONML (in paml version 4.9j, February 2020)  AT3G01740_HOM04D005780.aligned.fa_subset.fasta
Model: free dN/dS Ratios for branches,  kappa = 2.000 fixed

Codon frequency model: F3x4
ns =  20  ls =  99

Codon usage in sequences
--------------------------------------------------------------------------------------------------------------------------------------
Phe TTT   4   2   2   1   2   3 | Ser TCT   2   2   1   1   2   2 | Tyr TAT   1   0   1   1   1   0 | Cys TGT   0   0   0   1   0   0
    TTC   0   0   0   1   0   0 |     TCC   2   1   3   0   0   0 |     TAC   1   2   1   1   1   1 |     TGC   0   0   0   0   0   0
Leu TTA   1   0   0   0   0   1 |     TCA   2   2   0   0   2   2 | *** TAA   0   0   0   0   0   0 | *** TGA   0   0   0   0   0   0
    TTG   3   1   0   1   1   3 |     TCG   0   1   2   2   0   0 |     TAG   0   0   0   0   0   0 | Trp TGG   1   2   2   1   2   2
--------------------------------------------------------------------------------------------------------------------------------------
Leu CTT   2   2   3   2   2   1 | Pro CCT   0   1   2   0   3   3 | His CAT   0   0   0   0   0   0 | Arg CGT   0   1   0   0   2   0
    CTC   1   2   2   5   2   2 |     CCC   1   1   2   3   1   0 |     CAC   0   0   1   1   1   1 |     CGC   3   1   2   0   0   2
    CTA   0   1   0   2   1   1 |     CCA   3   1   2   2   2   2 | Gln CAA   0   0   0   1   0   0 |     CGA   1   1   1   1   1   1
    CTG   3   4   4   2   5   2 |     CCG   0   0   0   2   0   1 |     CAG   0   1   0   1   0   0 |     CGG   0   0   0   2   0   0
--------------------------------------------------------------------------------------------------------------------------------------
Ile ATT   1   2   1   2   1   2 | Thr ACT   0   2   3   1   2   2 | Asn AAT   3   4   2   0   2   3 | Ser AGT   1   2   2   0   3   1
    ATC   2   1   1   1   1   2 |     ACC   1   1   0   4   0   1 |     AAC   3   1   3   5   3   2 |     AGC   1   0   1   1   2   1
    ATA   0   1   2   1   0   0 |     ACA   1   0   1   2   3   2 | Lys AAA   3   7   7   3   3   7 | Arg AGA   1   1   1   3   1   3
Met ATG   2   2   1   0   1   1 |     ACG   1   1   0   0   0   0 |     AAG  10   7   8  10  12   8 |     AGG   3   6   3   5   3   1
--------------------------------------------------------------------------------------------------------------------------------------
Val GTT   2   1   4   0   3   2 | Ala GCT   3   4   1   1   3   4 | Asp GAT   4   7   5   4   5   6 | Gly GGT   4   3   2   1   2   2
    GTC   1   1   1   1   2   2 |     GCC   3   3   2   2   2   2 |     GAC   2   0   3   2   2   1 |     GGC   2   0   1   0   1   0
    GTA   0   0   0   1   1   0 |     GCA   3   4   5   2   3   2 | Glu GAA   8   5   5   2   3   4 |     GGA   0   0   1   3   1   2
    GTG   0   0   1   1   0   1 |     GCG   1   2   0   1   0   3 |     GAG   1   2   1   6   3   2 |     GGG   1   0   0   0   0   0
--------------------------------------------------------------------------------------------------------------------------------------

--------------------------------------------------------------------------------------------------------------------------------------
Phe TTT   1   2   2   2   0   2 | Ser TCT   3   2   2   2   2   3 | Tyr TAT   0   0   0   1   2   1 | Cys TGT   0   0   0   0   0   0
    TTC   1   0   0   0   1   0 |     TCC   0   3   0   2   1   0 |     TAC   1   2   2   1   1   1 |     TGC   0   0   0   0   0   0
Leu TTA   2   0   1   0   0   0 |     TCA   1   0   2   2   2   2 | *** TAA   0   0   0   0   0   0 | *** TGA   0   0   0   0   0   0
    TTG   0   1   1   1   2   2 |     TCG   0   0   0   1   0   0 |     TAG   0   0   0   0   0   0 | Trp TGG   2   2   2   1   1   2
--------------------------------------------------------------------------------------------------------------------------------------
Leu CTT   4   2   2   2   3   2 | Pro CCT   3   3   2   2   1   4 | His CAT   0   1   0   0   0   1 | Arg CGT   0   1   1   1   0   0
    CTC   1   7   5   2   2   2 |     CCC   1   2   1   0   1   0 |     CAC   1   0   1   1   0   0 |     CGC   2   0   1   1   1   1
    CTA   0   0   0   2   1   2 |     CCA   1   1   2   3   2   2 | Gln CAA   0   0   0   0   1   0 |     CGA   3   1   1   2   3   3
    CTG   3   0   3   4   1   3 |     CCG   1   0   1   1   1   0 |     CAG   0   0   0   0   1   0 |     CGG   1   1   1   0   0   0
--------------------------------------------------------------------------------------------------------------------------------------
Ile ATT   2   0   1   1   0   3 | Thr ACT   1   3   0   2   1   2 | Asn AAT   2   1   2   4   2   1 | Ser AGT   2   1   2   1   1   1
    ATC   1   4   1   3   2   0 |     ACC   0   2   1   0   3   0 |     AAC   1   3   2   0   2   4 |     AGC   2   1   1   1   0   2
    ATA   2   0   0   0   1   0 |     ACA   3   1   2   1   2   2 | Lys AAA   7   9   6   8   7   5 | Arg AGA   1   1   2   1   2   0
Met ATG   1   1   0   0   1   2 |     ACG   0   1   0   1   1   0 |     AAG   7   7   8   7   7  12 |     AGG   1   2   2   2   2   0
--------------------------------------------------------------------------------------------------------------------------------------
Val GTT   4   2   2   2   3   2 | Ala GCT   4   2   2   3   4   2 | Asp GAT   6   8   7   3   7   4 | Gly GGT   2   4   2   3   0   2
    GTC   0   2   3   1   1   2 |     GCC   5   2   3   2   3   2 |     GAC   2   2   2   5   1   2 |     GGC   1   1   0   0   1   0
    GTA   0   0   1   0   2   1 |     GCA   1   3   2   3   1   3 | Glu GAA   4   0   4   5   6   8 |     GGA   2   1   4   1   2   2
    GTG   1   0   1   1   1   0 |     GCG   0   0   1   0   0   1 |     GAG   2   4   1   3   2   0 |     GGG   0   0   1   1   1   1
--------------------------------------------------------------------------------------------------------------------------------------

--------------------------------------------------------------------------------------------------------------------------------------
Phe TTT   2   2   2   3   2   1 | Ser TCT   2   3   4   4   2   3 | Tyr TAT   0   1   1   0   0   2 | Cys TGT   0   0   0   0   0   0
    TTC   0   0   0   1   0   2 |     TCC   0   0   0   0   1   1 |     TAC   2   1   1   1   2   0 |     TGC   0   0   0   0   0   0
Leu TTA   1   1   0   0   0   0 |     TCA   2   3   2   1   2   0 | *** TAA   0   0   0   0   0   0 | *** TGA   0   0   0   0   0   0
    TTG   3   3   1   3   1   2 |     TCG   0   0   0   0   0   0 |     TAG   0   0   0   0   0   0 | Trp TGG   2   2   2   2   2   2
--------------------------------------------------------------------------------------------------------------------------------------
Leu CTT   2   2   2   1   3   1 | Pro CCT   2   4   3   1   1   3 | His CAT   0   2   1   0   0   0 | Arg CGT   2   0   1   1   0   2
    CTC   3   2   1   3   2   4 |     CCC   0   0   1   1   1   1 |     CAC   0   0   0   0   1   1 |     CGC   1   1   2   1   1   0
    CTA   1   1   2   1   0   1 |     CCA   3   2   1   3   4   1 | Gln CAA   0   0   0   0   0   2 |     CGA   1   3   2   2   1   1
    CTG   1   1   3   2   4   3 |     CCG   1   0   0   0   0   1 |     CAG   0   0   1   0   0   0 |     CGG   0   0   0   1   0   1
--------------------------------------------------------------------------------------------------------------------------------------
Ile ATT   2   3   2   2   1   1 | Thr ACT   1   2   2   2   3   1 | Asn AAT   1   3   2   3   3   2 | Ser AGT   2   3   2   1   1   2
    ATC   3   1   2   1   3   3 |     ACC   1   0   2   0   0   0 |     AAC   4   1   2   2   2   2 |     AGC   0   0   1   0   1   2
    ATA   0   0   0   0   1   1 |     ACA   3   0   2   4   1   3 | Lys AAA   7   5   6   6   6   3 | Arg AGA   1   1   0   2   2   1
Met ATG   1   1   1   1   2   1 |     ACG   0   1   0   0   0   0 |     AAG   9   9   8   9   9  11 |     AGG   2   2   3   1   3   3
--------------------------------------------------------------------------------------------------------------------------------------
Val GTT   3   2   2   1   2   0 | Ala GCT   2   5   1   3   4   3 | Asp GAT   7   5   7   7   5   3 | Gly GGT   2   2   2   3   3   2
    GTC   0   0   2   3   1   1 |     GCC   2   3   2   2   1   0 |     GAC   3   1   1   2   3   6 |     GGC   0   0   0   1   1   1
    GTA   0   1   1   0   0   1 |     GCA   4   5   4   3   4   3 | Glu GAA   3   5   5   6   5   1 |     GGA   2   1   2   1   0   1
    GTG   1   1   0   0   1   1 |     GCG   0   0   1   0   0   0 |     GAG   1   1   1   0   1   4 |     GGG   1   1   0   1   0   1
--------------------------------------------------------------------------------------------------------------------------------------

----------------------------------------------------------------------
Phe TTT   2   2 | Ser TCT   3   3 | Tyr TAT   1   1 | Cys TGT   0   0
    TTC   1   0 |     TCC   1   0 |     TAC   0   0 |     TGC   0   0
Leu TTA   2   1 |     TCA   0   1 | *** TAA   0   0 | *** TGA   0   0
    TTG   2   0 |     TCG   1   1 |     TAG   0   0 | Trp TGG   2   2
----------------------------------------------------------------------
Leu CTT   1   3 | Pro CCT   3   2 | His CAT   1   0 | Arg CGT   0   0
    CTC   2   1 |     CCC   1   1 |     CAC   1   1 |     CGC   1   2
    CTA   0   1 |     CCA   1   1 | Gln CAA   1   0 |     CGA   3   3
    CTG   2   4 |     CCG   0   2 |     CAG   0   0 |     CGG   0   0
----------------------------------------------------------------------
Ile ATT   2   3 | Thr ACT   3   2 | Asn AAT   2   2 | Ser AGT   1   3
    ATC   0   0 |     ACC   2   0 |     AAC   1   1 |     AGC   1   1
    ATA   1   2 |     ACA   2   3 | Lys AAA   6   8 | Arg AGA   2   2
Met ATG   4   1 |     ACG   0   0 |     AAG   9   6 |     AGG   1   1
----------------------------------------------------------------------
Val GTT   1   3 | Ala GCT   3   3 | Asp GAT   6   6 | Gly GGT   2   3
    GTC   1   0 |     GCC   2   3 |     GAC   2   2 |     GGC   0   0
    GTA   0   0 |     GCA   2   2 | Glu GAA   4   4 |     GGA   1   2
    GTG   0   1 |     GCG   4   1 |     GAG   1   1 |     GGG   1   1
----------------------------------------------------------------------

Codon position x base (3x4) table for each sequence.

#1: Dendropemon    
position  1:    T:0.17172    C:0.14141    A:0.33333    G:0.35354
position  2:    T:0.22222    C:0.23232    A:0.36364    G:0.18182
position  3:    T:0.27273    C:0.23232    A:0.23232    G:0.26263
Average         T:0.22222    C:0.20202    A:0.30976    G:0.26599

#2: Daenikera      
position  1:    T:0.13131    C:0.16162    A:0.38384    G:0.32323
position  2:    T:0.20202    C:0.26263    A:0.36364    G:0.17172
position  3:    T:0.33333    C:0.14141    A:0.23232    G:0.29293
Average         T:0.22222    C:0.18855    A:0.32660    G:0.26263

#3: Malania        
position  1:    T:0.12121    C:0.19192    A:0.36364    G:0.32323
position  2:    T:0.22222    C:0.24242    A:0.37374    G:0.16162
position  3:    T:0.29293    C:0.23232    A:0.25253    G:0.22222
Average         T:0.21212    C:0.22222    A:0.32997    G:0.23569

#4: Balanophora    
position  1:    T:0.10101    C:0.24242    A:0.38384    G:0.27273
position  2:    T:0.21212    C:0.23232    A:0.37374    G:0.18182
position  3:    T:0.15152    C:0.27273    A:0.23232    G:0.34343
Average         T:0.15488    C:0.24916    A:0.32997    G:0.26599

#5: Vitis          
position  1:    T:0.11111    C:0.20202    A:0.37374    G:0.31313
position  2:    T:0.22222    C:0.23232    A:0.36364    G:0.18182
position  3:    T:0.33333    C:0.18182    A:0.21212    G:0.27273
Average         T:0.22222    C:0.20539    A:0.31650    G:0.25589

#6: Anadenanthera  
position  1:    T:0.14141    C:0.16162    A:0.36364    G:0.33333
position  2:    T:0.23232    C:0.26263    A:0.35354    G:0.15152
position  3:    T:0.31313    C:0.17172    A:0.27273    G:0.24242
Average         T:0.22896    C:0.19865    A:0.32997    G:0.24242

#7: Lmirabile      
position  1:    T:0.11111    C:0.21212    A:0.33333    G:0.34343
position  2:    T:0.23232    C:0.24242    A:0.33333    G:0.19192
position  3:    T:0.34343    C:0.19192    A:0.27273    G:0.19192
Average         T:0.22896    C:0.21549    A:0.31313    G:0.24242

#8: Arabidopsis    
position  1:    T:0.12121    C:0.19192    A:0.37374    G:0.31313
position  2:    T:0.21212    C:0.25253    A:0.37374    G:0.16162
position  3:    T:0.32323    C:0.31313    A:0.17172    G:0.19192
Average         T:0.21886    C:0.25253    A:0.30640    G:0.22222

#9: Solanum        
position  1:    T:0.12121    C:0.21212    A:0.30303    G:0.36364
position  2:    T:0.23232    C:0.21212    A:0.35354    G:0.20202
position  3:    T:0.27273    C:0.23232    A:0.27273    G:0.22222
Average         T:0.20875    C:0.21886    A:0.30976    G:0.26263

#10: Coffea         
position  1:    T:0.13131    C:0.21212    A:0.32323    G:0.33333
position  2:    T:0.21212    C:0.25253    A:0.38384    G:0.15152
position  3:    T:0.29293    C:0.19192    A:0.28283    G:0.23232
Average         T:0.21212    C:0.21886    A:0.32997    G:0.23906

#11: Beta           
position  1:    T:0.12121    C:0.18182    A:0.34343    G:0.35354
position  2:    T:0.21212    C:0.25253    A:0.39394    G:0.14141
position  3:    T:0.26263    C:0.20202    A:0.32323    G:0.21212
Average         T:0.19865    C:0.21212    A:0.35354    G:0.23569

#12: Citrus         
position  1:    T:0.13131    C:0.20202    A:0.34343    G:0.32323
position  2:    T:0.23232    C:0.23232    A:0.39394    G:0.14141
position  3:    T:0.30303    C:0.16162    A:0.30303    G:0.23232
Average         T:0.22222    C:0.19865    A:0.34680    G:0.23232

#13: Prunus         
position  1:    T:0.14141    C:0.17172    A:0.37374    G:0.31313
position  2:    T:0.23232    C:0.23232    A:0.37374    G:0.16162
position  3:    T:0.30303    C:0.19192    A:0.28283    G:0.22222
Average         T:0.22559    C:0.19865    A:0.34343    G:0.23232

#14: Cucumis        
position  1:    T:0.16162    C:0.18182    A:0.32323    G:0.33333
position  2:    T:0.21212    C:0.28283    A:0.34343    G:0.16162
position  3:    T:0.39394    C:0.10101    A:0.28283    G:0.22222
Average         T:0.25589    C:0.18855    A:0.31650    G:0.23906

#15: Glycine        
position  1:    T:0.13131    C:0.20202    A:0.35354    G:0.31313
position  2:    T:0.21212    C:0.25253    A:0.36364    G:0.17172
position  3:    T:0.34343    C:0.17172    A:0.27273    G:0.21212
Average         T:0.22896    C:0.20875    A:0.32997    G:0.23232

#16: Populus        
position  1:    T:0.15152    C:0.17172    A:0.34343    G:0.33333
position  2:    T:0.22222    C:0.24242    A:0.36364    G:0.17172
position  3:    T:0.32323    C:0.18182    A:0.29293    G:0.20202
Average         T:0.23232    C:0.19865    A:0.33333    G:0.23569

#17: Nelumbo        
position  1:    T:0.12121    C:0.18182    A:0.38384    G:0.31313
position  2:    T:0.23232    C:0.24242    A:0.37374    G:0.15152
position  3:    T:0.30303    C:0.20202    A:0.26263    G:0.23232
Average         T:0.21886    C:0.20875    A:0.34007    G:0.23232

#18: Zea            
position  1:    T:0.13131    C:0.22222    A:0.36364    G:0.28283
position  2:    T:0.23232    C:0.20202    A:0.37374    G:0.19192
position  3:    T:0.26263    C:0.24242    A:0.19192    G:0.30303
Average         T:0.20875    C:0.22222    A:0.30976    G:0.25926

#19: Ombrophytum    
position  1:    T:0.15152    C:0.17172    A:0.37374    G:0.30303
position  2:    T:0.21212    C:0.28283    A:0.35354    G:0.15152
position  3:    T:0.31313    C:0.16162    A:0.25253    G:0.27273
Average         T:0.22559    C:0.20539    A:0.32660    G:0.24242

#20: Lpyramidale    
position  1:    T:0.11111    C:0.21212    A:0.35354    G:0.32323
position  2:    T:0.22222    C:0.25253    A:0.32323    G:0.20202
position  3:    T:0.36364    C:0.12121    A:0.30303    G:0.21212
Average         T:0.23232    C:0.19529    A:0.32660    G:0.24579

Sums of codon usage counts
------------------------------------------------------------------------------
Phe F TTT      39 | Ser S TCT      48 | Tyr Y TAT      14 | Cys C TGT       1
      TTC       7 |       TCC      15 |       TAC      22 |       TGC       0
Leu L TTA      10 |       TCA      28 | *** * TAA       0 | *** * TGA       0
      TTG      31 |       TCG       8 |       TAG       0 | Trp W TGG      36
------------------------------------------------------------------------------
Leu L CTT      42 | Pro P CCT      43 | His H CAT       6 | Arg R CGT      12
      CTC      51 |       CCC      19 |       CAC      11 |       CGC      23
      CTA      17 |       CCA      39 | Gln Q CAA       5 |       CGA      35
      CTG      54 |       CCG      11 |       CAG       4 |       CGG       7
------------------------------------------------------------------------------
Ile I ATT      32 | Thr T ACT      35 | Asn N AAT      44 | Ser S AGT      32
      ATC      32 |       ACC      18 |       AAC      44 |       AGC      19
      ATA      12 |       ACA      38 | Lys K AAA     119 | Arg R AGA      28
Met M ATG      24 |       ACG       6 |       AAG     173 |       AGG      46
------------------------------------------------------------------------------
Val V GTT      41 | Ala A GCT      57 | Asp D GAT     112 | Gly G GGT      46
      GTC      25 |       GCC      46 |       GAC      44 |       GGC      10
      GTA       9 |       GCA      59 | Glu E GAA      87 |       GGA      29
      GTG      12 |       GCG      15 |       GAG      37 |       GGG      11
------------------------------------------------------------------------------


Codon position x base (3x4) table, overall

position  1:    T:0.13081    C:0.19141    A:0.35455    G:0.32323
position  2:    T:0.22121    C:0.24495    A:0.36465    G:0.16919
position  3:    T:0.30505    C:0.19495    A:0.26010    G:0.23990
Average         T:0.21902    C:0.21044    A:0.32643    G:0.24411

Codon frequencies under model, for use in evolver (TTT TTC TTA TTG ... GGG):
  0.00909635  0.00581323  0.00775599  0.00715358
  0.01007244  0.00643702  0.00858826  0.00792121
  0.01499444  0.00958254  0.00000000  0.00000000
  0.00695725  0.00444619  0.00000000  0.00547135
  0.01331087  0.00850662  0.01134950  0.01046799
  0.01473921  0.00941943  0.01256737  0.01159126
  0.02194167  0.01402232  0.01870854  0.01725545
  0.01018069  0.00650620  0.00868055  0.00800634
  0.02465497  0.01575632  0.02102203  0.01938925
  0.02730059  0.01744707  0.02327782  0.02146984
  0.04064129  0.02597275  0.03465276  0.03196128
  0.01885711  0.01205107  0.01607850  0.01482968
  0.02247746  0.01436474  0.01916539  0.01767681
  0.02488943  0.01590616  0.02122195  0.01957364
  0.03705189  0.02367886  0.03159226  0.02913849
  0.01719167  0.01098673  0.01465846  0.01351994


TREE #  1:  ((((((9, 10), 11), (3, ((1, 2), ((19, (7, 20)), 4)))), (((8, 12), (((13, 14), (15, 6)), 16)), 5)), 17), 18);   MP score: 721
This is a rooted tree.  Please check!
lnL(ntime: 38  np: 76):  -3547.369112      +0.000000
  21..22   22..23   23..24   24..25   25..26   26..9    26..10   25..11   24..27   27..3    27..28   28..29   29..1    29..2    28..30   30..31   31..19   31..32   32..7    32..20   30..4    23..33   33..34   34..35   35..8    35..12   34..36   36..37   37..38   38..13   38..14   37..39   39..15   39..6    36..16   33..5    22..17   21..18 
 1.107923 0.504123 0.000004 0.000004 0.063393 0.679114 0.499953 2.236554 0.155593 0.240232 0.063807 0.125143 0.441953 0.503533 0.038555 0.768554 0.436022 0.157118 0.198795 0.160753 4.680714 0.046231 0.088116 0.088928 1.163761 0.242765 0.011279 0.055299 0.000004 0.366630 0.612586 0.174451 0.384371 0.260223 0.395926 0.311038 0.353427 0.426059 0.000100 0.020589 0.000100 0.000100 0.119566 0.088883 0.066780 0.055134 0.034611 0.084541 0.000100 0.422357 0.200464 0.420532 999.000000 0.024189 0.228569 0.691683 0.050228 0.192771 0.033155 0.151094 0.000100 0.462455 0.038528 0.113830 999.000000 0.197918 0.000100 0.162801 0.126053 0.000100 0.071469 0.055763 0.221619 0.241112 0.082507 999.000000

Note: Branch length is defined as number of nucleotide substitutions per codon (not per neucleotide site).

tree length = 18.042934

((((((9: 0.679114, 10: 0.499953): 0.063393, 11: 2.236554): 0.000004, (3: 0.240232, ((1: 0.441953, 2: 0.503533): 0.125143, ((19: 0.436022, (7: 0.198795, 20: 0.160753): 0.157118): 0.768554, 4: 4.680714): 0.038555): 0.063807): 0.155593): 0.000004, (((8: 1.163761, 12: 0.242765): 0.088928, (((13: 0.366630, 14: 0.612586): 0.000004, (15: 0.384371, 6: 0.260223): 0.174451): 0.055299, 16: 0.395926): 0.011279): 0.088116, 5: 0.311038): 0.046231): 0.504123, 17: 0.353427): 1.107923, 18: 0.426059);

((((((Solanum: 0.679114, Coffea: 0.499953): 0.063393, Beta: 2.236554): 0.000004, (Malania: 0.240232, ((Dendropemon: 0.441953, Daenikera: 0.503533): 0.125143, ((Ombrophytum: 0.436022, (Lmirabile: 0.198795, Lpyramidale: 0.160753): 0.157118): 0.768554, Balanophora: 4.680714): 0.038555): 0.063807): 0.155593): 0.000004, (((Arabidopsis: 1.163761, Citrus: 0.242765): 0.088928, (((Prunus: 0.366630, Cucumis: 0.612586): 0.000004, (Glycine: 0.384371, Anadenanthera: 0.260223): 0.174451): 0.055299, Populus: 0.395926): 0.011279): 0.088116, Vitis: 0.311038): 0.046231): 0.504123, Nelumbo: 0.353427): 1.107923, Zea: 0.426059);

Detailed output identifying parameters

w (dN/dS) for branches:  0.00010 0.02059 0.00010 0.00010 0.11957 0.08888 0.06678 0.05513 0.03461 0.08454 0.00010 0.42236 0.20046 0.42053 999.00000 0.02419 0.22857 0.69168 0.05023 0.19277 0.03315 0.15109 0.00010 0.46246 0.03853 0.11383 999.00000 0.19792 0.00010 0.16280 0.12605 0.00010 0.07147 0.05576 0.22162 0.24111 0.08251 999.00000

dN & dS for each branch

 branch          t       N       S   dN/dS      dN      dS  N*dN  S*dS

  21..22     1.108   222.2    74.8  0.0001  0.0001  1.4669   0.0 109.7
  22..23     0.504   222.2    74.8  0.0206  0.0130  0.6291   2.9  47.0
  23..24     0.000   222.2    74.8  0.0001  0.0000  0.0000   0.0   0.0
  24..25     0.000   222.2    74.8  0.0001  0.0000  0.0000   0.0   0.0
  25..26     0.063   222.2    74.8  0.1196  0.0074  0.0619   1.6   4.6
  26..9      0.679   222.2    74.8  0.0889  0.0632  0.7114  14.1  53.2
  26..10     0.500   222.2    74.8  0.0668  0.0369  0.5524   8.2  41.3
  25..11     2.237   222.2    74.8  0.0551  0.1403  2.5449  31.2 190.2
  24..27     0.156   222.2    74.8  0.0346  0.0065  0.1868   1.4  14.0
  27..3      0.240   222.2    74.8  0.0845  0.0215  0.2543   4.8  19.0
  27..28     0.064   222.2    74.8  0.0001  0.0000  0.0845   0.0   6.3
  28..29     0.125   222.2    74.8  0.4224  0.0310  0.0735   6.9   5.5
  29..1      0.442   222.2    74.8  0.2005  0.0735  0.3667  16.3  27.4
  29..2      0.504   222.2    74.8  0.4205  0.1246  0.2963  27.7  22.2
  28..30     0.039   222.2    74.8 999.0000  0.0172  0.0000   3.8   0.0
  30..31     0.769   222.2    74.8  0.0242  0.0230  0.9496   5.1  71.0
  31..19     0.436   222.2    74.8  0.2286  0.0786  0.3438  17.5  25.7
  31..32     0.157   222.2    74.8  0.6917  0.0471  0.0681  10.5   5.1
  32..7      0.199   222.2    74.8  0.0502  0.0115  0.2291   2.6  17.1
  32..20     0.161   222.2    74.8  0.1928  0.0261  0.1353   5.8  10.1
  30..4      4.681   222.2    74.8  0.0332  0.1871  5.6429  41.6 421.8
  23..33     0.046   222.2    74.8  0.1511  0.0064  0.0422   1.4   3.2
  33..34     0.088   222.2    74.8  0.0001  0.0000  0.1167   0.0   8.7
  34..35     0.089   222.2    74.8  0.4625  0.0229  0.0496   5.1   3.7
  35..8      1.164   222.2    74.8  0.0385  0.0533  1.3829  11.8 103.4
  35..12     0.243   222.2    74.8  0.1138  0.0273  0.2402   6.1  18.0
  34..36     0.011   222.2    74.8 999.0000  0.0050  0.0000   1.1   0.0
  36..37     0.055   222.2    74.8  0.1979  0.0091  0.0461   2.0   3.4
  37..38     0.000   222.2    74.8  0.0001  0.0000  0.0000   0.0   0.0
  38..13     0.367   222.2    74.8  0.1628  0.0533  0.3272  11.8  24.5
  38..14     0.613   222.2    74.8  0.1261  0.0744  0.5901  16.5  44.1
  37..39     0.174   222.2    74.8  0.0001  0.0000  0.2310   0.0  17.3
  39..15     0.384   222.2    74.8  0.0715  0.0300  0.4198   6.7  31.4
  39..6      0.260   222.2    74.8  0.0558  0.0165  0.2956   3.7  22.1
  36..16     0.396   222.2    74.8  0.2216  0.0701  0.3161  15.6  23.6
  33..5      0.311   222.2    74.8  0.2411  0.0579  0.2399  12.9  17.9
  22..17     0.353   222.2    74.8  0.0825  0.0310  0.3759   6.9  28.1
  21..18     0.426   222.2    74.8 999.0000  0.1897  0.0002  42.2   0.0

tree length for dN:       1.5555
tree length for dS:      19.2713

dS tree:
((((((Solanum: 0.711417, Coffea: 0.552448): 0.061939, Beta: 2.544922): 0.000005, (Malania: 0.254254, ((Dendropemon: 0.366739, Daenikera: 0.296348): 0.073474, ((Ombrophytum: 0.343817, (Lmirabile: 0.229075, Lpyramidale: 0.135335): 0.068080): 0.949580, Balanophora: 5.642889): 0.000017): 0.084482): 0.186840): 0.000005, (((Arabidopsis: 1.382875, Citrus: 0.240219): 0.049591, (((Prunus: 0.327192, Cucumis: 0.590137): 0.000005, (Glycine: 0.419846, Anadenanthera: 0.295626): 0.230974): 0.046106, Populus: 0.316089): 0.000005): 0.116666, Vitis: 0.239936): 0.042248): 0.629148, Nelumbo: 0.375874): 1.466898, Zea: 0.000190);
dN tree:
((((((Solanum: 0.063233, Coffea: 0.036893): 0.007406, Beta: 0.140311): 0.000000, (Malania: 0.021495, ((Dendropemon: 0.073518, Daenikera: 0.124624): 0.031032, ((Ombrophytum: 0.078586, (Lmirabile: 0.011506, Lpyramidale: 0.026089): 0.047090): 0.022970, Balanophora: 0.187089): 0.017168): 0.000008): 0.006467): 0.000000, (((Arabidopsis: 0.053280, Citrus: 0.027344): 0.022933, (((Prunus: 0.053267, Cucumis: 0.074388): 0.000000, (Glycine: 0.030006, Anadenanthera: 0.016485): 0.000023): 0.009125, Populus: 0.070051): 0.005022): 0.000012, Vitis: 0.057851): 0.006383): 0.012953, Nelumbo: 0.031012): 0.000147, Zea: 0.189723);

w ratios as labels for TreeView:
((((((Solanum #0.0888826 , Coffea #0.0667804 ) #0.119566 , Beta #0.0551336 ) #0.0001 , (Malania #0.0845414 , ((Dendropemon #0.200464 , Daenikera #0.420532 ) #0.422357 , ((Ombrophytum #0.228569 , (Lmirabile #0.0502284 , Lpyramidale #0.192771 ) #0.691683 ) #0.0241892 , Balanophora #0.0331548 ) #999 ) #0.0001 ) #0.0346105 ) #0.0001 , (((Arabidopsis #0.0385283 , Citrus #0.11383 ) #0.462455 , (((Prunus #0.162801 , Cucumis #0.126053 ) #0.0001 , (Glycine #0.0714695 , Anadenanthera #0.0557634 ) #0.0001 ) #0.197918 , Populus #0.221619 ) #999 ) #0.0001 , Vitis #0.241112 ) #0.151094 ) #0.0205888 , Nelumbo #0.0825066 ) #0.0001 , Zea #999 );


Time used: 24:45
