
Before deleting alignment gaps
     20    402

Dendropemon                     ATG CCT CTC TAC GAT TGT GTG CTT CTG TTG AAG CCT CAC GTG ACT AAG GAG TCT CTG ATG GAA TTG GCT GGT CGA GTC GGA AAA CAT GTT TAC CAA AGA AAT GGT GTA TTG ACT GAC GTG AAA TCA TTC GGG AAT GTT CAT TTG GGC TAT GGG ATC AAA AAG CGG GAC GGA AGA CAC TAT CAA GGC CAG CTG ATG CAG ATG ACA ATG ATG GTC ACC CCC AAC TTC AAT AAA GAG CTG CAA TAT CTA AAC AAG GAA GAC CGA TTG CTG CGA TGG CTT CTT ATC AAG CAC CGA AAC ACC AAG TAT GGA CTG GAA TCT CTG AAC GAT GAA AAT GGG TTA AGT GAG AGC GCT GAT GAC AGC GAT CCA GAT GAC CTC GAC --- GAT GGC GAG GTC GAG GAT CTG CAG 
Daenikera                       ATG CCT CTT TAT GAC TGT GTG CTT CTT TTC AAG CCT CAT GTA AAG AAG GAA GCT TTG ATG GAC TTG GCC TCT CGA ATA GGA AAG CAT GTT TAC CGA AGG AAT GGT GTC GTA ACT GAT ATT AAA TCA TTT GGA ACT GTT CAA TTG GGT TAT GGT ATT AAG AAG CTG GAT GGG AGA CAC TTT CAA GGC CAG CTG TTT CAA ATG ACA ATG ATG GTA ACG CCC AAC ATC AAT ACT GAA CTG CAT TAC CTA AAC AAA GAA GAC CGG TTG TTG CGC TGG CTT GTG GTT AAG CAC CGA AAC ACC GAA TTT GGG TTG GGA CTT CAG CGC GAA GAT GAG AGA GAT AAG CGA GAC GTT GAC AAC ATT GAT GAA GAT GAC --- TTT --- GAC GAC GAC GAT GAA TAT GAT GAG 
Malania                         ATG CCT CTT TAT GAT TGT ATG CTT CTC TTG AAA CCT CAC GTG AAG AAG GAA GCT TTG ATG GAC TTG GTT TAT CGA GTA GGA AAG CAT GTT TAC AGA AGA AAT GGT GTC CTA ACT GAT ATA AAA TCA TTT GGA ATT GTT CAA TTG GGT TAT GGT ATC AGA AAG CTG GAT GGG AGA CAC TAT CAA GGC CAA CTT ATG CAG ATG ACA ATG ATG GTG ACA CCC AAA TTC AAT AGT GAA CTG CAT TAC CTA AAC AAG GAG GAT CGG TTA CTG CGT TGG CTT TTG GTT AAG CAC CGA AAT ACC AAA TAC GGG CTG GAA TTG CTG AGC GAG GAG GGT GGG AAA AGT GGG AGC GAC AAC GAG GAC ATG GAT GAC GAC --- --- --- GAC GAT GAC AAT GAT GAT GAA TAT 
Balanophora                     ATG CCC CTC TAT GAT TGT GTG TTT TTG CTC AAG CCT AAT TTG ACA AAG GAA GCT CTA GCT GAT TTG GTC GCC CAA GTG GGG AAA CAT GTA TAT AGA AAA AAT GGT GTT ATA ACC GAT ATA AAG TCA TTT GGA ACT GTA CAG TTG GGA TAT GGC GTT AAG AAG CTC AAC GGA AGA CAC TAT CAA GGA AAA ATG ATG CAG ATG ACA ATG ATG GTG GCC CCT AGC TTT CAC ACA GAA CTC CAT TAT CTG AAC AAG GAA GAT CGA CTA CTG CGA TGG ATT CTT GTA AAG CAC AGA GGT GTC AAG TTT GGT CTT GAC ATT TTA AAC GAG TTG GAT GAC AAA AGG GAA ATT GAT GAA GAT GAT GAC GAA GAT GAG --- --- --- GAT GAA GAC GAG GAT GAC GAC TAT 
Anadenanthera                   ATG CCA CTC TAC GAT TGT ATG CTT CTA TTT AAG CCT CAT TTA AAG AAG GAA CCT ATC ATG GAT TTG GTT GCA AGG GTG GGA AAA CAT GTT TAT AGA AGG AAT GGA GTT CTC ACT GAA ATC AAG TCT TTT GGA ACA GTT CAG TTG GGC TAT GGT ATT AAA AAG CTA GAT GGC AGG CAT TAT CAG GGT CAA ATG ATG CAA ATG ACT ATG ATG GCT ACA CCC AAC ATC AAT AAG GAG CTG CAT TAC TTA AAC AAG GAA GAC CGG CTA CTT CGC TGG CTA CTG GTT AAA CAT CGG GAG ACA CAA TAT GGG ATT GAC TTC TTA AAT GAG GAG CAA ACT CAA CTT GAG AGC GAT GAA GAT GTT GAC CCT GAT GAA --- --- --- GAC GAT GAT GAT GAT GAG GAA TAT 
Nelumbo                         ATG CCT CTT TAT GAT TGT ATG CTC TTG TTG AAG CCC CAT GTA ACA AAG GAA GCT CTG ATG GAC TTG GTT GCT CGG GTA GGA AAA CAT GCC CAC AGA AGG AAT GGT GTT CTG ACT GAT ATA AAA TCA TTT GGT ACA GTC CAG TTG GGT TAT GGT ATT AAA AAG CTT GAT GGA AGA TAC TAT CAG GGT CAG CTG ATG CAG ATG ACA ATG ATG GTA ACT CCC AAC TTC AAT AAA GAG TTG CAT TAC CTG AAC AAG GAA GAT AGG CTA CTA CGC TGG CTC TTA GTA AAG CAC AGG GAT GTT AAA TTT GGC CTT GAC TTG ATG AGT GAG GAT GAT GGA AAG GGT GAA AGC GGT GAT GAG GAC ATT GAT --- --- --- --- --- AAG GAC GAC GAT GAT GAG GAA TAT 
Arabidopsis                     ATG CCG CTC TAC GAC TGT ATG CTT CTG TTC AAG CCT ATA ATC AGG AAG GAG GGC CTC ATC GAC CTC GTT GCG CGC ATT GGT AAA CAC GTT TAC AGC AGA AAT GGC GTC CTC ACC GAG ATC AAA TCC TTT GGC AAG GTC GAA TTG GGT TAC GGT ATT AGA AAG CTC GAC GGA AGA CAC TAT CAG GGA CAA TTG ATG CAG ATA ACA ATG ATG ACA ACT CCA AAC ATG AAC AAG GAG CTT CAC TAC CTG AAC AAG GAA GAC AAA CTG CTG CGC TGG CTC TTA GTT AAA CAC CGT GAC ATC AAG ATT GGA CAG TCG --- --- GAA AAG GAA GAT AGT CTG ACT GTG GGG GAT GGA TCC TCC TCG --- --- --- --- --- --- GAC GAA GAT GAC AAC AAC ATT TTA 
Solanum                         ATG CCG CTT TAT GAT TGT ATG CTT TTA CTA AAA CCG CAT GTA AAG AAG GAG GCT CTG ATG GAC CTT GTT GCA AAG GTT GGG AAG CAT GTT TAT AGA AAA AAT GGC GTG CTT ACG GGT TTA AAG TCG TTT GGT ACT GTT CAA TTG GGT TAT GGC ATT AAG AAA CTA GAT GGA AGA TAT TAT CAG GCG CAA CTG ATG CAA ATG ACA GTG ATG ACA CCT CCC AGT TTT AAC AAT GAG CTG CAT TAC TTG AAC AAA GAA GAC CGC CTA CTT CGA TGG CTT TTG GTT AAG CAT CGT GAC ATC AAA TTT GGA GTT GAC CTT TGG GGT GAA GAT GAT GTT AAG TCT GAC AGT GAA ATT GAA GAA GAA GAA GAA GAT --- GAT --- GAT GAC GAC GAC GAT AAT GAT GAT 
Coffea                          ATG CCT CTT TAT GAC TGC ATG CTT TTG TTG AAA CCC CAT GTA AAG AAG GAG GCA TTG ATG GAC TTG GCT GCT AAA GTT GGG AAA CAT GTT TAC AGA AGA AAT GGG GTT CTT ACT GGT GTC AAG TCA TTT GGA CAA GTT CAA TTG GGT TAT GGC ATC AGG AAA CTT GAT GGG AGG TAC TAT CAG GGC CTA CTG ATG CAA ATG ACA ATG ATG ACA CCG CCC AGT TTT AAT GAA GAG CTG CAT TAC CTT AAC AAG GAA GAC CGA TTG CTT CGC TGG CTT CTG GTC AAA CAT CGT GAC ATG AAA TAT GGG CTG GAC TTT CTG GGT GAA GAT GAT CCT AAC --- --- AGC GAC AAT GAG GAT GAC AAG GAT GAC AGT GAG --- GAT GAG GAT GAT GAT GAT GAG TAT 
Beta                            ATG CCG CTC TAC GAC TGT GTG CTA TTA TTT AAG CCC CAT GTG AAT AAG CAA GCC ATT ACA GAC TTG ATT GCT AGG GTG GGG AAA CAT GTT TAT GCT CGA AAT GGT GTG CTC ACG GAA CTT AAG TCC ATT AGA GAG GTT CAG CTG GGT TAT GGT ATT AAG AAG CTT GAT GGA AGA TAC TTT CAG GGA AAA CTC ATG CAA ATG ACA ATG ATG GCA ACA CCC AAT ATA AAC AAG GAG CTT CAT TAC TTG AAC AAA GAA GAT CGG TTA TTA CGT TGG CTC CTT GTA AAA CAC CGA GAC ACC AAG TAT GGA CTT GAT TAC TTC GAG AAC GAA GAT TCA AAA AGT GAA CGT GAT GAT GCA GAT ATG GAC GAG GTT --- --- --- GAA GAT GAT GAT GAT GAC GAG TAT 
Citrus                          ATG CCG CTT TAT GAT TGT ATG CTG CTG CTG AAA CCC CAC GTG AGG AAG GAG TCG TTG ATG GAA TTA GTA GCT CGA GTT GGG AAA CAT GTC TAC GGC AGA AAT GGG GTT CTT ACT GAT ATC ACA TCA TTT GGG ACT GTT CAA TTG GGT TAT GGC ATC AAG AAG CTC GAT GGA AGA TAC TAT CAG GGC CAA CTG ATG CAA ATG ACA ATG ATG TCT ACC CCC AAC ATC AAT AAG GAG CTG CAA TAC CTG AAC AAG GAA GAT AGG CTA CTG CGT TGG CTT CTA GTG AAA CAC CGA GGC ATG AAA AAT GGG AAG GAA GCT CGG TAT GCA GAA ACT AGT GAA GCT GAT AGC GAT TTT GAG GGC ATT GAG GAG --- --- --- --- GAG GAC AAT GAC GAA GAA GAA TAT 
Prunus                          ATG CCT CTG TAT GAT TGT ATG CTT CTG GTG AAA CCC CAT GTA AGG AAG GAG GCT CTG ATG GAC TTG GTT GCT AGA GTA AGC AAA CAT GTT TAC AGA AGA AAT GGA GTT CTT ACT GAC ATG AAG TCA TTT GGC ACT GTT CAG TTG GGC TAT GGT ATT AAG AAG CTT GAT GGC AGA TAT TAT CAG GGT CAA CTA ATG CAA ATG ACG ATG ATG GCT ACA CCT AAC ATC AAC AAG GAG CTG CAT TAC TTG AAC AAG GAA GAT AGA TTG CTG CGC TGG CTT TTG GTT AAA CAC CGA GAC ACG AAG TAT GGA CTG GAA TTT CTT AGT GAA GAG GAT GCA AAT AGT GAA AGC GAT GAT GAT GAG GAC GAG GAC GAG --- GAC --- GAG GAT GAT GAC GAT GAT GAA TAT 
Cucumis                         ATG CCT CTT TAC GAT GTT ATG CTT TTG ATG AAA CCC CAT GTA AAG AAG GAG GCT TTG TTG GAT TTG GTT GCT AGA GTG GGC AAG CAT GTG TTC AGG AGA AAC GGG GTT GTC TGT GAC ATT AAG TCA TTT GGT GTT GTC CAA TTG GGT TAT GGT ATT AAG AAG CTT GAT GGA AGA TAC TAT CAG GGC CAA CTT ATG CAG ATG ACG ATG ATG GCT ACT CCC AAC ATG AAC AAG GAG TTG TTT TAC TTA AAC AAG GAA GAT CGA TTG TTG CGT TGG ATT TTA GTG AAG CAC CGT GAC AGA CAA TAT GGC CTG GAA TTC CTT AGT GAA GAT GAT GAC AAG AGT GGA CTT GGT GAT GAA GAT GAT GAC GAC GAC --- GAC --- GAC GAT GAC GAC GAT GAA GAA TAC 
Glycine                         ATG CCT CCT TAT GAT TGT ATG TTT CTG TTT AAG CCC CAT ATA AGG AAG GAA GCT GTC ATG GAT TTA GTT GTG AGG GTG GGA AAG CAT GTG TGC AGA AGA AAT GGG GTT GTC ACT GAT ATC AAG AGT CTC GGA AAA GTT CAG TTG GGC TAT GGT GTG AAA AAG CTA GAT GGC AGA TAT TAT CAG GGC CTA CTG ATG CAA ATG AGC ATG ATG GCT ACA CCT GAA ATC AAC AAA GAG TTG CAT TAC CTA AAC AAG GAA GAC CGG TTA CTG CGT TGG CTT TTG GTT AAG CAG CGT AAT ACA AAA TTT GGG CTT GAC TCC TAT GGT GAT GAA --- GGT AGA TAT GAG ATC GGT GAT GAG GAT --- --- --- --- --- --- --- GAG GAT GAA GAT GAT GAG GAA TAT 
Populus                         ATG CCT CTT TAT GAT TGT ATG CTC ATG TTG AAA CCT CAT GTA CGA AAG GAA GCA TTG ATG GAC TTG GTT GCT CGA GTA GGC AAG CAT GTT TAT AGT AGA AAT GGT GTT GTC ACT GAT ATA AAA TCA TTT GGC ACT GTT CAA CTG GGG TAT GGT ATT AAG AAG CTC GAT GGT AGA CAT TAT CAG GGC CAA CTG ATG CAA ATA ACA ATG ATG GCC ACA CCT AAC ATC AAC AAG GAG CTG CAT TAC CTG AAC AAG GAG GAT CGC CTG CTG CGT TGG CTT CTT GTT AAA CAC CGG GAC ATA AAA TTT GGG CTA GAA TTC ATG GAT GAA GAT GAT GAA GAT GGC GAG GAC GAC AAC GAC AAC AGT GAT GAT TAT --- GAA --- GAC AGC AGC CAC GAT GAG GAC AAT 
Vitis                           --- --- --- --- --- --- ATG CTT CTG TTG AAG CCA CAT GTT AAC AAG GAA AGT TTG ATG GAC TTA GTT GCC CGA GTC GGA AAA CAT GTG TAC AGA AGG AAT GGT GTT CTT ACT GAT ATA AAG TCA TTT GGG ATT GTT CGA TTG GGC TAT GGT ATT AAG AAG CTA GAT GGG AGA TAT TAT CAG GGC CAA CTG ATG CAG ATG AGC ATG ATG GCT ACA CCC AAC TTC AAC AAG GAG CTG CAT TAC CTG AAC AAA GAA GAC CGG TTG CTA CGG TGG CTT CTG GTT AAA CAC CGA AAC ACC AAA TAC GGG CTG GAA TTT CTG AAT GAA GAT GAT GTT AGA AGT GAG AGC GAC GAT GAG AAC ATT GAT GAG GAT --- --- --- GAC GAT GAC GAT GAT GAA GAA TAT 
Zea                             ATG CCG CTG TAC GAC TGC ATG CTG CTG CTG AAG ACG ACG GTG ACC AGG GAG GTC CTA GCG GAA CTG GTG ACG CGG GTG GCG CGC CGC GCA TGC CAG CGC AAC GGG GTC GTC ACC GAC GTC AAG TCA TTC GGC AAG GTC AGC CTC GCC TAC GGC ATC AGG AAG CTC GAC GGC CGC CAC TTC CAG GGC CAT CTT ATG CAA ATG ACC ATG ATG GTT CCC CCT TCG TTC CCG CAA GAA CTC CAC TAT CTG AAC AAG GAG GAC AGG CTG CTT CGC TGG CTG GTC GTG AAG CAC AGA GAC ACG GTA TAC GGG TTG GAG TTC TTG AAC GCG GAT GGC GGG AGG GAC GAG AAG GAT ATT GAA ATT GAC TCC GAC GAC GAA GAC TAC GAT GAC TCC GAC GAC GAA GAG TAC 
Lmirabile                       ATG CCT CTT TAT GAT TGC GTA CTT CTA TTC AAG CCT ACA GTA ATG AAG GAT GCA TTG ATG GAC CTA GTT GCT CGT GTC GCT AGA CAT GTT TAC AGA AAG AAC GGC GTT GTA ACA GAA ATA AAA TCC TTT CAA ACG GTT CAA CTA GGT TAT GGT GTA AAG AAA TTG GAT GGA AGA CAC TAT CAA GGG CAG CTT ATG CAG ATG ACA GTG ATG GCA ACT CCA AAA TTA AAC CAG GAG CTT AAC TAC TTG CAT AAG AAT GAT AGG TTG TTA AGA TGG CTT CTT ATC AAG CAC CGA AAT ACA AAG ATC GGG CTT GAT TTC TTT GAA GAA GAA AAT GAT AGA CAG CGA AGC GAG GAC GAC GAC GAC GAC GAC GAT --- --- --- GAG GAG ACG AAT GAG GAA GAC CAT 
Ombrophytum                     ATG CCT CTT TAC GAC TGT GTA CTT CTA TTC AAG CCT ACG TTA ACC AAG GAA TCA TTA ATG GAC TTG GTT GCT CGT GTG GGA AGA CAT GTT TAC AGA AGA AAT GGT GTT GTA ACG GAG ATA AAA TCA TTC CAA ACT GTT CAA CTA GGT TAT GGT GTA AAG AAG TTG GAT GGA AGA CAC TAT CAA GGC CAG CTT TTG CAG ATG ACT GTG ATG GCA ACT CCA AAG CTA AAC CAA GAG CTA AAG TAC TTG CAC AAG GAA GAT AGA TTG CTA AGA TGG CTT CTT ATC AAG CAT CGA AAT GCG AAG CTT GGG CTT GAG TTC CTT GAT GAA CAA AAT GAC ATC CGG CGA CGA CGT TCT GAG GAT GGT AGT GAT GAT --- GAT --- GAT GTT ACG GAC GAC GAA GAG TAT 
Lpyramidale                     ATG CCT CTT TAC GAT TGC GTA CTT CTA TTC AAG CCT ACA GTA ACA AAG GAT GCA TTG ATG GAC CTA GTT GCT CGT GTG GCT AGA CAT GTT TAC AGA AGG AAT GGT GTC GTA ACA GAA ATA AAA TCA TTT CAA ACT GTT CAA CTA GGT TAT GGT GTA AAG AAA TCG GAG GGA AGG CAC TAT CAA GGC CAG CTT ATG CAG ATG ACT GTG ATG GCA ACT CCA AAA TTA AAT CAG GAG CTC AAC TAC TTG CAC AAG AAT GAT AAG TTG TTA AGA TGG CTT CTT GTC AAG CAC CGA AAT ACG AAG ATT GGG CTT GAT TTC TTT GAA GAA GAA AAT GAC AGA CAG CGA --- GGA TCC GAG GAT GAC GAT GAT GAT --- --- --- GAG GAG ACA AAT GAT GAA GAG TAT 



After deleting gaps. 345 sites
     20    345

Dendropemon                     GTG CTT CTG TTG AAG CCT CAC GTG ACT AAG GAG TCT CTG ATG GAA TTG GCT GGT CGA GTC GGA AAA CAT GTT TAC CAA AGA AAT GGT GTA TTG ACT GAC GTG AAA TCA TTC GGG AAT GTT CAT TTG GGC TAT GGG ATC AAA AAG CGG GAC GGA AGA CAC TAT CAA GGC CAG CTG ATG CAG ATG ACA ATG ATG GTC ACC CCC AAC TTC AAT AAA GAG CTG CAA TAT CTA AAC AAG GAA GAC CGA TTG CTG CGA TGG CTT CTT ATC AAG CAC CGA AAC ACC AAG TAT GGA CTG GAA AAC GAT GAA GGG TTA GCT GAT GAC AGC GAT GGC GAG GTC GAG GAT CTG CAG 
Daenikera                       GTG CTT CTT TTC AAG CCT CAT GTA AAG AAG GAA GCT TTG ATG GAC TTG GCC TCT CGA ATA GGA AAG CAT GTT TAC CGA AGG AAT GGT GTC GTA ACT GAT ATT AAA TCA TTT GGA ACT GTT CAA TTG GGT TAT GGT ATT AAG AAG CTG GAT GGG AGA CAC TTT CAA GGC CAG CTG TTT CAA ATG ACA ATG ATG GTA ACG CCC AAC ATC AAT ACT GAA CTG CAT TAC CTA AAC AAA GAA GAC CGG TTG TTG CGC TGG CTT GTG GTT AAG CAC CGA AAC ACC GAA TTT GGG TTG GGA CGC GAA GAT AGA GAT GTT GAC AAC ATT GAC GAC GAC GAT GAA TAT GAT GAG 
Malania                         ATG CTT CTC TTG AAA CCT CAC GTG AAG AAG GAA GCT TTG ATG GAC TTG GTT TAT CGA GTA GGA AAG CAT GTT TAC AGA AGA AAT GGT GTC CTA ACT GAT ATA AAA TCA TTT GGA ATT GTT CAA TTG GGT TAT GGT ATC AGA AAG CTG GAT GGG AGA CAC TAT CAA GGC CAA CTT ATG CAG ATG ACA ATG ATG GTG ACA CCC AAA TTC AAT AGT GAA CTG CAT TAC CTA AAC AAG GAG GAT CGG TTA CTG CGT TGG CTT TTG GTT AAG CAC CGA AAT ACC AAA TAC GGG CTG GAA AGC GAG GAG GGG AAA GAC AAC GAG GAC GAC GAT GAC AAT GAT GAT GAA TAT 
Balanophora                     GTG TTT TTG CTC AAG CCT AAT TTG ACA AAG GAA GCT CTA GCT GAT TTG GTC GCC CAA GTG GGG AAA CAT GTA TAT AGA AAA AAT GGT GTT ATA ACC GAT ATA AAG TCA TTT GGA ACT GTA CAG TTG GGA TAT GGC GTT AAG AAG CTC AAC GGA AGA CAC TAT CAA GGA AAA ATG ATG CAG ATG ACA ATG ATG GTG GCC CCT AGC TTT CAC ACA GAA CTC CAT TAT CTG AAC AAG GAA GAT CGA CTA CTG CGA TGG ATT CTT GTA AAG CAC AGA GGT GTC AAG TTT GGT CTT GAC AAC GAG TTG GAC AAA GAT GAA GAT GAT GAT GAA GAC GAG GAT GAC GAC TAT 
Anadenanthera                   ATG CTT CTA TTT AAG CCT CAT TTA AAG AAG GAA CCT ATC ATG GAT TTG GTT GCA AGG GTG GGA AAA CAT GTT TAT AGA AGG AAT GGA GTT CTC ACT GAA ATC AAG TCT TTT GGA ACA GTT CAG TTG GGC TAT GGT ATT AAA AAG CTA GAT GGC AGG CAT TAT CAG GGT CAA ATG ATG CAA ATG ACT ATG ATG GCT ACA CCC AAC ATC AAT AAG GAG CTG CAT TAC TTA AAC AAG GAA GAC CGG CTA CTT CGC TGG CTA CTG GTT AAA CAT CGG GAG ACA CAA TAT GGG ATT GAC AAT GAG GAG ACT CAA GAT GAA GAT GTT GAC GAT GAT GAT GAT GAG GAA TAT 
Nelumbo                         ATG CTC TTG TTG AAG CCC CAT GTA ACA AAG GAA GCT CTG ATG GAC TTG GTT GCT CGG GTA GGA AAA CAT GCC CAC AGA AGG AAT GGT GTT CTG ACT GAT ATA AAA TCA TTT GGT ACA GTC CAG TTG GGT TAT GGT ATT AAA AAG CTT GAT GGA AGA TAC TAT CAG GGT CAG CTG ATG CAG ATG ACA ATG ATG GTA ACT CCC AAC TTC AAT AAA GAG TTG CAT TAC CTG AAC AAG GAA GAT AGG CTA CTA CGC TGG CTC TTA GTA AAG CAC AGG GAT GTT AAA TTT GGC CTT GAC AGT GAG GAT GGA AAG GGT GAT GAG GAC AAG GAC GAC GAT GAT GAG GAA TAT 
Arabidopsis                     ATG CTT CTG TTC AAG CCT ATA ATC AGG AAG GAG GGC CTC ATC GAC CTC GTT GCG CGC ATT GGT AAA CAC GTT TAC AGC AGA AAT GGC GTC CTC ACC GAG ATC AAA TCC TTT GGC AAG GTC GAA TTG GGT TAC GGT ATT AGA AAG CTC GAC GGA AGA CAC TAT CAG GGA CAA TTG ATG CAG ATA ACA ATG ATG ACA ACT CCA AAC ATG AAC AAG GAG CTT CAC TAC CTG AAC AAG GAA GAC AAA CTG CTG CGC TGG CTC TTA GTT AAA CAC CGT GAC ATC AAG ATT GGA CAG TCG GAA AAG GAA AGT CTG GAT GGA TCC TCC GAC GAA GAT GAC AAC AAC ATT TTA 
Solanum                         ATG CTT TTA CTA AAA CCG CAT GTA AAG AAG GAG GCT CTG ATG GAC CTT GTT GCA AAG GTT GGG AAG CAT GTT TAT AGA AAA AAT GGC GTG CTT ACG GGT TTA AAG TCG TTT GGT ACT GTT CAA TTG GGT TAT GGC ATT AAG AAA CTA GAT GGA AGA TAT TAT CAG GCG CAA CTG ATG CAA ATG ACA GTG ATG ACA CCT CCC AGT TTT AAC AAT GAG CTG CAT TAC TTG AAC AAA GAA GAC CGC CTA CTT CGA TGG CTT TTG GTT AAG CAT CGT GAC ATC AAA TTT GGA GTT GAC GGT GAA GAT GTT AAG GAA ATT GAA GAA GAT GAC GAC GAC GAT AAT GAT GAT 
Coffea                          ATG CTT TTG TTG AAA CCC CAT GTA AAG AAG GAG GCA TTG ATG GAC TTG GCT GCT AAA GTT GGG AAA CAT GTT TAC AGA AGA AAT GGG GTT CTT ACT GGT GTC AAG TCA TTT GGA CAA GTT CAA TTG GGT TAT GGC ATC AGG AAA CTT GAT GGG AGG TAC TAT CAG GGC CTA CTG ATG CAA ATG ACA ATG ATG ACA CCG CCC AGT TTT AAT GAA GAG CTG CAT TAC CTT AAC AAG GAA GAC CGA TTG CTT CGC TGG CTT CTG GTC AAA CAT CGT GAC ATG AAA TAT GGG CTG GAC GGT GAA GAT CCT AAC GAC AAT GAG GAT GAT GAG GAT GAT GAT GAT GAG TAT 
Beta                            GTG CTA TTA TTT AAG CCC CAT GTG AAT AAG CAA GCC ATT ACA GAC TTG ATT GCT AGG GTG GGG AAA CAT GTT TAT GCT CGA AAT GGT GTG CTC ACG GAA CTT AAG TCC ATT AGA GAG GTT CAG CTG GGT TAT GGT ATT AAG AAG CTT GAT GGA AGA TAC TTT CAG GGA AAA CTC ATG CAA ATG ACA ATG ATG GCA ACA CCC AAT ATA AAC AAG GAG CTT CAT TAC TTG AAC AAA GAA GAT CGG TTA TTA CGT TGG CTC CTT GTA AAA CAC CGA GAC ACC AAG TAT GGA CTT GAT GAG AAC GAA TCA AAA GAT GAT GCA GAT GAA GAT GAT GAT GAT GAC GAG TAT 
Citrus                          ATG CTG CTG CTG AAA CCC CAC GTG AGG AAG GAG TCG TTG ATG GAA TTA GTA GCT CGA GTT GGG AAA CAT GTC TAC GGC AGA AAT GGG GTT CTT ACT GAT ATC ACA TCA TTT GGG ACT GTT CAA TTG GGT TAT GGC ATC AAG AAG CTC GAT GGA AGA TAC TAT CAG GGC CAA CTG ATG CAA ATG ACA ATG ATG TCT ACC CCC AAC ATC AAT AAG GAG CTG CAA TAC CTG AAC AAG GAA GAT AGG CTA CTG CGT TGG CTT CTA GTG AAA CAC CGA GGC ATG AAA AAT GGG AAG GAA TAT GCA GAA AGT GAA GAT TTT GAG GGC GAG GAC AAT GAC GAA GAA GAA TAT 
Prunus                          ATG CTT CTG GTG AAA CCC CAT GTA AGG AAG GAG GCT CTG ATG GAC TTG GTT GCT AGA GTA AGC AAA CAT GTT TAC AGA AGA AAT GGA GTT CTT ACT GAC ATG AAG TCA TTT GGC ACT GTT CAG TTG GGC TAT GGT ATT AAG AAG CTT GAT GGC AGA TAT TAT CAG GGT CAA CTA ATG CAA ATG ACG ATG ATG GCT ACA CCT AAC ATC AAC AAG GAG CTG CAT TAC TTG AAC AAG GAA GAT AGA TTG CTG CGC TGG CTT TTG GTT AAA CAC CGA GAC ACG AAG TAT GGA CTG GAA AGT GAA GAG GCA AAT GAT GAT GAT GAG GAG GAT GAT GAC GAT GAT GAA TAT 
Cucumis                         ATG CTT TTG ATG AAA CCC CAT GTA AAG AAG GAG GCT TTG TTG GAT TTG GTT GCT AGA GTG GGC AAG CAT GTG TTC AGG AGA AAC GGG GTT GTC TGT GAC ATT AAG TCA TTT GGT GTT GTC CAA TTG GGT TAT GGT ATT AAG AAG CTT GAT GGA AGA TAC TAT CAG GGC CAA CTT ATG CAG ATG ACG ATG ATG GCT ACT CCC AAC ATG AAC AAG GAG TTG TTT TAC TTA AAC AAG GAA GAT CGA TTG TTG CGT TGG ATT TTA GTG AAG CAC CGT GAC AGA CAA TAT GGC CTG GAA AGT GAA GAT GAC AAG GGT GAT GAA GAT GAC GAT GAC GAC GAT GAA GAA TAC 
Glycine                         ATG TTT CTG TTT AAG CCC CAT ATA AGG AAG GAA GCT GTC ATG GAT TTA GTT GTG AGG GTG GGA AAG CAT GTG TGC AGA AGA AAT GGG GTT GTC ACT GAT ATC AAG AGT CTC GGA AAA GTT CAG TTG GGC TAT GGT GTG AAA AAG CTA GAT GGC AGA TAT TAT CAG GGC CTA CTG ATG CAA ATG AGC ATG ATG GCT ACA CCT GAA ATC AAC AAA GAG TTG CAT TAC CTA AAC AAG GAA GAC CGG TTA CTG CGT TGG CTT TTG GTT AAG CAG CGT AAT ACA AAA TTT GGG CTT GAC GGT GAT GAA GGT AGA GGT GAT GAG GAT GAG GAT GAA GAT GAT GAG GAA TAT 
Populus                         ATG CTC ATG TTG AAA CCT CAT GTA CGA AAG GAA GCA TTG ATG GAC TTG GTT GCT CGA GTA GGC AAG CAT GTT TAT AGT AGA AAT GGT GTT GTC ACT GAT ATA AAA TCA TTT GGC ACT GTT CAA CTG GGG TAT GGT ATT AAG AAG CTC GAT GGT AGA CAT TAT CAG GGC CAA CTG ATG CAA ATA ACA ATG ATG GCC ACA CCT AAC ATC AAC AAG GAG CTG CAT TAC CTG AAC AAG GAG GAT CGC CTG CTG CGT TGG CTT CTT GTT AAA CAC CGG GAC ATA AAA TTT GGG CTA GAA GAT GAA GAT GAA GAT GAC AAC GAC AAC GAC AGC AGC CAC GAT GAG GAC AAT 
Vitis                           ATG CTT CTG TTG AAG CCA CAT GTT AAC AAG GAA AGT TTG ATG GAC TTA GTT GCC CGA GTC GGA AAA CAT GTG TAC AGA AGG AAT GGT GTT CTT ACT GAT ATA AAG TCA TTT GGG ATT GTT CGA TTG GGC TAT GGT ATT AAG AAG CTA GAT GGG AGA TAT TAT CAG GGC CAA CTG ATG CAG ATG AGC ATG ATG GCT ACA CCC AAC TTC AAC AAG GAG CTG CAT TAC CTG AAC AAA GAA GAC CGG TTG CTA CGG TGG CTT CTG GTT AAA CAC CGA AAC ACC AAA TAC GGG CTG GAA AAT GAA GAT GTT AGA GAC GAT GAG AAC GAC GAT GAC GAT GAT GAA GAA TAT 
Zea                             ATG CTG CTG CTG AAG ACG ACG GTG ACC AGG GAG GTC CTA GCG GAA CTG GTG ACG CGG GTG GCG CGC CGC GCA TGC CAG CGC AAC GGG GTC GTC ACC GAC GTC AAG TCA TTC GGC AAG GTC AGC CTC GCC TAC GGC ATC AGG AAG CTC GAC GGC CGC CAC TTC CAG GGC CAT CTT ATG CAA ATG ACC ATG ATG GTT CCC CCT TCG TTC CCG CAA GAA CTC CAC TAT CTG AAC AAG GAG GAC AGG CTG CTT CGC TGG CTG GTC GTG AAG CAC AGA GAC ACG GTA TAC GGG TTG GAG AAC GCG GAT GGG AGG GAT ATT GAA ATT GAT GAC TCC GAC GAC GAA GAG TAC 
Lmirabile                       GTA CTT CTA TTC AAG CCT ACA GTA ATG AAG GAT GCA TTG ATG GAC CTA GTT GCT CGT GTC GCT AGA CAT GTT TAC AGA AAG AAC GGC GTT GTA ACA GAA ATA AAA TCC TTT CAA ACG GTT CAA CTA GGT TAT GGT GTA AAG AAA TTG GAT GGA AGA CAC TAT CAA GGG CAG CTT ATG CAG ATG ACA GTG ATG GCA ACT CCA AAA TTA AAC CAG GAG CTT AAC TAC TTG CAT AAG AAT GAT AGG TTG TTA AGA TGG CTT CTT ATC AAG CAC CGA AAT ACA AAG ATC GGG CTT GAT GAA GAA GAA GAT AGA GAG GAC GAC GAC GAG GAG ACG AAT GAG GAA GAC CAT 
Ombrophytum                     GTA CTT CTA TTC AAG CCT ACG TTA ACC AAG GAA TCA TTA ATG GAC TTG GTT GCT CGT GTG GGA AGA CAT GTT TAC AGA AGA AAT GGT GTT GTA ACG GAG ATA AAA TCA TTC CAA ACT GTT CAA CTA GGT TAT GGT GTA AAG AAG TTG GAT GGA AGA CAC TAT CAA GGC CAG CTT TTG CAG ATG ACT GTG ATG GCA ACT CCA AAG CTA AAC CAA GAG CTA AAG TAC TTG CAC AAG GAA GAT AGA TTG CTA AGA TGG CTT CTT ATC AAG CAT CGA AAT GCG AAG CTT GGG CTT GAG GAT GAA CAA GAC ATC CGT TCT GAG GAT GAT GTT ACG GAC GAC GAA GAG TAT 
Lpyramidale                     GTA CTT CTA TTC AAG CCT ACA GTA ACA AAG GAT GCA TTG ATG GAC CTA GTT GCT CGT GTG GCT AGA CAT GTT TAC AGA AGG AAT GGT GTC GTA ACA GAA ATA AAA TCA TTT CAA ACT GTT CAA CTA GGT TAT GGT GTA AAG AAA TCG GAG GGA AGG CAC TAT CAA GGC CAG CTT ATG CAG ATG ACT GTG ATG GCA ACT CCA AAA TTA AAT CAG GAG CTC AAC TAC TTG CAC AAG AAT GAT AAG TTG TTA AGA TGG CTT CTT GTC AAG CAC CGA AAT ACG AAG ATT GGG CTT GAT GAA GAA GAA GAC AGA GGA TCC GAG GAT GAG GAG ACA AAT GAT GAA GAG TAT 



Printing out site pattern counts


        20        345  P

Dendropemon                     AAA AAA AAA AAA AAC AAC AAC AAC AAG AAG AAG AAG AAG AAG AAT AAT AAT ACA ACC ACC ACT ACT AGA AGA AGC ATC ATC ATG ATG ATG ATG ATG CAA CAA CAA CAC CAC CAC CAG CAG CAG CAT CAT CCC CCT CGA CGA CGA CGA CGG CTA CTG CTG CTG CTG CTG CTG CTG CTT CTT CTT GAA GAA GAA GAA GAC GAC GAC GAC GAG GAG GAG GAG GAT GAT GAT GAT GCT GCT GGA GGA GGA GGC GGC GGC GGG GGG GGG GGT GGT GTA GTC GTC GTC GTG GTG GTG GTT GTT TAC TAT TAT TAT TAT TCA TCT TGG TTA TTC TTC TTG TTG TTG TTG TTG 
Daenikera                       ... ..G ..G .CT ... ... ... CG. ..A ... ... ... ... G.A ... ... .C. ... ... ..G .AG ... ... ..G .TT ..T G.T ... ... ... ... T.T ... ..T .G. ... ... ..T ..A ... G.. ..A ... ... ... ... ... ..C ..G .T. ... ... ... ..T GAT T.. T.. T.. ... ... G.G ... ..C ..T .G. A.. ... ..T ..T ..A ..A ..A ..C ..A ..C ..C T.. ..C .T. ... ..G ..G .A. ... ..T A.A ..A ..T ... TC. ..C A.A .AT ..A A.T ..A ... ... ... ... ..C ... .T. .T. ... G.. ... GAT A.. ..T G.A ..C ... ... ... 
Malania                         ... ..G .G. .GT ..A ... ..T .G. ... ..A ... ... ... ..A ... ... .T. ... ... ..A .AG ... ... ... GA. ... G.T ... ... ... ... ... ... ..T AG. ... ... ... ... ..A T.T ..A ... ... ... ... ... ..T ..G .T. ... ... ..T ..C GAA ... ... T.. ... ... T.G ..G ..C ..G ... ..G ..T ..T ..T ..A ..A ..T ..C ..G A.C ..C ... .T. .AC ... ..G ..G .AT ... ..T ... ..A ..T ... TA. ..C ..A AAT ..G A.A ... A.. ... ... ... ..C ... ..C ... ... G.. ... AA. ... ..T C.A ... ..A ... ... 
Balanophora                     ..G ... ..G .C. .G. ... GGT ... ... ... ... ... ... ... ... C.C .C. ... GT. G.. ..A ..C ... .A. GAT G.T G.A ... ... ... GCT ... ... ..T AG. ... ... A.T ... A.A T.T ..G ... ..T ... A.. .A. ... ... .TC ..G ..C A.. T.. GAC ... ..T ..A A.. T.. ... ... ..T TTG ..C ..T ..T A.. ..T ..A ..A ..T ..C ..G ..A ... ..C .TC .A. ..G ... ..T .AA ..A ..A .AC ..A ..C ... .CC ..T ..G .AG ..G A.A T.. ... ..A ..A ..T ... ... .T. ... ... G.. ... AA. ..T ..T A.A C.C C.A ... ... 
Anadenanthera                   ..G ... ... ..G ... ... G.G ..T ... ... ..A ... ... C.A ... ... .CA ..T ..A ..A .AG ... ..G ..G GTT ..T G.T ... ... ... ... ... ..G ..T AG. ..T ..T ..T ..A ..A T.T ..G ... ... ... ..G A.G ..C ..G .TA T.. ... A.. ..A GAA ..T A.T A.C ..A ... ..G ... ..T ..G ..C ..T ... ..T ..A ..A ... ..T ..T ..G ..A ..C ..G .T. .A. ... ..C ..G .AT ..T ... ACT ..A ..T ..A .CA ..T ..G .AT .CT A.C T.A A.. ... ... ..T ..C ... ... ... ..T C.. ... CA. A.. ..T C.C ..T C.A ... ... 
Nelumbo                         ... ... ... ... ... ... G.T .GT ... ... ... ... ... ..A ... ... .CA ... GTT ..T ..A ... ... ..G GA. ..T G.A ... ... ... ... ... ..G ..T AG. ... T.. ..T ... ... T.T ..G ... ... ..C A.G ..G ..C A.G .TT ..G T.. ... T.. GAA ..A ..T ... ..C ..C T.A ... ..C ..T ..C ..G ..T ..T ..T ..A ... ..T ..C ..G ... A.G ..G .T. .G. ... ... ..C .A. ..T ..T ..A ..T ..T ... .C. ..T ..A .AT ..A A.A ..A A.. .CC ..C C.. ..C ... .T. ... ... G.. ... AAG ... ..T C.. ... C.A ... ... 
Arabidopsis                     ... ... .G. ..G ... ... G.. G.A ... ... ..A ... ... ... ... ..C ..G ... .T. ..T .GG ..C ... ... TC. ..T G.T ..A ... ... ..C ... ..G ..C AGC ... ... ATA ... ..A TTA G.A ..C ..A ... ..T ..C ..C AA. .TC ..G ..T T.. ... A.T ... .A. ..C ..C ... T.A ... ..C ... TCG TC. ... ... ..G ... ... A.C ..T A.G .GA ..C A.C .T. .A. ..T ... ... .AA ..A ..T A.T ..C ..T ..C .CG ..C A.T .A. ACA A.C A.C A.. ... ..C ... ..C ..C AT. ... ..C GGC ... C.G A.G ..T C.C ..C C.. C.C ... 
Solanum                         ..G ..G ..G ..T .GT ... G.. GGT ..A ..A ... ..A ... ..A ... ..C .C. ... .T. C.T .AG ..G ... .A. GAA ..T G.T ... ... G.. ... ... ..G ..T AG. ..T T.T ..T ..A ..A G.T ..A ... ... ..G ..T AAG ... ..C .TA T.G ... ... T.A GAT ..T G.T ... ... ... T.G ... ..C ..T ..C ..A ... ..T .GT ... ... ..T ..C ..A AT. ... A.. .T. .AA ..G ... ... .A. .CG ..T .TT ..T ..C ..C .CA ..G ..T .A. ACA T.A ..A A.. ... ... ..T ..C ... .T. ... ..G G.. ... AAG ..T ..T C.T C.A C.A C.T ... 
Coffea                          ..G ... .GG G.. .GT ... G.. GGT ... ..A ..A ..A ... ..A ... ... C.A ... .TG C.G .AG ... ..G ... GAT ... G.. ... ... ... ... ... ..G ..T AG. ..T T.. ..T ..A .TA T.T ..A ... ... ..C ..T AA. ..C ... .TT ..T ... ... T.. GA. ..T ... T.. ... ... ..G ... ..C ..T ..C ..G ... ..T .GT ... ... ..T ..T ..A A.. ... ... ... .AC ..G ..G ..G .AG ... ..T CCT ..A ..C ..G .C. ..T ..T .AT ACA ..C ..A A.. ... ... ... ..C ... ... ... ... G.A ... AAC ..T ..T C.T ... ... ... ... 
Beta                            ..G ... ..G ..G ..T ... G.. G.G ..A ... ..A ... ... ... ... ..C G.G ... ... ..A .A. ..G ... C.. GAT ..T G.A ... ... ... .CA ... ..G ..T GCT ... T.. ..T ..A A.A T.T ..G ... ... ..C ... A.G ..T ..G .TT T.G ..T ..C T.A GA. T.A ..T A.T ..C ..A ... ... ..C ... ..T .CA ..T ..T ..A C.A ... ..T ..T A.C ... ..A ..C AT. .A. ..G ... ... .AT ..A ..T TCA A.A ..T ... .C. ..G ..G .AT .CA C.T ... ... ... ... ..T ..C ... ... .T. ..C G.C ... AA. A.A A.T C.C ..T ..A ... C.. 
Citrus                          .C. ... ..G ..G ... ... GG. T.T ... ..A ..A ... ... ..A ... ... .C. ... .TG ... .GG ... ... ... G.. ... G.G ... ... ... ... ... ..G ... GGC ... T.. ... ..A ..A T.T ..A ... ... ..C ... ... ..T A.G .TC ..G ... ... ... GAA ... AA. T.. ... ..G ..A ... ... ... ... ..G ..T ..T ..T ... ... ..A A.T .CA TT. ..G ..A .TA .A. ..G ... ..G .A. ... ..T A.T ... ..C ..G .C. ..T ..T .A. TCT A.C ... A.. ..C ... ... ..C ... A.. ... ... ..G ... GA. A.. ..T C.T C.. C.A ..A ... 
Prunus                          ..G ... ..G ..G ... ... G.. .GT ... ..A ..A ... ... ... ... ..C .C. ..G ..G ..A .GG ... ... ... GAG ..T G.T ... ... ... ... ... ..G ..T AG. ... T.T ..T ..A ..A T.T ..G ... ..T ..C ... A.. ..C A.. .TT T.G ... ..A ... GAA ... ... ... ... ... T.G ... ..C ..G ... ..T ..T ..T ... ... ... ..T ..T ..A ... ..G ... .T. .A. A.C ..C ... .AT ..T ... .CA ..C ..T ..A .C. ..T ..A .A. .CT A.. ..A A.. ... ... ... ..C ... ... ... ... G.. ... AAT A.. ..T C.T G.. ... ... ... 
Cucumis                         ..G ..G ..G ..G ... ... G.. .GT ... ..A ... ... ... C.A ..C ..C GT. ..G .GA ..T .AG TG. ... ... GAT ..T G.G ... ... ... T.. ... ..G TTT AGG ... T.. ..T ... ..A T.C ..A ... ... ..C ..T A.. ..T ... .TT T.. T.. ..T T.. GAA T.. ... T.. A.. ... T.A ... ..T ..T ... ..A ..T ..T ... ... ... ..T ..C ..A ... ..C ..A .T. .G. ..C ... ..C .AT ... ..T .AC ..T ..T ..G .C. ..T ..G .A. .CT A.T ..A A.. ..G ..C .T. ..C ... ... ... ... G.. ... AAG A.G ..T G.C A.. ... ... ... 
Glycine                         ..G ..G ... ... G.A ... ..T GGT ... ... ... ... ... ..A ... ..C ..A .GC ..A ..A .GG ... ... ... GAT G.G G.T ... ... ... ... ... ..G ..T AG. ..G T.T ..T ..A .TA T.T ..G ... ..T ..C ..T A.G ..T ..G .TA ... T.. ... ... GAA ... ..T G.C ... T.. T.G ... ..T ... ..C ..G ... ..T ..T ..A ... ..T ..A ... ... ..G ..G .T. .G. ... ..C ..G .AT ... ... ..T ..A ..T ..G .TG ..T ..G .AT .CT A.C A.A A.. ..G ... .G. ..C ... .T. ... AGT G.. ... AG. A.. C.. G.C ..T ..A ..A ... 
Populus                         ... ..G ..G ..G ... ... G.. G.T ... ..A ..A ... ... ..A ... ..C .C. ... .TA ..A CGA ... ... ... .A. ..T G.T ..A ... ... ... ... ..G ..T AGT ... ..T ..T ..A ..A A.T ..A ... ..T ... ..G ... ..T ..C .TC ..G ... ... A.. GAC ... ..A T.. ... ..C ... ..G ..C ..T ... ... ..T ..T ..T ..A ... ..T AGC ..A A.C ..C ..G .T. .AC ..C ..T ..G A.. ... ..G .AA ..C ..T ... .C. ..T ..A CA. .C. A.A ..A A.. ... ... ..T ..C ... .T. ... ... G.A ... GAT A.. ..T G.C ... C.. ... C.. 
Vitis                           ..G ... ..G ..G ... ... ... ..T ..A ... ..A ... ... ..A ... ..C .T. .GC ... ..A .AC ... ... ..G .A. ..T G.T ... ... ... ... ... ..G ..T AG. ... T.T ..T ... ..A T.T .GA ... ... ..A ... ... ..G ..G .TA ..G ... ... ... GAA ..A ... T.. ... ... ..G ... ..C ..T ... ..G ... ..T ..T ..A ... ..T ..C ..A ... ..C ..A .T. .AC ... ..G ..G .AT ... ... .TT ... ..T ... .CC ..T ... .AT .CT A.A ..T A.. ..G ... ... ..C ... ..C ... ... AG. ... AG. ... ..T C.T ... ... ..A ... 
Zea                             ..G CGC .GG C.. TCG ... G.. ... ... ... ... ... .G. GTA ..C CCG ..G ..C ..G C.. ..C ..C C.C C.C .TT ... G.G ... ... ... GC. ... ..G ..C ..G ... ... ACG ..A ..T T.C AGC .GC ..T A.G A.. ..G ..C A.G .TC ..G ..C ..T ... GA. ..T T.. ..A ..G ..G G.C ..G ... ..T ..G ..A ... ... ... ... ..A ..C TCC .CG AT. ... ..A .TG .A. .CG ..C ..G .A. ... .C. ... ..C ..C ..G ACG ..C ..G .A. ..T ..C ... A.. .CA ..C .G. ... ..C ..C .TC ... GTC ... AGG ... ... G.C C.. C.. C.. C.C 
Lmirabile                       ... .G. ..G C.G ..A C.T ..T G.A ... ... ... ..A ... ... ..C ..C .CG ... ..A ..T .TG ..A ... .AG GA. G.A ... ... ... G.. ... ... ... A.C AG. ... ... ACA ... ... ..T ..A ... ..A ... ... ..T A.. A.G TT. T.G ..T ..T ..A GAC T.A ..T T.. ... ... ... A.T ..C ... ..T ... ..T ..T ..A ..T ... ... AC. ..A ..C ..G ..A .T. .AG .CT ... ..G .AG ..G ..T .AT CAA ..T ..C .C. ..T ... AAT .CA A.A ..A ..A ... ... ... ..C ... ATC ... ..C G.A ... AG. ..A ..T G.A ..C ... C.A C.A 
Ombrophytum                     ... .G. ..G C.. ..G C.. ..T G.T ... ... ... ... ... ... ... ..C .C. ..T G.G ..T ..C ..G ... ... GAT G.A ... ... ... G.. ... T.. ... A.G AG. ..T ... ACG ... ... T.T ..A ... ..A ... ... ..T A.. A.. TT. T.G ..A ..T ..A GA. ..A ..T T.A ... ... ... ... ..C C.. ..G ..G ..T ..T ..G ..A ... ..C AC. ..A TC. ... ..A .T. CG. ... ... ..G .TT ... ..T .AC CAA ..T ... .C. ..T ..G .A. .CA A.A T.A ..A ... ... ... ..C ... CT. ... ... ..A ... A.C C.A ... G.A ..C ... ... C.A 
Lpyramidale                     ... .G. ..G C.G ..A C.. ..T G.A ... ... ... ..A ... ... ... ... .C. ..T ..G ..T ..A ..A ..G ..G GAT G.A G.. ... ... G.. ... ... ... A.C AG. ... ... ACA ... ... T.T ..A ... ..A ... ... ..T A.. AAG TC. T.G ..C ..T ..A GA. T.A ..T T.. ... ... ... A.T ..C ... ..T ..G ..T ..G ..A ..T ... ..T ACA ..A TCC ..G ..A .T. .GA .CT ... ..G .AG ... ..T .AC CAA ..T ... .C. ..C ..G AAT .CA A.A ..A ..A ... ... ... ..C ... AT. ... ... G.A ... AG. ..A ..T G.A ..C ... C.A C.A 

    1    1    1    1    1    1    1    1    1    1    1    1    1    1    1
    1    1    1    1    1    1    1    1    1    1    1    1    1    1    1
    1    1    1    1    1    1    1    1    1    1    1    1    1    1    1
    1    1    1    1    1    1    1    1    1    1    1    1    1    1    1
    1    1    1    1    1    1    1    1    1    1    1    1    1    1    1
    1    1    1    1    1    1    1    1    1    1    1    1    1    1    1
    1    1    1    1    1    1    1    1    1    1    1    1    1    1    1
    1    1    1    1    1    1    1    1    1    1

CODONML (in paml version 4.9j, February 2020)  AT3G18760_HOM04D004287.aligned.fa_subset.fasta
Model: free dN/dS Ratios for branches,  kappa = 2.000 fixed

Codon frequency model: F3x4
ns =  20  ls = 115

Codon usage in sequences
--------------------------------------------------------------------------------------------------------------------------------------
Phe TTT   0   4   1   4   2   2 | Ser TCT   1   1   0   0   1   0 | Tyr TAT   4   2   4   5   5   3 | Cys TGT   0   0   0   0   0   0
    TTC   2   1   1   0   0   1 |     TCC   0   0   0   0   0   0 |     TAC   1   2   3   0   1   2 |     TGC   0   0   0   0   0   0
Leu TTA   1   0   1   0   2   1 |     TCA   1   1   1   1   0   1 | *** TAA   0   0   0   0   0   0 | *** TGA   0   0   0   0   0   0
    TTG   5   6   5   5   2   5 |     TCG   0   0   0   0   0   0 |     TAG   0   0   0   0   0   0 | Trp TGG   1   1   1   1   1   1
--------------------------------------------------------------------------------------------------------------------------------------
Leu CTT   3   3   3   2   2   2 | Pro CCT   1   1   1   2   2   0 | His CAT   2   3   2   2   5   3 | Arg CGT   0   0   1   0   0   0
    CTC   0   0   1   3   1   2 |     CCC   1   1   1   0   1   2 |     CAC   3   2   3   3   0   2 |     CGC   0   2   0   0   1   1
    CTA   1   1   2   2   4   2 |     CCA   0   0   0   0   0   0 | Gln CAA   3   3   3   2   4   0 |     CGA   4   3   2   2   0   0
    CTG   7   3   4   2   2   4 |     CCG   0   0   0   0   0   0 |     CAG   3   1   1   2   2   4 |     CGG   1   1   1   0   2   1
--------------------------------------------------------------------------------------------------------------------------------------
Ile ATT   0   3   1   1   2   1 | Thr ACT   2   3   1   1   3   2 | Asn AAT   3   2   4   2   3   2 | Ser AGT   0   0   1   0   0   1
    ATC   2   1   1   0   3   0 |     ACC   2   1   1   1   0   0 |     AAC   4   4   2   3   2   2 |     AGC   1   0   1   1   0   0
    ATA   0   1   1   2   0   1 |     ACA   1   1   2   3   3   3 | Lys AAA   4   2   5   4   3   5 | Arg AGA   2   2   4   3   1   2
Met ATG   5   4   6   5   7   6 |     ACG   0   1   0   0   0   0 |     AAG   6   7   6   8   7   7 |     AGG   0   1   0   0   3   3
--------------------------------------------------------------------------------------------------------------------------------------
Val GTT   2   4   4   2   6   3 | Ala GCT   2   1   1   2   1   2 | Asp GAT   4   6   6   8   8   8 | Gly GGT   2   3   3   3   2   6
    GTC   3   1   1   2   0   1 |     GCC   0   1   0   2   0   1 |     GAC   4   6   5   5   3   5 |     GGC   3   1   1   1   2   1
    GTA   1   3   1   3   0   4 |     GCA   0   0   0   0   1   0 | Glu GAA   4   6   4   5   5   3 |     GGA   3   3   2   4   3   3
    GTG   3   2   2   3   1   0 |     GCG   0   0   0   0   0   0 |     GAG   4   1   4   2   5   4 |     GGG   3   2   3   1   1   0
--------------------------------------------------------------------------------------------------------------------------------------

--------------------------------------------------------------------------------------------------------------------------------------
Phe TTT   1   3   2   2   2   1 | Ser TCT   0   0   0   0   1   0 | Tyr TAT   1   4   4   4   4   5 | Cys TGT   0   0   0   0   0   0
    TTC   1   0   0   0   0   0 |     TCC   3   0   0   1   0   0 |     TAC   3   1   3   2   3   2 |     TGC   0   0   0   0   0   0
Leu TTA   2   2   0   3   1   0 |     TCA   0   0   1   1   1   1 | *** TAA   0   0   0   0   0   0 | *** TGA   0   0   0   0   0   0
    TTG   2   3   6   2   2   5 |     TCG   1   1   0   0   1   0 |     TAG   0   0   0   0   0   0 | Trp TGG   1   1   1   1   1   1
--------------------------------------------------------------------------------------------------------------------------------------
Leu CTT   2   5   6   5   2   4 | Pro CCT   1   1   1   0   0   1 | His CAT   0   4   4   3   1   3 | Arg CGT   1   1   1   1   1   0
    CTC   5   0   0   3   1   0 |     CCC   0   1   2   2   2   1 |     CAC   4   0   0   1   2   1 |     CGC   2   1   1   0   0   1
    CTA   0   3   1   1   2   1 |     CCA   1   0   0   0   0   0 | Gln CAA   1   3   3   2   4   2 |     CGA   0   1   1   2   2   1
    CTG   5   3   4   1   7   5 |     CCG   0   1   1   0   0   0 |     CAG   3   1   1   2   1   2 |     CGG   0   0   0   1   0   0
--------------------------------------------------------------------------------------------------------------------------------------
Ile ATT   4   2   0   4   0   1 | Thr ACT   1   1   1   0   2   2 | Asn AAT   1   3   3   3   4   2 | Ser AGT   1   1   1   0   1   1
    ATC   4   1   1   0   3   1 |     ACC   1   0   0   1   1   0 |     AAC   5   2   2   3   2   3 |     AGC   1   0   0   0   0   1
    ATA   2   0   0   1   0   0 |     ACA   2   2   2   3   2   1 | Lys AAA   4   5   6   5   4   3 | Arg AGA   3   2   2   2   2   5
Met ATG   5   5   7   4   7   7 |     ACG   0   1   0   1   0   2 |     AAG   8   8   4   7   6   7 |     AGG   1   0   2   1   2   1
--------------------------------------------------------------------------------------------------------------------------------------
Val GTT   3   7   4   2   3   5 | Ala GCT   0   1   2   2   1   3 | Asp GAT   2   6   8  10   4   9 | Gly GGT   3   4   3   3   1   2
    GTC   2   0   2   0   1   0 |     GCC   0   0   0   1   0   0 |     GAC   6   7   5   3   2   4 |     GGC   3   2   2   0   5   3
    GTA   0   1   1   1   1   2 |     GCA   0   1   1   2   1   1 | Glu GAA   5   5   3   4   8   4 |     GGA   4   2   1   3   1   2
    GTG   0   2   0   4   2   1 |     GCG   1   1   0   0   0   0 |     GAG   3   2   5   4   4   5 |     GGG   0   1   4   1   4   0
--------------------------------------------------------------------------------------------------------------------------------------

--------------------------------------------------------------------------------------------------------------------------------------
Phe TTT   2   3   2   1   0   1 | Ser TCT   0   0   0   0   0   0 | Tyr TAT   3   4   3   4   1   2 | Cys TGT   1   0   0   0   0   0
    TTC   1   0   0   1   3   1 |     TCC   0   0   0   0   1   1 |     TAC   3   1   1   3   3   2 |     TGC   0   1   0   0   1   0
Leu TTA   2   2   0   1   0   2 |     TCA   1   0   1   1   1   0 | *** TAA   0   0   0   0   0   0 | *** TGA   0   0   0   0   0   0
    TTG   8   3   3   4   1   4 |     TCG   0   0   0   0   1   0 |     TAG   0   0   0   0   0   0 | Trp TGG   1   1   1   1   1   1
--------------------------------------------------------------------------------------------------------------------------------------
Leu CTT   3   2   2   3   2   6 | Pro CCT   0   1   2   0   1   1 | His CAT   2   3   4   3   1   3 | Arg CGT   2   2   1   0   0   1
    CTC   0   1   2   0   3   0 |     CCC   2   1   0   1   1   0 |     CAC   1   0   2   1   3   2 |     CGC   0   0   1   0   5   0
    CTA   0   3   1   2   1   3 |     CCA   0   0   0   1   0   1 | Gln CAA   3   1   3   1   2   3 |     CGA   1   0   2   3   0   1
    CTG   1   3   6   6   7   0 |     CCG   0   0   0   0   1   0 |     CAG   2   3   1   2   2   3 |     CGG   0   1   1   2   1   0
--------------------------------------------------------------------------------------------------------------------------------------
Ile ATT   3   0   1   2   2   0 | Thr ACT   1   1   2   1   0   1 | Asn AAT   0   2   2   2   0   3 | Ser AGT   1   1   1   1   0   0
    ATC   0   2   1   0   1   2 |     ACC   0   0   0   1   3   0 |     AAC   4   2   5   6   3   3 |     AGC   0   1   2   1   1   0
    ATA   0   1   3   1   0   1 |     ACA   0   2   2   1   0   4 | Lys AAA   1   4   4   4   0   3 | Arg AGA   4   4   2   3   1   5
Met ATG   7   6   6   6   5   5 |     ACG   1   0   0   0   4   2 |     AAG  10   7   6   6   6   7 |     AGG   1   2   0   1   4   1
--------------------------------------------------------------------------------------------------------------------------------------
Val GTT   3   4   5   6   1   4 | Ala GCT   3   2   1   1   0   2 | Asp GAT   8   9   7   7   3   5 | Gly GGT   4   4   3   2   0   2
    GTC   2   2   1   1   6   1 |     GCC   0   0   1   1   1   0 |     GAC   6   2   6   5   7   5 |     GGC   3   3   3   2   4   1
    GTA   1   0   2   0   1   4 |     GCA   0   0   1   0   1   2 | Glu GAA   6   6   4   6   4   5 |     GGA   1   2   0   1   0   1
    GTG   3   4   0   1   4   1 |     GCG   0   0   0   0   3   0 |     GAG   2   4   3   2   4   5 |     GGG   1   2   2   3   3   2
--------------------------------------------------------------------------------------------------------------------------------------

----------------------------------------------------------------------
Phe TTT   0   1 | Ser TCT   1   0 | Tyr TAT   3   3 | Cys TGT   0   0
    TTC   2   1 |     TCC   0   1 |     TAC   2   2 |     TGC   0   0
Leu TTA   2   2 |     TCA   2   1 | *** TAA   0   0 | *** TGA   0   0
    TTG   5   3 |     TCG   0   1 |     TAG   0   0 | Trp TGG   1   1
----------------------------------------------------------------------
Leu CTT   6   5 | Pro CCT   1   1 | His CAT   2   1 | Arg CGT   2   1
    CTC   0   1 |     CCC   0   0 |     CAC   2   3 |     CGC   0   0
    CTA   5   3 |     CCA   1   1 | Gln CAA   5   3 |     CGA   1   1
    CTG   0   0 |     CCG   0   0 |     CAG   2   3 |     CGG   0   0
----------------------------------------------------------------------
Ile ATT   0   1 | Thr ACT   3   3 | Asn AAT   2   5 | Ser AGT   0   0
    ATC   2   0 |     ACC   1   0 |     AAC   1   1 |     AGC   0   0
    ATA   1   1 |     ACA   0   4 | Lys AAA   1   3 | Arg AGA   6   4
Met ATG   3   4 |     ACG   3   1 |     AAG   9   7 |     AGG   0   2
----------------------------------------------------------------------
Val GTT   5   3 | Ala GCT   1   2 | Asp GAT   5   5 | Gly GGT   3   3
    GTC   0   2 |     GCC   0   0 |     GAC   4   2 |     GGC   1   1
    GTA   3   4 |     GCA   1   2 | Glu GAA   4   5 |     GGA   2   2
    GTG   2   2 |     GCG   1   0 |     GAG   5   6 |     GGG   1   1
----------------------------------------------------------------------

Codon position x base (3x4) table for each sequence.

#1: Dendropemon    
position  1:    T:0.13913    C:0.25217    A:0.27826    G:0.33043
position  2:    T:0.30435    C:0.09565    A:0.42609    G:0.17391
position  3:    T:0.22609    C:0.22609    A:0.21739    G:0.33043
Average         T:0.22319    C:0.19130    A:0.30725    G:0.27826

#2: Daenikera      
position  1:    T:0.15652    C:0.20870    A:0.28696    G:0.34783
position  2:    T:0.32174    C:0.10435    A:0.40870    G:0.16522
position  3:    T:0.31304    C:0.20000    A:0.22609    G:0.26087
Average         T:0.26377    C:0.17101    A:0.30725    G:0.25797

#3: Malania        
position  1:    T:0.14783    C:0.21739    A:0.31304    G:0.32174
position  2:    T:0.30435    C:0.06957    A:0.45217    G:0.17391
position  3:    T:0.28696    C:0.18261    A:0.24348    G:0.28696
Average         T:0.24638    C:0.15652    A:0.33623    G:0.26087

#4: Balanophora    
position  1:    T:0.13913    C:0.19130    A:0.29565    G:0.37391
position  2:    T:0.31304    C:0.10435    A:0.44348    G:0.13913
position  3:    T:0.29565    C:0.18261    A:0.26957    G:0.25217
Average         T:0.24928    C:0.15942    A:0.33623    G:0.25507

#5: Anadenanthera  
position  1:    T:0.12174    C:0.22609    A:0.32174    G:0.33043
position  2:    T:0.29565    C:0.10435    A:0.46087    G:0.13913
position  3:    T:0.36522    C:0.12174    A:0.22609    G:0.28696
Average         T:0.26087    C:0.15072    A:0.33623    G:0.25217

#6: Nelumbo        
position  1:    T:0.13913    C:0.20000    A:0.30435    G:0.35652
position  2:    T:0.30435    C:0.09565    A:0.43478    G:0.16522
position  3:    T:0.30435    C:0.17391    A:0.21739    G:0.30435
Average         T:0.24928    C:0.15652    A:0.31884    G:0.27536

#7: Arabidopsis    
position  1:    T:0.13043    C:0.21739    A:0.37391    G:0.27826
position  2:    T:0.33043    C:0.09565    A:0.40000    G:0.17391
position  3:    T:0.18261    C:0.34783    A:0.20870    G:0.26087
Average         T:0.21449    C:0.22029    A:0.32754    G:0.23768

#8: Solanum        
position  1:    T:0.13043    C:0.21739    A:0.28696    G:0.36522
position  2:    T:0.32174    C:0.09565    A:0.44348    G:0.13913
position  3:    T:0.37391    C:0.13043    A:0.23478    G:0.26087
Average         T:0.27536    C:0.14783    A:0.32174    G:0.25507

#9: Coffea         
position  1:    T:0.14783    C:0.22609    A:0.26957    G:0.35652
position  2:    T:0.29565    C:0.09565    A:0.44348    G:0.16522
position  3:    T:0.34783    C:0.15652    A:0.19130    G:0.30435
Average         T:0.26377    C:0.15942    A:0.30145    G:0.27536

#10: Beta           
position  1:    T:0.13913    C:0.20870    A:0.30435    G:0.34783
position  2:    T:0.28696    C:0.12174    A:0.46087    G:0.13043
position  3:    T:0.33913    C:0.14783    A:0.26087    G:0.25217
Average         T:0.25507    C:0.15942    A:0.34203    G:0.24348

#11: Citrus         
position  1:    T:0.13913    C:0.21739    A:0.31304    G:0.33043
position  2:    T:0.29565    C:0.10435    A:0.42609    G:0.17391
position  3:    T:0.23478    C:0.19130    A:0.25217    G:0.32174
Average         T:0.22319    C:0.17101    A:0.33043    G:0.27536

#12: Prunus         
position  1:    T:0.13043    C:0.19130    A:0.32174    G:0.35652
position  2:    T:0.28696    C:0.10435    A:0.45217    G:0.15652
position  3:    T:0.33913    C:0.14783    A:0.20000    G:0.31304
Average         T:0.25217    C:0.14783    A:0.32464    G:0.27536

#13: Cucumis        
position  1:    T:0.19130    C:0.14783    A:0.28696    G:0.37391
position  2:    T:0.31304    C:0.06957    A:0.44348    G:0.17391
position  3:    T:0.31304    C:0.19130    A:0.17391    G:0.32174
Average         T:0.27246    C:0.13623    A:0.30145    G:0.28986

#14: Glycine        
position  1:    T:0.13043    C:0.18261    A:0.30435    G:0.38261
position  2:    T:0.31304    C:0.06087    A:0.41739    G:0.20870
position  3:    T:0.33043    C:0.13913    A:0.21739    G:0.31304
Average         T:0.25797    C:0.12754    A:0.31304    G:0.30145

#15: Populus        
position  1:    T:0.09565    C:0.24348    A:0.32174    G:0.33913
position  2:    T:0.30435    C:0.08696    A:0.44348    G:0.16522
position  3:    T:0.31304    C:0.21739    A:0.21739    G:0.25217
Average         T:0.23768    C:0.18261    A:0.32754    G:0.25217

#16: Vitis          
position  1:    T:0.13913    C:0.21739    A:0.31304    G:0.33043
position  2:    T:0.30435    C:0.06957    A:0.45217    G:0.17391
position  3:    T:0.28696    C:0.20000    A:0.21739    G:0.29565
Average         T:0.24348    C:0.16232    A:0.32754    G:0.26667

#17: Zea            
position  1:    T:0.11304    C:0.26087    A:0.26087    G:0.36522
position  2:    T:0.32174    C:0.15652    A:0.33913    G:0.18261
position  3:    T:0.09565    C:0.40000    A:0.09565    G:0.40870
Average         T:0.17681    C:0.27246    A:0.23188    G:0.31884

#18: Lmirabile      
position  1:    T:0.12174    C:0.20870    A:0.32174    G:0.34783
position  2:    T:0.30435    C:0.12174    A:0.44348    G:0.13043
position  3:    T:0.26957    C:0.15652    A:0.30435    G:0.26957
Average         T:0.23188    C:0.16232    A:0.35652    G:0.24928

#19: Ombrophytum    
position  1:    T:0.15652    C:0.23478    A:0.27826    G:0.33043
position  2:    T:0.31304    C:0.13043    A:0.40870    G:0.14783
position  3:    T:0.29565    C:0.13043    A:0.29565    G:0.27826
Average         T:0.25507    C:0.16522    A:0.32754    G:0.25217

#20: Lpyramidale    
position  1:    T:0.13913    C:0.20000    A:0.31304    G:0.34783
position  2:    T:0.28696    C:0.14783    A:0.42609    G:0.13913
position  3:    T:0.29565    C:0.12174    A:0.31304    G:0.26957
Average         T:0.24058    C:0.15652    A:0.35072    G:0.25217

Sums of codon usage counts
------------------------------------------------------------------------------
Phe F TTT      34 | Ser S TCT       5 | Tyr Y TAT      68 | Cys C TGT       1
      TTC      15 |       TCC       7 |       TAC      40 |       TGC       2
Leu L TTA      24 |       TCA      16 | *** * TAA       0 | *** * TGA       0
      TTG      79 |       TCG       5 |       TAG       0 | Trp W TGG      20
------------------------------------------------------------------------------
Leu L CTT      68 | Pro P CCT      18 | His H CAT      51 | Arg R CGT      15
      CTC      23 |       CCC      19 |       CAC      35 |       CGC      15
      CTA      38 |       CCA       5 | Gln Q CAA      51 |       CGA      27
      CTG      70 |       CCG       3 |       CAG      41 |       CGG      12
------------------------------------------------------------------------------
Ile I ATT      28 | Thr T ACT      31 | Asn N AAT      48 | Ser S AGT      11
      ATC      25 |       ACC      13 |       AAC      59 |       AGC      10
      ATA      16 |       ACA      38 | Lys K AAA      70 | Arg R AGA      59
Met M ATG     110 |       ACG      16 |       AAG     139 |       AGG      25
------------------------------------------------------------------------------
Val V GTT      76 | Ala A GCT      30 | Asp D GAT     128 | Gly G GGT      56
      GTC      28 |       GCC       8 |       GAC      92 |       GGC      42
      GTA      33 |       GCA      14 | Glu E GAA      96 |       GGA      40
      GTG      37 |       GCG       6 |       GAG      74 |       GGG      35
------------------------------------------------------------------------------


Codon position x base (3x4) table, overall

position  1:    T:0.13739    C:0.21348    A:0.30348    G:0.34565
position  2:    T:0.30609    C:0.10174    A:0.43130    G:0.16087
position  3:    T:0.29043    C:0.18826    A:0.22913    G:0.29217
Average         T:0.24464    C:0.16783    A:0.32130    G:0.26623

Codon frequencies under model, for use in evolver (TTT TTC TTA TTG ... GGG):
  0.01266939  0.00821234  0.00999516  0.01274525
  0.00421113  0.00272967  0.00332225  0.00423635
  0.01785232  0.01157194  0.00000000  0.00000000
  0.00665863  0.00431615  0.00000000  0.00669850
  0.01968566  0.01276032  0.01553045  0.01980354
  0.00654325  0.00424136  0.00516211  0.00658243
  0.02773889  0.01798045  0.02188382  0.02790499
  0.01034616  0.00670642  0.00816231  0.01040811
  0.02798491  0.01813992  0.02207792  0.02815249
  0.00930180  0.00602946  0.00733840  0.00935750
  0.03943328  0.02556080  0.03110979  0.03966941
  0.01470798  0.00953376  0.01160345  0.01479605
  0.03187393  0.02066080  0.02514605  0.03206479
  0.01059446  0.00686737  0.00835820  0.01065790
  0.04491327  0.02911294  0.03543307  0.04518221
  0.01675192  0.01085866  0.01321596  0.01685224


TREE #  1:  ((((((8, 9), 10), (3, ((1, 2), ((19, (18, 20)), 4)))), (((7, 11), (((12, 13), (14, 5)), 15)), 16)), 6), 17);   MP score: 907
This is a rooted tree.  Please check!
check convergence..
lnL(ntime: 38  np: 76):  -4323.155996      +0.000000
  21..22   22..23   23..24   24..25   25..26   26..8    26..9    25..10   24..27   27..3    27..28   28..29   29..1    29..2    28..30   30..31   31..19   31..32   32..18   32..20   30..4    23..33   33..34   34..35   35..7    35..11   34..36   36..37   37..38   38..12   38..13   37..39   39..14   39..5    36..15   33..16   22..6    21..17 
 50.000000 0.761519 0.008785 0.138289 0.220486 0.812495 0.250653 1.491628 0.186081 0.306286 0.024075 0.100581 0.753081 0.390856 0.055313 1.152049 0.293588 0.214750 0.256495 0.074714 1.516366 0.040516 0.029135 0.464887 3.686691 0.173244 0.046425 0.118620 0.058653 0.243713 0.632910 0.429167 0.381670 0.377285 0.577512 0.347319 0.074554 0.215950 0.001703 0.011382 362.364565 0.103747 0.155022 0.060322 0.224106 0.063827 0.061659 0.128221 126.175694 0.313941 0.148034 0.600422 134.757973 0.091138 0.151706 0.266885 0.161820 0.309794 0.066703 0.000100 0.866518 0.054035 0.039103 4.600424 0.000100 0.000100 0.000100 0.164359 0.115420 0.020008 0.466865 0.228124 0.192794 0.144646 94.523575 192.586176

Note: Branch length is defined as number of nucleotide substitutions per codon (not per neucleotide site).

tree length = 66.906342

((((((8: 0.812495, 9: 0.250653): 0.220486, 10: 1.491628): 0.138289, (3: 0.306286, ((1: 0.753081, 2: 0.390856): 0.100581, ((19: 0.293588, (18: 0.256495, 20: 0.074714): 0.214750): 1.152049, 4: 1.516366): 0.055313): 0.024075): 0.186081): 0.008785, (((7: 3.686691, 11: 0.173244): 0.464887, (((12: 0.243713, 13: 0.632910): 0.058653, (14: 0.381670, 5: 0.377285): 0.429167): 0.118620, 15: 0.577512): 0.046425): 0.029135, 16: 0.347319): 0.040516): 0.761519, 6: 0.074554): 50.000000, 17: 0.215950);

((((((Solanum: 0.812495, Coffea: 0.250653): 0.220486, Beta: 1.491628): 0.138289, (Malania: 0.306286, ((Dendropemon: 0.753081, Daenikera: 0.390856): 0.100581, ((Ombrophytum: 0.293588, (Lmirabile: 0.256495, Lpyramidale: 0.074714): 0.214750): 1.152049, Balanophora: 1.516366): 0.055313): 0.024075): 0.186081): 0.008785, (((Arabidopsis: 3.686691, Citrus: 0.173244): 0.464887, (((Prunus: 0.243713, Cucumis: 0.632910): 0.058653, (Glycine: 0.381670, Anadenanthera: 0.377285): 0.429167): 0.118620, Populus: 0.577512): 0.046425): 0.029135, Vitis: 0.347319): 0.040516): 0.761519, Nelumbo: 0.074554): 50.000000, Zea: 0.215950);

Detailed output identifying parameters

w (dN/dS) for branches:  0.00170 0.01138 362.36457 0.10375 0.15502 0.06032 0.22411 0.06383 0.06166 0.12822 126.17569 0.31394 0.14803 0.60042 134.75797 0.09114 0.15171 0.26689 0.16182 0.30979 0.06670 0.00010 0.86652 0.05403 0.03910 4.60042 0.00010 0.00010 0.00010 0.16436 0.11542 0.02001 0.46687 0.22812 0.19279 0.14465 94.52358 192.58618

dN & dS for each branch

 branch          t       N       S   dN/dS      dN      dS  N*dN  S*dS

  21..22    50.000   258.8    86.2  0.0017  0.1131 66.4025  29.3 5720.7
  22..23     0.762   258.8    86.2  0.0114  0.0112  0.9829   2.9  84.7
  23..24     0.009   258.8    86.2 362.3646  0.0039  0.0000   1.0   0.0
  24..25     0.138   258.8    86.2  0.1037  0.0146  0.1407   3.8  12.1
  25..26     0.220   258.8    86.2  0.1550  0.0311  0.2008   8.1  17.3
  26..8      0.812   258.8    86.2  0.0603  0.0554  0.9182  14.3  79.1
  26..9      0.251   258.8    86.2  0.2241  0.0448  0.1999  11.6  17.2
  25..10     1.492   258.8    86.2  0.0638  0.1066  1.6707  27.6 143.9
  24..27     0.186   258.8    86.2  0.0617  0.0129  0.2096   3.3  18.1
  27..3      0.306   258.8    86.2  0.1282  0.0378  0.2951   9.8  25.4
  27..28     0.024   258.8    86.2 126.1757  0.0107  0.0001   2.8   0.0
  28..29     0.101   258.8    86.2  0.3139  0.0217  0.0691   5.6   6.0
  29..1      0.753   258.8    86.2  0.1480  0.1030  0.6958  26.7  59.9
  29..2      0.391   258.8    86.2  0.6004  0.1117  0.1861  28.9  16.0
  28..30     0.055   258.8    86.2 134.7580  0.0245  0.0002   6.3   0.0
  30..31     1.152   258.8    86.2  0.0911  0.1100  1.2072  28.5 104.0
  31..19     0.294   258.8    86.2  0.1517  0.0408  0.2692  10.6  23.2
  31..32     0.215   258.8    86.2  0.2669  0.0425  0.1591  11.0  13.7
  32..18     0.256   258.8    86.2  0.1618  0.0373  0.2304   9.6  19.8
  32..20     0.075   258.8    86.2  0.3098  0.0160  0.0517   4.1   4.5
  30..4      1.516   258.8    86.2  0.0667  0.1125  1.6862  29.1 145.3
  23..33     0.041   258.8    86.2  0.0001  0.0000  0.0541   0.0   4.7
  33..34     0.029   258.8    86.2  0.8665  0.0094  0.0108   2.4   0.9
  34..35     0.465   258.8    86.2  0.0540  0.0288  0.5339   7.5  46.0
  35..7      3.687   258.8    86.2  0.0391  0.1722  4.4038  44.6 379.4
  35..11     0.173   258.8    86.2  4.6004  0.0718  0.0156  18.6   1.3
  34..36     0.046   258.8    86.2  0.0001  0.0000  0.0620   0.0   5.3
  36..37     0.119   258.8    86.2  0.0001  0.0000  0.1583   0.0  13.6
  37..38     0.059   258.8    86.2  0.0001  0.0000  0.0783   0.0   6.7
  38..12     0.244   258.8    86.2  0.1644  0.0358  0.2178   9.3  18.8
  38..13     0.633   258.8    86.2  0.1154  0.0724  0.6273  18.7  54.0
  37..39     0.429   258.8    86.2  0.0200  0.0108  0.5404   2.8  46.6
  39..14     0.382   258.8    86.2  0.4669  0.0990  0.2120  25.6  18.3
  39..5      0.377   258.8    86.2  0.2281  0.0682  0.2988  17.6  25.7
  36..15     0.578   258.8    86.2  0.1928  0.0941  0.4881  24.4  42.1
  33..16     0.347   258.8    86.2  0.1446  0.0467  0.3232  12.1  27.8
  22..6      0.075   258.8    86.2 94.5236  0.0330  0.0003   8.5   0.0
  21..17     0.216   258.8    86.2 192.5862  0.0958  0.0005  24.8   0.0

tree length for dN:       1.9002
tree length for dS:      83.6005

dS tree:
((((((Solanum: 0.918150, Coffea: 0.199950): 0.200792, Beta: 1.670700): 0.140728, (Malania: 0.295142, ((Dendropemon: 0.695781, Daenikera: 0.186068): 0.069091, ((Ombrophytum: 0.269195, (Lmirabile: 0.230374, Lpyramidale: 0.051654): 0.159090): 1.207233, Balanophora: 1.686183): 0.000182): 0.000085): 0.209566): 0.000011, (((Arabidopsis: 4.403780, Citrus: 0.015602): 0.533878, (((Prunus: 0.217777, Cucumis: 0.627300): 0.078269, (Glycine: 0.212040, Anadenanthera: 0.298811): 0.540386): 0.158292, Populus: 0.488134): 0.061952): 0.010792, Vitis: 0.323169): 0.054067): 0.982898, Nelumbo: 0.000349): 66.402497, Zea: 0.000497);
dN tree:
((((((Solanum: 0.055385, Coffea: 0.044810): 0.031127, Beta: 0.106636): 0.014600, (Malania: 0.037844, ((Dendropemon: 0.102999, Daenikera: 0.111719): 0.021690, ((Ombrophytum: 0.040838, (Lmirabile: 0.037279, Lpyramidale: 0.016002): 0.042459): 0.110025, Balanophora: 0.112474): 0.024514): 0.010668): 0.012922): 0.003899, (((Arabidopsis: 0.172201, Citrus: 0.071775): 0.028848, (((Prunus: 0.035793, Cucumis: 0.072403): 0.000008, (Glycine: 0.098994, Anadenanthera: 0.068166): 0.010812): 0.000016, Populus: 0.094109): 0.000006): 0.009352, Vitis: 0.046745): 0.000005): 0.011187, Nelumbo: 0.033006): 0.113091, Zea: 0.095776);

w ratios as labels for TreeView:
((((((Solanum #0.060322 , Coffea #0.224106 ) #0.155022 , Beta #0.0638272 ) #0.103747 , (Malania #0.128221 , ((Dendropemon #0.148034 , Daenikera #0.600422 ) #0.313941 , ((Ombrophytum #0.151706 , (Lmirabile #0.16182 , Lpyramidale #0.309794 ) #0.266885 ) #0.0911383 , Balanophora #0.0667033 ) #134.758 ) #126.176 ) #0.0616594 ) #362.365 , (((Arabidopsis #0.039103 , Citrus #4.60042 ) #0.0540346 , (((Prunus #0.164359 , Cucumis #0.11542 ) #0.0001 , (Glycine #0.466865 , Anadenanthera #0.228124 ) #0.0200083 ) #0.0001 , Populus #0.192794 ) #0.0001 ) #0.866518 , Vitis #0.144646 ) #0.0001 ) #0.0113819 , Nelumbo #94.5236 ) #0.00170311 , Zea #192.586 );


Time used: 25:56
